Archive member included to satisfy reference by file (symbol)

c:/st/stm32cubeide_1.8.0/stm32cubeide/plugins/com.st.stm32cube.ide.mcu.externaltools.gnu-tools-for-stm32.9-2020-q2-update.win32_2.0.0.202105311346/tools/bin/../lib/gcc/arm-none-eabi/9.3.1/../../../../arm-none-eabi/lib/thumb/v7-m/nofp\libc_nano.a(lib_a-errno.o)
                              ./Core/Src/syscalls.o (__errno)
c:/st/stm32cubeide_1.8.0/stm32cubeide/plugins/com.st.stm32cube.ide.mcu.externaltools.gnu-tools-for-stm32.9-2020-q2-update.win32_2.0.0.202105311346/tools/bin/../lib/gcc/arm-none-eabi/9.3.1/../../../../arm-none-eabi/lib/thumb/v7-m/nofp\libc_nano.a(lib_a-exit.o)
                              c:/st/stm32cubeide_1.8.0/stm32cubeide/plugins/com.st.stm32cube.ide.mcu.externaltools.gnu-tools-for-stm32.9-2020-q2-update.win32_2.0.0.202105311346/tools/bin/../lib/gcc/arm-none-eabi/9.3.1/../../../../arm-none-eabi/lib/thumb/v7-m/nofp/crt0.o (exit)
c:/st/stm32cubeide_1.8.0/stm32cubeide/plugins/com.st.stm32cube.ide.mcu.externaltools.gnu-tools-for-stm32.9-2020-q2-update.win32_2.0.0.202105311346/tools/bin/../lib/gcc/arm-none-eabi/9.3.1/../../../../arm-none-eabi/lib/thumb/v7-m/nofp\libc_nano.a(lib_a-impure.o)
                              c:/st/stm32cubeide_1.8.0/stm32cubeide/plugins/com.st.stm32cube.ide.mcu.externaltools.gnu-tools-for-stm32.9-2020-q2-update.win32_2.0.0.202105311346/tools/bin/../lib/gcc/arm-none-eabi/9.3.1/../../../../arm-none-eabi/lib/thumb/v7-m/nofp\libc_nano.a(lib_a-exit.o) (_global_impure_ptr)
c:/st/stm32cubeide_1.8.0/stm32cubeide/plugins/com.st.stm32cube.ide.mcu.externaltools.gnu-tools-for-stm32.9-2020-q2-update.win32_2.0.0.202105311346/tools/bin/../lib/gcc/arm-none-eabi/9.3.1/../../../../arm-none-eabi/lib/thumb/v7-m/nofp\libc_nano.a(lib_a-init.o)
                              c:/st/stm32cubeide_1.8.0/stm32cubeide/plugins/com.st.stm32cube.ide.mcu.externaltools.gnu-tools-for-stm32.9-2020-q2-update.win32_2.0.0.202105311346/tools/bin/../lib/gcc/arm-none-eabi/9.3.1/../../../../arm-none-eabi/lib/thumb/v7-m/nofp/crt0.o (__libc_init_array)
c:/st/stm32cubeide_1.8.0/stm32cubeide/plugins/com.st.stm32cube.ide.mcu.externaltools.gnu-tools-for-stm32.9-2020-q2-update.win32_2.0.0.202105311346/tools/bin/../lib/gcc/arm-none-eabi/9.3.1/../../../../arm-none-eabi/lib/thumb/v7-m/nofp\libc_nano.a(lib_a-malloc.o)
                              ./Middlewares/Third_Party/FreeRTOS/Source/portable/MemMang/heap_3.o (malloc)
c:/st/stm32cubeide_1.8.0/stm32cubeide/plugins/com.st.stm32cube.ide.mcu.externaltools.gnu-tools-for-stm32.9-2020-q2-update.win32_2.0.0.202105311346/tools/bin/../lib/gcc/arm-none-eabi/9.3.1/../../../../arm-none-eabi/lib/thumb/v7-m/nofp\libc_nano.a(lib_a-memcpy-stub.o)
                              ./Core/Src/main.o (memcpy)
c:/st/stm32cubeide_1.8.0/stm32cubeide/plugins/com.st.stm32cube.ide.mcu.externaltools.gnu-tools-for-stm32.9-2020-q2-update.win32_2.0.0.202105311346/tools/bin/../lib/gcc/arm-none-eabi/9.3.1/../../../../arm-none-eabi/lib/thumb/v7-m/nofp\libc_nano.a(lib_a-memset.o)
                              c:/st/stm32cubeide_1.8.0/stm32cubeide/plugins/com.st.stm32cube.ide.mcu.externaltools.gnu-tools-for-stm32.9-2020-q2-update.win32_2.0.0.202105311346/tools/bin/../lib/gcc/arm-none-eabi/9.3.1/../../../../arm-none-eabi/lib/thumb/v7-m/nofp/crt0.o (memset)
c:/st/stm32cubeide_1.8.0/stm32cubeide/plugins/com.st.stm32cube.ide.mcu.externaltools.gnu-tools-for-stm32.9-2020-q2-update.win32_2.0.0.202105311346/tools/bin/../lib/gcc/arm-none-eabi/9.3.1/../../../../arm-none-eabi/lib/thumb/v7-m/nofp\libc_nano.a(lib_a-nano-freer.o)
                              c:/st/stm32cubeide_1.8.0/stm32cubeide/plugins/com.st.stm32cube.ide.mcu.externaltools.gnu-tools-for-stm32.9-2020-q2-update.win32_2.0.0.202105311346/tools/bin/../lib/gcc/arm-none-eabi/9.3.1/../../../../arm-none-eabi/lib/thumb/v7-m/nofp\libc_nano.a(lib_a-malloc.o) (_free_r)
c:/st/stm32cubeide_1.8.0/stm32cubeide/plugins/com.st.stm32cube.ide.mcu.externaltools.gnu-tools-for-stm32.9-2020-q2-update.win32_2.0.0.202105311346/tools/bin/../lib/gcc/arm-none-eabi/9.3.1/../../../../arm-none-eabi/lib/thumb/v7-m/nofp\libc_nano.a(lib_a-nano-mallocr.o)
                              c:/st/stm32cubeide_1.8.0/stm32cubeide/plugins/com.st.stm32cube.ide.mcu.externaltools.gnu-tools-for-stm32.9-2020-q2-update.win32_2.0.0.202105311346/tools/bin/../lib/gcc/arm-none-eabi/9.3.1/../../../../arm-none-eabi/lib/thumb/v7-m/nofp\libc_nano.a(lib_a-malloc.o) (_malloc_r)
c:/st/stm32cubeide_1.8.0/stm32cubeide/plugins/com.st.stm32cube.ide.mcu.externaltools.gnu-tools-for-stm32.9-2020-q2-update.win32_2.0.0.202105311346/tools/bin/../lib/gcc/arm-none-eabi/9.3.1/../../../../arm-none-eabi/lib/thumb/v7-m/nofp\libc_nano.a(lib_a-sbrkr.o)
                              c:/st/stm32cubeide_1.8.0/stm32cubeide/plugins/com.st.stm32cube.ide.mcu.externaltools.gnu-tools-for-stm32.9-2020-q2-update.win32_2.0.0.202105311346/tools/bin/../lib/gcc/arm-none-eabi/9.3.1/../../../../arm-none-eabi/lib/thumb/v7-m/nofp\libc_nano.a(lib_a-nano-mallocr.o) (_sbrk_r)
[...]
Memory Configuration

Name             Origin             Length             Attributes
RAM              0x0000000020000000 0x0000000000005000 xrw
FLASH            0x0000000008000000 0x0000000000010000 xr
*default*        0x0000000000000000 0xffffffffffffffff

Linker script and memory map

LOAD c:/st/stm32cubeide_1.8.0/stm32cubeide/plugins/com.st.stm32cube.ide.mcu.externaltools.gnu-tools-for-stm32.9-2020-q2-update.win32_2.0.0.202105311346/tools/bin/../lib/gcc/arm-none-eabi/9.3.1/thumb/v7-m/nofp/crti.o
LOAD c:/st/stm32cubeide_1.8.0/stm32cubeide/plugins/com.st.stm32cube.ide.mcu.externaltools.gnu-tools-for-stm32.9-2020-q2-update.win32_2.0.0.202105311346/tools/bin/../lib/gcc/arm-none-eabi/9.3.1/thumb/v7-m/nofp/crtbegin.o
LOAD c:/st/stm32cubeide_1.8.0/stm32cubeide/plugins/com.st.stm32cube.ide.mcu.externaltools.gnu-tools-for-stm32.9-2020-q2-update.win32_2.0.0.202105311346/tools/bin/../lib/gcc/arm-none-eabi/9.3.1/../../../../arm-none-eabi/lib/thumb/v7-m/nofp/crt0.o
LOAD ./Core/Src/Modbus.o
LOAD ./Core/Src/UARTCallback.o
LOAD ./Core/Src/freertos.o
LOAD ./Core/Src/main.o
LOAD ./Core/Src/stm32f1xx_hal_msp.o
LOAD ./Core/Src/stm32f1xx_hal_timebase_tim.o
LOAD ./Core/Src/stm32f1xx_it.o
LOAD ./Core/Src/syscalls.o
LOAD ./Core/Src/sysmem.o
LOAD ./Core/Src/system_stm32f1xx.o
LOAD ./Core/Startup/startup_stm32f103c8tx.o
LOAD ./Drivers/STM32F1xx_HAL_Driver/Src/stm32f1xx_hal.o
LOAD ./Drivers/STM32F1xx_HAL_Driver/Src/stm32f1xx_hal_cortex.o
LOAD ./Drivers/STM32F1xx_HAL_Driver/Src/stm32f1xx_hal_dma.o
LOAD ./Drivers/STM32F1xx_HAL_Driver/Src/stm32f1xx_hal_exti.o
LOAD ./Drivers/STM32F1xx_HAL_Driver/Src/stm32f1xx_hal_flash.o
LOAD ./Drivers/STM32F1xx_HAL_Driver/Src/stm32f1xx_hal_flash_ex.o
LOAD ./Drivers/STM32F1xx_HAL_Driver/Src/stm32f1xx_hal_gpio.o
LOAD ./Drivers/STM32F1xx_HAL_Driver/Src/stm32f1xx_hal_gpio_ex.o
LOAD ./Drivers/STM32F1xx_HAL_Driver/Src/stm32f1xx_hal_pwr.o
LOAD ./Drivers/STM32F1xx_HAL_Driver/Src/stm32f1xx_hal_rcc.o
LOAD ./Drivers/STM32F1xx_HAL_Driver/Src/stm32f1xx_hal_rcc_ex.o
LOAD ./Drivers/STM32F1xx_HAL_Driver/Src/stm32f1xx_hal_tim.o
LOAD ./Drivers/STM32F1xx_HAL_Driver/Src/stm32f1xx_hal_tim_ex.o
LOAD ./Drivers/STM32F1xx_HAL_Driver/Src/stm32f1xx_hal_uart.o
LOAD ./Middlewares/Third_Party/FreeRTOS/Source/CMSIS_RTOS_V2/cmsis_os2.o
LOAD ./Middlewares/Third_Party/FreeRTOS/Source/croutine.o
LOAD ./Middlewares/Third_Party/FreeRTOS/Source/event_groups.o
LOAD ./Middlewares/Third_Party/FreeRTOS/Source/list.o
LOAD ./Middlewares/Third_Party/FreeRTOS/Source/queue.o
LOAD ./Middlewares/Third_Party/FreeRTOS/Source/stream_buffer.o
LOAD ./Middlewares/Third_Party/FreeRTOS/Source/tasks.o
LOAD ./Middlewares/Third_Party/FreeRTOS/Source/timers.o
LOAD ./Middlewares/Third_Party/FreeRTOS/Source/portable/GCC/ARM_CM3/port.o
LOAD ./Middlewares/Third_Party/FreeRTOS/Source/portable/MemMang/heap_3.o
START GROUP
LOAD c:/st/stm32cubeide_1.8.0/stm32cubeide/plugins/com.st.stm32cube.ide.mcu.externaltools.gnu-tools-for-stm32.9-2020-q2-update.win32_2.0.0.202105311346/tools/bin/../lib/gcc/arm-none-eabi/9.3.1/../../../../arm-none-eabi/lib/thumb/v7-m/nofp\libc_nano.a
LOAD c:/st/stm32cubeide_1.8.0/stm32cubeide/plugins/com.st.stm32cube.ide.mcu.externaltools.gnu-tools-for-stm32.9-2020-q2-update.win32_2.0.0.202105311346/tools/bin/../lib/gcc/arm-none-eabi/9.3.1/../../../../arm-none-eabi/lib/thumb/v7-m/nofp\libm.a
END GROUP
START GROUP
LOAD c:/st/stm32cubeide_1.8.0/stm32cubeide/plugins/com.st.stm32cube.ide.mcu.externaltools.gnu-tools-for-stm32.9-2020-q2-update.win32_2.0.0.202105311346/tools/bin/../lib/gcc/arm-none-eabi/9.3.1/thumb/v7-m/nofp\libgcc.a
LOAD c:/st/stm32cubeide_1.8.0/stm32cubeide/plugins/com.st.stm32cube.ide.mcu.externaltools.gnu-tools-for-stm32.9-2020-q2-update.win32_2.0.0.202105311346/tools/bin/../lib/gcc/arm-none-eabi/9.3.1/../../../../arm-none-eabi/lib/thumb/v7-m/nofp\libc_nano.a
END GROUP
START GROUP
LOAD c:/st/stm32cubeide_1.8.0/stm32cubeide/plugins/com.st.stm32cube.ide.mcu.externaltools.gnu-tools-for-stm32.9-2020-q2-update.win32_2.0.0.202105311346/tools/bin/../lib/gcc/arm-none-eabi/9.3.1/thumb/v7-m/nofp\libgcc.a
LOAD c:/st/stm32cubeide_1.8.0/stm32cubeide/plugins/com.st.stm32cube.ide.mcu.externaltools.gnu-tools-for-stm32.9-2020-q2-update.win32_2.0.0.202105311346/tools/bin/../lib/gcc/arm-none-eabi/9.3.1/../../../../arm-none-eabi/lib/thumb/v7-m/nofp\libc_nano.a
LOAD c:/st/stm32cubeide_1.8.0/stm32cubeide/plugins/com.st.stm32cube.ide.mcu.externaltools.gnu-tools-for-stm32.9-2020-q2-update.win32_2.0.0.202105311346/tools/bin/../lib/gcc/arm-none-eabi/9.3.1/../../../../arm-none-eabi/lib/thumb/v7-m/nofp\libnosys.a
END GROUP
START GROUP
LOAD c:/st/stm32cubeide_1.8.0/stm32cubeide/plugins/com.st.stm32cube.ide.mcu.externaltools.gnu-tools-for-stm32.9-2020-q2-update.win32_2.0.0.202105311346/tools/bin/../lib/gcc/arm-none-eabi/9.3.1/thumb/v7-m/nofp\libgcc.a
LOAD c:/st/stm32cubeide_1.8.0/stm32cubeide/plugins/com.st.stm32cube.ide.mcu.externaltools.gnu-tools-for-stm32.9-2020-q2-update.win32_2.0.0.202105311346/tools/bin/../lib/gcc/arm-none-eabi/9.3.1/../../../../arm-none-eabi/lib/thumb/v7-m/nofp\libc_nano.a
LOAD c:/st/stm32cubeide_1.8.0/stm32cubeide/plugins/com.st.stm32cube.ide.mcu.externaltools.gnu-tools-for-stm32.9-2020-q2-update.win32_2.0.0.202105311346/tools/bin/../lib/gcc/arm-none-eabi/9.3.1/../../../../arm-none-eabi/lib/thumb/v7-m/nofp\libnosys.a
END GROUP
LOAD c:/st/stm32cubeide_1.8.0/stm32cubeide/plugins/com.st.stm32cube.ide.mcu.externaltools.gnu-tools-for-stm32.9-2020-q2-update.win32_2.0.0.202105311346/tools/bin/../lib/gcc/arm-none-eabi/9.3.1/thumb/v7-m/nofp/crtend.o
LOAD c:/st/stm32cubeide_1.8.0/stm32cubeide/plugins/com.st.stm32cube.ide.mcu.externaltools.gnu-tools-for-stm32.9-2020-q2-update.win32_2.0.0.202105311346/tools/bin/../lib/gcc/arm-none-eabi/9.3.1/thumb/v7-m/nofp/crtn.o
                0x0000000020005000                _estack = (ORIGIN (RAM) + LENGTH (RAM))
                0x0000000000000200                _Min_Heap_Size = 0x200
                0x0000000000000400                _Min_Stack_Size = 0x400

.isr_vector     0x0000000008000000      0x10c
                0x0000000008000000                . = ALIGN (0x4)
 *(.isr_vector)
 .isr_vector    0x0000000008000000      0x10c ./Core/Startup/startup_stm32f103c8tx.o
                0x0000000008000000                g_pfnVectors
                0x000000000800010c                . = ALIGN (0x4)

.text           0x0000000008000110     0xa184
                0x0000000008000110                . = ALIGN (0x4)
 *(.text)
 .text          0x0000000008000110       0x40 c:/st/stm32cubeide_1.8.0/stm32cubeide/plugins/com.st.stm32cube.ide.mcu.externaltools.gnu-tools-for-stm32.9-2020-q2-update.win32_2.0.0.202105311346/tools/bin/../lib/gcc/arm-none-eabi/9.3.1/thumb/v7-m/nofp/crtbegin.o
 .text          0x0000000008000150      0x378 c:/st/stm32cubeide_1.8.0/stm32cubeide/plugins/com.st.stm32cube.ide.mcu.externaltools.gnu-tools-for-stm32.9-2020-q2-update.win32_2.0.0.202105311346/tools/bin/../lib/gcc/arm-none-eabi/9.3.1/thumb/v7-m/nofp\libgcc.a(_arm_addsubdf3.o)
                0x0000000008000150                __aeabi_drsub
                0x0000000008000158                __aeabi_dsub
                0x0000000008000158                __subdf3
                0x000000000800015c                __aeabi_dadd
                0x000000000800015c                __adddf3
                0x00000000080003d4                __floatunsidf
                0x00000000080003d4                __aeabi_ui2d
                0x00000000080003f4                __floatsidf
                0x00000000080003f4                __aeabi_i2d
                0x0000000008000418                __aeabi_f2d
                0x0000000008000418                __extendsfdf2
                0x000000000800045c                __floatundidf
                0x000000000800045c                __aeabi_ul2d
                0x000000000800046c                __floatdidf
                0x000000000800046c                __aeabi_l2d
 .text          0x00000000080004c8      0x424 c:/st/stm32cubeide_1.8.0/stm32cubeide/plugins/com.st.stm32cube.ide.mcu.externaltools.gnu-tools-for-stm32.9-2020-q2-update.win32_2.0.0.202105311346/tools/bin/../lib/gcc/arm-none-eabi/9.3.1/thumb/v7-m/nofp\libgcc.a(_arm_muldivdf3.o)
                0x00000000080004c8                __aeabi_dmul
                0x00000000080004c8                __muldf3
                0x000000000800071c                __divdf3
                0x000000000800071c                __aeabi_ddiv
 .text          0x00000000080008ec      0x110 c:/st/stm32cubeide_1.8.0/stm32cubeide/plugins/com.st.stm32cube.ide.mcu.externaltools.gnu-tools-for-stm32.9-2020-q2-update.win32_2.0.0.202105311346/tools/bin/../lib/gcc/arm-none-eabi/9.3.1/thumb/v7-m/nofp\libgcc.a(_arm_cmpdf2.o)
                0x00000000080008ec                __gtdf2
                0x00000000080008ec                __gedf2
                0x00000000080008f4                __ltdf2
                0x00000000080008f4                __ledf2
                0x00000000080008fc                __nedf2
                0x00000000080008fc                __eqdf2
                0x00000000080008fc                __cmpdf2
                0x0000000008000978                __aeabi_cdrcmple
                0x0000000008000988                __aeabi_cdcmpeq
                0x0000000008000988                __aeabi_cdcmple
                0x0000000008000998                __aeabi_dcmpeq
                0x00000000080009ac                __aeabi_dcmplt
                0x00000000080009c0                __aeabi_dcmple
                0x00000000080009d4                __aeabi_dcmpge
                0x00000000080009e8                __aeabi_dcmpgt
 .text          0x00000000080009fc       0x40 c:/st/stm32cubeide_1.8.0/stm32cubeide/plugins/com.st.stm32cube.ide.mcu.externaltools.gnu-tools-for-stm32.9-2020-q2-update.win32_2.0.0.202105311346/tools/bin/../lib/gcc/arm-none-eabi/9.3.1/thumb/v7-m/nofp\libgcc.a(_arm_fixunsdfsi.o)
                0x00000000080009fc                __aeabi_d2uiz
                0x00000000080009fc                __fixunsdfsi
 .text          0x0000000008000a3c       0xa0 c:/st/stm32cubeide_1.8.0/stm32cubeide/plugins/com.st.stm32cube.ide.mcu.externaltools.gnu-tools-for-stm32.9-2020-q2-update.win32_2.0.0.202105311346/tools/bin/../lib/gcc/arm-none-eabi/9.3.1/thumb/v7-m/nofp\libgcc.a(_arm_truncdfsf2.o)
                0x0000000008000a3c                __truncdfsf2
                0x0000000008000a3c                __aeabi_d2f
 .text          0x0000000008000adc      0x21c c:/st/stm32cubeide_1.8.0/stm32cubeide/plugins/com.st.stm32cube.ide.mcu.externaltools.gnu-tools-for-stm32.9-2020-q2-update.win32_2.0.0.202105311346/tools/bin/../lib/gcc/arm-none-eabi/9.3.1/thumb/v7-m/nofp\libgcc.a(_arm_addsubsf3.o)
                0x0000000008000adc                __aeabi_frsub
                0x0000000008000ae4                __subsf3
                0x0000000008000ae4                __aeabi_fsub
                0x0000000008000ae8                __aeabi_fadd
                0x0000000008000ae8                __addsf3
                0x0000000008000c48                __aeabi_ui2f
                0x0000000008000c48                __floatunsisf
                0x0000000008000c50                __aeabi_i2f
                0x0000000008000c50                __floatsisf
                0x0000000008000c6c                __aeabi_ul2f
                0x0000000008000c6c                __floatundisf
                0x0000000008000c7c                __aeabi_l2f
                0x0000000008000c7c                __floatdisf
 .text          0x0000000008000cf8      0x2a0 c:/st/stm32cubeide_1.8.0/stm32cubeide/plugins/com.st.stm32cube.ide.mcu.externaltools.gnu-tools-for-stm32.9-2020-q2-update.win32_2.0.0.202105311346/tools/bin/../lib/gcc/arm-none-eabi/9.3.1/thumb/v7-m/nofp\libgcc.a(_arm_muldivsf3.o)
                0x0000000008000cf8                __mulsf3
                0x0000000008000cf8                __aeabi_fmul
                0x0000000008000e60                __aeabi_fdiv
                0x0000000008000e60                __divsf3
 *(.text*)
 .text.RingAdd  0x0000000008000f98       0x8c ./Core/Src/Modbus.o
                0x0000000008000f98                RingAdd
 .text.RingGetAllBytes
                0x0000000008001024       0x24 ./Core/Src/Modbus.o
                0x0000000008001024                RingGetAllBytes
 .text.RingGetNBytes
                0x0000000008001048       0xa8 ./Core/Src/Modbus.o
                0x0000000008001048                RingGetNBytes
 .text.RingClear
                0x00000000080010f0       0x32 ./Core/Src/Modbus.o
                0x00000000080010f0                RingClear
 *fill*         0x0000000008001122        0x2 
 .text.ModbusInit
                0x0000000008001124      0x144 ./Core/Src/Modbus.o
                0x0000000008001124                ModbusInit
 .text.ModbusStart
                0x0000000008001268      0x108 ./Core/Src/Modbus.o
                0x0000000008001268                ModbusStart
 .text.vTimerCallbackT35
                0x0000000008001370       0x84 ./Core/Src/Modbus.o
 .text.vTimerCallbackTimeout
                0x00000000080013f4       0x5c ./Core/Src/Modbus.o
 .text.StartTaskModbusSlave
                0x0000000008001450      0x19c ./Core/Src/Modbus.o
                0x0000000008001450                StartTaskModbusSlave
 .text.SendQuery
                0x00000000080015ec      0x2d8 ./Core/Src/Modbus.o
 .text.StartTaskModbusMaster
                0x00000000080018c4      0x1ac ./Core/Src/Modbus.o
                0x00000000080018c4                StartTaskModbusMaster
 .text.get_FC1  0x0000000008001a70       0xae ./Core/Src/Modbus.o
 .text.get_FC3  0x0000000008001b1e       0x5c ./Core/Src/Modbus.o
 *fill*         0x0000000008001b7a        0x2 
 .text.validateAnswer
                0x0000000008001b7c       0xdc ./Core/Src/Modbus.o
 .text.getRxBuffer
                0x0000000008001c58       0x92 ./Core/Src/Modbus.o
 *fill*         0x0000000008001cea        0x2 
 .text.validateRequest
                0x0000000008001cec      0x294 ./Core/Src/Modbus.o
 .text.word     0x0000000008001f80       0x24 ./Core/Src/Modbus.o
 .text.calcCRC  0x0000000008001fa4       0x8c ./Core/Src/Modbus.o
                0x0000000008001fa4                calcCRC
 .text.buildException
                0x0000000008002030       0x3c ./Core/Src/Modbus.o
 .text.sendTxBuffer
                0x000000000800206c      0x120 ./Core/Src/Modbus.o
 .text.process_FC1
                0x000000000800218c      0x16a ./Core/Src/Modbus.o
 .text.process_FC3
                0x00000000080022f6       0xd6 ./Core/Src/Modbus.o
 .text.process_FC5
                0x00000000080023cc       0xb2 ./Core/Src/Modbus.o
 .text.process_FC6
                0x000000000800247e       0x64 ./Core/Src/Modbus.o
 .text.process_FC15
                0x00000000080024e2      0x11c ./Core/Src/Modbus.o
 .text.process_FC16
                0x00000000080025fe       0xac ./Core/Src/Modbus.o
 *fill*         0x00000000080026aa        0x2 
 .text.HAL_UART_TxCpltCallback
                0x00000000080026ac       0x7c ./Core/Src/UARTCallback.o
                0x00000000080026ac                HAL_UART_TxCpltCallback
 .text.HAL_UART_RxCpltCallback
                0x0000000008002728       0xd4 ./Core/Src/UARTCallback.o
                0x0000000008002728                HAL_UART_RxCpltCallback
 *fill*         0x00000000080027fc        0x4 
 .text.contol_step
                0x0000000008002800      0x12c ./Core/Src/main.o
                0x0000000008002800                contol_step
 .text.contol_initialize
                0x000000000800292c        0xc ./Core/Src/main.o
                0x000000000800292c                contol_initialize
 .text.funcion_linealizadora
                0x0000000008002938      0x1d8 ./Core/Src/main.o
                0x0000000008002938                funcion_linealizadora
 .text.HAL_GPIO_EXTI_Callback
                0x0000000008002b10      0x268 ./Core/Src/main.o
                0x0000000008002b10                HAL_GPIO_EXTI_Callback
 .text.Sentido  0x0000000008002d78       0x70 ./Core/Src/main.o
                0x0000000008002d78                Sentido
 .text.main     0x0000000008002de8      0x114 ./Core/Src/main.o
                0x0000000008002de8                main
 .text.SystemClock_Config
                0x0000000008002efc       0x8a ./Core/Src/main.o
                0x0000000008002efc                SystemClock_Config
 *fill*         0x0000000008002f86        0x2 
 .text.MX_TIM1_Init
                0x0000000008002f88      0x188 ./Core/Src/main.o
 .text.MX_TIM2_Init
                0x0000000008003110       0x9c ./Core/Src/main.o
 .text.MX_USART3_UART_Init
                0x00000000080031ac       0x54 ./Core/Src/main.o
 .text.MX_GPIO_Init
                0x0000000008003200      0x168 ./Core/Src/main.o
 .text.StartModbus
                0x0000000008003368       0x54 ./Core/Src/main.o
                0x0000000008003368                StartModbus
 .text.StartADC
                0x00000000080033bc       0x12 ./Core/Src/main.o
                0x00000000080033bc                StartADC
 *fill*         0x00000000080033ce        0x2 
 .text.StartEncoders
                0x00000000080033d0       0xc8 ./Core/Src/main.o
                0x00000000080033d0                StartEncoders
 .text.StartControl
                0x0000000008003498      0x150 ./Core/Src/main.o
                0x0000000008003498                StartControl
 .text.HAL_TIM_PeriodElapsedCallback
                0x00000000080035e8       0x48 ./Core/Src/main.o
                0x00000000080035e8                HAL_TIM_PeriodElapsedCallback
 .text.Error_Handler
                0x0000000008003630        0xa ./Core/Src/main.o
                0x0000000008003630                Error_Handler
 *fill*         0x000000000800363a        0x2 
 .text.HAL_MspInit
                0x000000000800363c       0x70 ./Core/Src/stm32f1xx_hal_msp.o
                0x000000000800363c                HAL_MspInit
 .text.HAL_TIM_Base_MspInit
                0x00000000080036ac       0x70 ./Core/Src/stm32f1xx_hal_msp.o
                0x00000000080036ac                HAL_TIM_Base_MspInit
 .text.HAL_TIM_MspPostInit
                0x000000000800371c       0x68 ./Core/Src/stm32f1xx_hal_msp.o
                0x000000000800371c                HAL_TIM_MspPostInit
 .text.HAL_UART_MspInit
                0x0000000008003784       0xa8 ./Core/Src/stm32f1xx_hal_msp.o
                0x0000000008003784                HAL_UART_MspInit
 .text.HAL_InitTick
                0x000000000800382c       0xb0 ./Core/Src/stm32f1xx_hal_timebase_tim.o
                0x000000000800382c                HAL_InitTick
 .text.NMI_Handler
                0x00000000080038dc        0x6 ./Core/Src/stm32f1xx_it.o
                0x00000000080038dc                NMI_Handler
 .text.HardFault_Handler
                0x00000000080038e2        0x6 ./Core/Src/stm32f1xx_it.o
                0x00000000080038e2                HardFault_Handler
 .text.MemManage_Handler
                0x00000000080038e8        0x6 ./Core/Src/stm32f1xx_it.o
                0x00000000080038e8                MemManage_Handler
 .text.BusFault_Handler
                0x00000000080038ee        0x6 ./Core/Src/stm32f1xx_it.o
                0x00000000080038ee                BusFault_Handler
 .text.UsageFault_Handler
                0x00000000080038f4        0x6 ./Core/Src/stm32f1xx_it.o
                0x00000000080038f4                UsageFault_Handler
 .text.DebugMon_Handler
                0x00000000080038fa        0xc ./Core/Src/stm32f1xx_it.o
                0x00000000080038fa                DebugMon_Handler
 .text.EXTI1_IRQHandler
                0x0000000008003906        0xe ./Core/Src/stm32f1xx_it.o
                0x0000000008003906                EXTI1_IRQHandler
 .text.EXTI2_IRQHandler
                0x0000000008003914        0xe ./Core/Src/stm32f1xx_it.o
                0x0000000008003914                EXTI2_IRQHandler
 .text.EXTI3_IRQHandler
                0x0000000008003922        0xe ./Core/Src/stm32f1xx_it.o
                0x0000000008003922                EXTI3_IRQHandler
 .text.EXTI4_IRQHandler
                0x0000000008003930        0xe ./Core/Src/stm32f1xx_it.o
                0x0000000008003930                EXTI4_IRQHandler
 *fill*         0x000000000800393e        0x2 
 .text.TIM2_IRQHandler
                0x0000000008003940       0x14 ./Core/Src/stm32f1xx_it.o
                0x0000000008003940                TIM2_IRQHandler
 .text.TIM4_IRQHandler
                0x0000000008003954       0x14 ./Core/Src/stm32f1xx_it.o
                0x0000000008003954                TIM4_IRQHandler
 .text.USART3_IRQHandler
                0x0000000008003968       0x14 ./Core/Src/stm32f1xx_it.o
                0x0000000008003968                USART3_IRQHandler
 .text._sbrk    0x000000000800397c       0x6c ./Core/Src/sysmem.o
                0x000000000800397c                _sbrk
 .text.SystemInit
                0x00000000080039e8        0xc ./Core/Src/system_stm32f1xx.o
                0x00000000080039e8                SystemInit
 .text.Reset_Handler
                0x00000000080039f4       0x48 ./Core/Startup/startup_stm32f103c8tx.o
                0x00000000080039f4                Reset_Handler
 .text.Default_Handler
                0x0000000008003a3c        0x2 ./Core/Startup/startup_stm32f103c8tx.o
                0x0000000008003a3c                RTC_Alarm_IRQHandler
                0x0000000008003a3c                TIM1_CC_IRQHandler
                0x0000000008003a3c                PVD_IRQHandler
                0x0000000008003a3c                EXTI0_IRQHandler
                0x0000000008003a3c                I2C2_EV_IRQHandler
                0x0000000008003a3c                ADC1_2_IRQHandler
                0x0000000008003a3c                SPI1_IRQHandler
                0x0000000008003a3c                TAMPER_IRQHandler
                0x0000000008003a3c                DMA1_Channel4_IRQHandler
                0x0000000008003a3c                RTC_IRQHandler
                0x0000000008003a3c                DMA1_Channel7_IRQHandler
                0x0000000008003a3c                CAN1_RX1_IRQHandler
                0x0000000008003a3c                I2C1_EV_IRQHandler
                0x0000000008003a3c                DMA1_Channel6_IRQHandler
                0x0000000008003a3c                TIM3_IRQHandler
                0x0000000008003a3c                RCC_IRQHandler
                0x0000000008003a3c                TIM1_TRG_COM_IRQHandler
                0x0000000008003a3c                DMA1_Channel1_IRQHandler
                0x0000000008003a3c                Default_Handler
                0x0000000008003a3c                EXTI15_10_IRQHandler
                0x0000000008003a3c                EXTI9_5_IRQHandler
                0x0000000008003a3c                SPI2_IRQHandler
                0x0000000008003a3c                DMA1_Channel5_IRQHandler
                0x0000000008003a3c                USB_LP_CAN1_RX0_IRQHandler
                0x0000000008003a3c                USB_HP_CAN1_TX_IRQHandler
                0x0000000008003a3c                DMA1_Channel3_IRQHandler
                0x0000000008003a3c                TIM1_UP_IRQHandler
                0x0000000008003a3c                WWDG_IRQHandler
                0x0000000008003a3c                TIM1_BRK_IRQHandler
                0x0000000008003a3c                USART2_IRQHandler
                0x0000000008003a3c                I2C2_ER_IRQHandler
                0x0000000008003a3c                DMA1_Channel2_IRQHandler
                0x0000000008003a3c                CAN1_SCE_IRQHandler
                0x0000000008003a3c                FLASH_IRQHandler
                0x0000000008003a3c                USART1_IRQHandler
                0x0000000008003a3c                I2C1_ER_IRQHandler
                0x0000000008003a3c                USBWakeUp_IRQHandler
 *fill*         0x0000000008003a3e        0x2 
 .text.HAL_Init
                0x0000000008003a40       0x2c ./Drivers/STM32F1xx_HAL_Driver/Src/stm32f1xx_hal.o
                0x0000000008003a40                HAL_Init
 .text.HAL_IncTick
                0x0000000008003a6c       0x24 ./Drivers/STM32F1xx_HAL_Driver/Src/stm32f1xx_hal.o
                0x0000000008003a6c                HAL_IncTick
 .text.HAL_GetTick
                0x0000000008003a90       0x14 ./Drivers/STM32F1xx_HAL_Driver/Src/stm32f1xx_hal.o
                0x0000000008003a90                HAL_GetTick
 .text.__NVIC_SetPriorityGrouping
                0x0000000008003aa4       0x48 ./Drivers/STM32F1xx_HAL_Driver/Src/stm32f1xx_hal_cortex.o
 .text.__NVIC_GetPriorityGrouping
                0x0000000008003aec       0x1c ./Drivers/STM32F1xx_HAL_Driver/Src/stm32f1xx_hal_cortex.o
 .text.__NVIC_EnableIRQ
                0x0000000008003b08       0x38 ./Drivers/STM32F1xx_HAL_Driver/Src/stm32f1xx_hal_cortex.o
 .text.__NVIC_SetPriority
                0x0000000008003b40       0x54 ./Drivers/STM32F1xx_HAL_Driver/Src/stm32f1xx_hal_cortex.o
 .text.NVIC_EncodePriority
                0x0000000008003b94       0x64 ./Drivers/STM32F1xx_HAL_Driver/Src/stm32f1xx_hal_cortex.o
 .text.HAL_NVIC_SetPriorityGrouping
                0x0000000008003bf8       0x16 ./Drivers/STM32F1xx_HAL_Driver/Src/stm32f1xx_hal_cortex.o
                0x0000000008003bf8                HAL_NVIC_SetPriorityGrouping
 .text.HAL_NVIC_SetPriority
                0x0000000008003c0e       0x38 ./Drivers/STM32F1xx_HAL_Driver/Src/stm32f1xx_hal_cortex.o
                0x0000000008003c0e                HAL_NVIC_SetPriority
 .text.HAL_NVIC_EnableIRQ
                0x0000000008003c46       0x1c ./Drivers/STM32F1xx_HAL_Driver/Src/stm32f1xx_hal_cortex.o
                0x0000000008003c46                HAL_NVIC_EnableIRQ
 .text.HAL_DMA_Abort
                0x0000000008003c62       0x74 ./Drivers/STM32F1xx_HAL_Driver/Src/stm32f1xx_hal_dma.o
                0x0000000008003c62                HAL_DMA_Abort
 *fill*         0x0000000008003cd6        0x2 
 .text.HAL_DMA_Abort_IT
                0x0000000008003cd8       0xec ./Drivers/STM32F1xx_HAL_Driver/Src/stm32f1xx_hal_dma.o
                0x0000000008003cd8                HAL_DMA_Abort_IT
 .text.HAL_GPIO_Init
                0x0000000008003dc4      0x308 ./Drivers/STM32F1xx_HAL_Driver/Src/stm32f1xx_hal_gpio.o
                0x0000000008003dc4                HAL_GPIO_Init
 .text.HAL_GPIO_WritePin
                0x00000000080040cc       0x30 ./Drivers/STM32F1xx_HAL_Driver/Src/stm32f1xx_hal_gpio.o
                0x00000000080040cc                HAL_GPIO_WritePin
 .text.HAL_GPIO_TogglePin
                0x00000000080040fc       0x32 ./Drivers/STM32F1xx_HAL_Driver/Src/stm32f1xx_hal_gpio.o
                0x00000000080040fc                HAL_GPIO_TogglePin
 *fill*         0x000000000800412e        0x2 
 .text.HAL_GPIO_EXTI_IRQHandler
                0x0000000008004130       0x30 ./Drivers/STM32F1xx_HAL_Driver/Src/stm32f1xx_hal_gpio.o
                0x0000000008004130                HAL_GPIO_EXTI_IRQHandler
 .text.HAL_RCC_OscConfig
                0x0000000008004160      0x500 ./Drivers/STM32F1xx_HAL_Driver/Src/stm32f1xx_hal_rcc.o
                0x0000000008004160                HAL_RCC_OscConfig
 .text.HAL_RCC_ClockConfig
                0x0000000008004660      0x1d4 ./Drivers/STM32F1xx_HAL_Driver/Src/stm32f1xx_hal_rcc.o
                0x0000000008004660                HAL_RCC_ClockConfig
 .text.HAL_RCC_GetSysClockFreq
                0x0000000008004834       0xc0 ./Drivers/STM32F1xx_HAL_Driver/Src/stm32f1xx_hal_rcc.o
                0x0000000008004834                HAL_RCC_GetSysClockFreq
 .text.HAL_RCC_GetHCLKFreq
                0x00000000080048f4       0x14 ./Drivers/STM32F1xx_HAL_Driver/Src/stm32f1xx_hal_rcc.o
                0x00000000080048f4                HAL_RCC_GetHCLKFreq
 .text.HAL_RCC_GetPCLK1Freq
                0x0000000008004908       0x28 ./Drivers/STM32F1xx_HAL_Driver/Src/stm32f1xx_hal_rcc.o
                0x0000000008004908                HAL_RCC_GetPCLK1Freq
 .text.HAL_RCC_GetPCLK2Freq
                0x0000000008004930       0x28 ./Drivers/STM32F1xx_HAL_Driver/Src/stm32f1xx_hal_rcc.o
                0x0000000008004930                HAL_RCC_GetPCLK2Freq
 .text.HAL_RCC_GetClockConfig
                0x0000000008004958       0x60 ./Drivers/STM32F1xx_HAL_Driver/Src/stm32f1xx_hal_rcc.o
                0x0000000008004958                HAL_RCC_GetClockConfig
 .text.RCC_Delay
                0x00000000080049b8       0x3c ./Drivers/STM32F1xx_HAL_Driver/Src/stm32f1xx_hal_rcc.o
 .text.HAL_TIM_Base_Init
                0x00000000080049f4       0x9e ./Drivers/STM32F1xx_HAL_Driver/Src/stm32f1xx_hal_tim.o
                0x00000000080049f4                HAL_TIM_Base_Init
 *fill*         0x0000000008004a92        0x2 
 .text.HAL_TIM_Base_Start_IT
                0x0000000008004a94       0xa4 ./Drivers/STM32F1xx_HAL_Driver/Src/stm32f1xx_hal_tim.o
                0x0000000008004a94                HAL_TIM_Base_Start_IT
 .text.HAL_TIM_PWM_Init
                0x0000000008004b38       0x9e ./Drivers/STM32F1xx_HAL_Driver/Src/stm32f1xx_hal_tim.o
                0x0000000008004b38                HAL_TIM_PWM_Init
 .text.HAL_TIM_PWM_MspInit
                0x0000000008004bd6       0x12 ./Drivers/STM32F1xx_HAL_Driver/Src/stm32f1xx_hal_tim.o
                0x0000000008004bd6                HAL_TIM_PWM_MspInit
 .text.HAL_TIM_PWM_Start
                0x0000000008004be8      0x144 ./Drivers/STM32F1xx_HAL_Driver/Src/stm32f1xx_hal_tim.o
                0x0000000008004be8                HAL_TIM_PWM_Start
 .text.HAL_TIM_IRQHandler
                0x0000000008004d2c      0x210 ./Drivers/STM32F1xx_HAL_Driver/Src/stm32f1xx_hal_tim.o
                0x0000000008004d2c                HAL_TIM_IRQHandler
 .text.HAL_TIM_PWM_ConfigChannel
                0x0000000008004f3c      0x17c ./Drivers/STM32F1xx_HAL_Driver/Src/stm32f1xx_hal_tim.o
                0x0000000008004f3c                HAL_TIM_PWM_ConfigChannel
 .text.HAL_TIM_ConfigClockSource
                0x00000000080050b8      0x188 ./Drivers/STM32F1xx_HAL_Driver/Src/stm32f1xx_hal_tim.o
                0x00000000080050b8                HAL_TIM_ConfigClockSource
 .text.HAL_TIM_OC_DelayElapsedCallback
                0x0000000008005240       0x12 ./Drivers/STM32F1xx_HAL_Driver/Src/stm32f1xx_hal_tim.o
                0x0000000008005240                HAL_TIM_OC_DelayElapsedCallback
 .text.HAL_TIM_IC_CaptureCallback
                0x0000000008005252       0x12 ./Drivers/STM32F1xx_HAL_Driver/Src/stm32f1xx_hal_tim.o
                0x0000000008005252                HAL_TIM_IC_CaptureCallback
 .text.HAL_TIM_PWM_PulseFinishedCallback
                0x0000000008005264       0x12 ./Drivers/STM32F1xx_HAL_Driver/Src/stm32f1xx_hal_tim.o
                0x0000000008005264                HAL_TIM_PWM_PulseFinishedCallback
 .text.HAL_TIM_TriggerCallback
                0x0000000008005276       0x12 ./Drivers/STM32F1xx_HAL_Driver/Src/stm32f1xx_hal_tim.o
                0x0000000008005276                HAL_TIM_TriggerCallback
 .text.TIM_Base_SetConfig
                0x0000000008005288       0xc4 ./Drivers/STM32F1xx_HAL_Driver/Src/stm32f1xx_hal_tim.o
                0x0000000008005288                TIM_Base_SetConfig
 .text.TIM_OC1_SetConfig
                0x000000000800534c       0xcc ./Drivers/STM32F1xx_HAL_Driver/Src/stm32f1xx_hal_tim.o
 .text.TIM_OC2_SetConfig
                0x0000000008005418       0xd4 ./Drivers/STM32F1xx_HAL_Driver/Src/stm32f1xx_hal_tim.o
                0x0000000008005418                TIM_OC2_SetConfig
 .text.TIM_OC3_SetConfig
                0x00000000080054ec       0xd4 ./Drivers/STM32F1xx_HAL_Driver/Src/stm32f1xx_hal_tim.o
 .text.TIM_OC4_SetConfig
                0x00000000080055c0       0x9c ./Drivers/STM32F1xx_HAL_Driver/Src/stm32f1xx_hal_tim.o
 .text.TIM_TI1_ConfigInputStage
                0x000000000800565c       0x5c ./Drivers/STM32F1xx_HAL_Driver/Src/stm32f1xx_hal_tim.o
 .text.TIM_TI2_ConfigInputStage
                0x00000000080056b8       0x5e ./Drivers/STM32F1xx_HAL_Driver/Src/stm32f1xx_hal_tim.o
 .text.TIM_ITRx_SetConfig
                0x0000000008005716       0x34 ./Drivers/STM32F1xx_HAL_Driver/Src/stm32f1xx_hal_tim.o
 .text.TIM_ETR_SetConfig
                0x000000000800574a       0x3e ./Drivers/STM32F1xx_HAL_Driver/Src/stm32f1xx_hal_tim.o
                0x000000000800574a                TIM_ETR_SetConfig
 .text.TIM_CCxChannelCmd
                0x0000000008005788       0x48 ./Drivers/STM32F1xx_HAL_Driver/Src/stm32f1xx_hal_tim.o
                0x0000000008005788                TIM_CCxChannelCmd
 .text.HAL_TIMEx_MasterConfigSynchronization
                0x00000000080057d0       0xbc ./Drivers/STM32F1xx_HAL_Driver/Src/stm32f1xx_hal_tim_ex.o
                0x00000000080057d0                HAL_TIMEx_MasterConfigSynchronization
 .text.HAL_TIMEx_ConfigBreakDeadTime
                0x000000000800588c       0xa2 ./Drivers/STM32F1xx_HAL_Driver/Src/stm32f1xx_hal_tim_ex.o
                0x000000000800588c                HAL_TIMEx_ConfigBreakDeadTime
 .text.HAL_TIMEx_CommutCallback
                0x000000000800592e       0x12 ./Drivers/STM32F1xx_HAL_Driver/Src/stm32f1xx_hal_tim_ex.o
                0x000000000800592e                HAL_TIMEx_CommutCallback
 .text.HAL_TIMEx_BreakCallback
                0x0000000008005940       0x12 ./Drivers/STM32F1xx_HAL_Driver/Src/stm32f1xx_hal_tim_ex.o
                0x0000000008005940                HAL_TIMEx_BreakCallback
 .text.HAL_UART_Init
                0x0000000008005952       0x9a ./Drivers/STM32F1xx_HAL_Driver/Src/stm32f1xx_hal_uart.o
                0x0000000008005952                HAL_UART_Init
 .text.HAL_UART_Transmit_IT
                0x00000000080059ec       0x88 ./Drivers/STM32F1xx_HAL_Driver/Src/stm32f1xx_hal_uart.o
                0x00000000080059ec                HAL_UART_Transmit_IT
 .text.HAL_UART_Receive_IT
                0x0000000008005a74       0x60 ./Drivers/STM32F1xx_HAL_Driver/Src/stm32f1xx_hal_uart.o
                0x0000000008005a74                HAL_UART_Receive_IT
 .text.HAL_UART_AbortReceive_IT
                0x0000000008005ad4       0xd4 ./Drivers/STM32F1xx_HAL_Driver/Src/stm32f1xx_hal_uart.o
                0x0000000008005ad4                HAL_UART_AbortReceive_IT
 .text.HAL_UART_IRQHandler
                0x0000000008005ba8      0x354 ./Drivers/STM32F1xx_HAL_Driver/Src/stm32f1xx_hal_uart.o
                0x0000000008005ba8                HAL_UART_IRQHandler
 .text.HAL_UART_ErrorCallback
                0x0000000008005efc       0x12 ./Drivers/STM32F1xx_HAL_Driver/Src/stm32f1xx_hal_uart.o
                0x0000000008005efc                HAL_UART_ErrorCallback
 .text.HAL_UART_AbortReceiveCpltCallback
                0x0000000008005f0e       0x12 ./Drivers/STM32F1xx_HAL_Driver/Src/stm32f1xx_hal_uart.o
                0x0000000008005f0e                HAL_UART_AbortReceiveCpltCallback
 .text.HAL_UARTEx_RxEventCallback
                0x0000000008005f20       0x16 ./Drivers/STM32F1xx_HAL_Driver/Src/stm32f1xx_hal_uart.o
                0x0000000008005f20                HAL_UARTEx_RxEventCallback
 .text.HAL_HalfDuplex_EnableTransmitter
                0x0000000008005f36       0x66 ./Drivers/STM32F1xx_HAL_Driver/Src/stm32f1xx_hal_uart.o
                0x0000000008005f36                HAL_HalfDuplex_EnableTransmitter
 .text.HAL_HalfDuplex_EnableReceiver
                0x0000000008005f9c       0x66 ./Drivers/STM32F1xx_HAL_Driver/Src/stm32f1xx_hal_uart.o
                0x0000000008005f9c                HAL_HalfDuplex_EnableReceiver
 .text.HAL_UART_GetState
                0x0000000008006002       0x3a ./Drivers/STM32F1xx_HAL_Driver/Src/stm32f1xx_hal_uart.o
                0x0000000008006002                HAL_UART_GetState
 .text.UART_Start_Receive_IT
                0x000000000800603c       0x72 ./Drivers/STM32F1xx_HAL_Driver/Src/stm32f1xx_hal_uart.o
                0x000000000800603c                UART_Start_Receive_IT
 .text.UART_EndRxTransfer
                0x00000000080060ae       0x58 ./Drivers/STM32F1xx_HAL_Driver/Src/stm32f1xx_hal_uart.o
 .text.UART_DMAAbortOnError
                0x0000000008006106       0x28 ./Drivers/STM32F1xx_HAL_Driver/Src/stm32f1xx_hal_uart.o
 .text.UART_DMARxOnlyAbortCallback
                0x000000000800612e       0x30 ./Drivers/STM32F1xx_HAL_Driver/Src/stm32f1xx_hal_uart.o
 .text.UART_Transmit_IT
                0x000000000800615e       0x9e ./Drivers/STM32F1xx_HAL_Driver/Src/stm32f1xx_hal_uart.o
 .text.UART_EndTransmit_IT
                0x00000000080061fc       0x30 ./Drivers/STM32F1xx_HAL_Driver/Src/stm32f1xx_hal_uart.o
 .text.UART_Receive_IT
                0x000000000800622c      0x152 ./Drivers/STM32F1xx_HAL_Driver/Src/stm32f1xx_hal_uart.o
 *fill*         0x000000000800637e        0x2 
 .text.UART_SetConfig
                0x0000000008006380      0x11c ./Drivers/STM32F1xx_HAL_Driver/Src/stm32f1xx_hal_uart.o
 .text.osKernelInitialize
                0x000000000800649c       0x64 ./Middlewares/Third_Party/FreeRTOS/Source/CMSIS_RTOS_V2/cmsis_os2.o
                0x000000000800649c                osKernelInitialize
 .text.osKernelStart
                0x0000000008006500       0x68 ./Middlewares/Third_Party/FreeRTOS/Source/CMSIS_RTOS_V2/cmsis_os2.o
                0x0000000008006500                osKernelStart
 .text.osThreadNew
                0x0000000008006568      0x154 ./Middlewares/Third_Party/FreeRTOS/Source/CMSIS_RTOS_V2/cmsis_os2.o
                0x0000000008006568                osThreadNew
 .text.osDelay  0x00000000080066bc       0x5c ./Middlewares/Third_Party/FreeRTOS/Source/CMSIS_RTOS_V2/cmsis_os2.o
                0x00000000080066bc                osDelay
 .text.osSemaphoreNew
                0x0000000008006718      0x138 ./Middlewares/Third_Party/FreeRTOS/Source/CMSIS_RTOS_V2/cmsis_os2.o
                0x0000000008006718                osSemaphoreNew
 .text.osMessageQueueNew
                0x0000000008006850      0x10c ./Middlewares/Third_Party/FreeRTOS/Source/CMSIS_RTOS_V2/cmsis_os2.o
                0x0000000008006850                osMessageQueueNew
 .text.osMessageQueueGet
                0x000000000800695c       0xe4 ./Middlewares/Third_Party/FreeRTOS/Source/CMSIS_RTOS_V2/cmsis_os2.o
                0x000000000800695c                osMessageQueueGet
 .text.vApplicationGetIdleTaskMemory
                0x0000000008006a40       0x30 ./Middlewares/Third_Party/FreeRTOS/Source/CMSIS_RTOS_V2/cmsis_os2.o
                0x0000000008006a40                vApplicationGetIdleTaskMemory
 .text.vApplicationGetTimerTaskMemory
                0x0000000008006a70       0x34 ./Middlewares/Third_Party/FreeRTOS/Source/CMSIS_RTOS_V2/cmsis_os2.o
                0x0000000008006a70                vApplicationGetTimerTaskMemory
 .text.vListInitialise
                0x0000000008006aa4       0x3e ./Middlewares/Third_Party/FreeRTOS/Source/list.o
                0x0000000008006aa4                vListInitialise
 .text.vListInitialiseItem
                0x0000000008006ae2       0x18 ./Middlewares/Third_Party/FreeRTOS/Source/list.o
                0x0000000008006ae2                vListInitialiseItem
 .text.vListInsertEnd
                0x0000000008006afa       0x46 ./Middlewares/Third_Party/FreeRTOS/Source/list.o
                0x0000000008006afa                vListInsertEnd
 .text.vListInsert
                0x0000000008006b40       0x70 ./Middlewares/Third_Party/FreeRTOS/Source/list.o
                0x0000000008006b40                vListInsert
 .text.uxListRemove
                0x0000000008006bb0       0x52 ./Middlewares/Third_Party/FreeRTOS/Source/list.o
                0x0000000008006bb0                uxListRemove
 *fill*         0x0000000008006c02        0x2 
 .text.xQueueGenericReset
                0x0000000008006c04       0xd0 ./Middlewares/Third_Party/FreeRTOS/Source/queue.o
                0x0000000008006c04                xQueueGenericReset
 .text.xQueueGenericCreateStatic
                0x0000000008006cd4       0xee ./Middlewares/Third_Party/FreeRTOS/Source/queue.o
                0x0000000008006cd4                xQueueGenericCreateStatic
 .text.xQueueGenericCreate
                0x0000000008006dc2       0x7c ./Middlewares/Third_Party/FreeRTOS/Source/queue.o
                0x0000000008006dc2                xQueueGenericCreate
 .text.prvInitialiseNewQueue
                0x0000000008006e3e       0x46 ./Middlewares/Third_Party/FreeRTOS/Source/queue.o
 .text.xQueueCreateCountingSemaphoreStatic
                0x0000000008006e84       0x6e ./Middlewares/Third_Party/FreeRTOS/Source/queue.o
                0x0000000008006e84                xQueueCreateCountingSemaphoreStatic
 .text.xQueueCreateCountingSemaphore
                0x0000000008006ef2       0x66 ./Middlewares/Third_Party/FreeRTOS/Source/queue.o
                0x0000000008006ef2                xQueueCreateCountingSemaphore
 .text.xQueueGenericSend
                0x0000000008006f58      0x1fc ./Middlewares/Third_Party/FreeRTOS/Source/queue.o
                0x0000000008006f58                xQueueGenericSend
 .text.xQueueGenericSendFromISR
                0x0000000008007154      0x130 ./Middlewares/Third_Party/FreeRTOS/Source/queue.o
                0x0000000008007154                xQueueGenericSendFromISR
 .text.xQueueReceive
                0x0000000008007284      0x1c0 ./Middlewares/Third_Party/FreeRTOS/Source/queue.o
                0x0000000008007284                xQueueReceive
 .text.xQueueSemaphoreTake
                0x0000000008007444      0x218 ./Middlewares/Third_Party/FreeRTOS/Source/queue.o
                0x0000000008007444                xQueueSemaphoreTake
 .text.xQueueReceiveFromISR
                0x000000000800765c      0x100 ./Middlewares/Third_Party/FreeRTOS/Source/queue.o
                0x000000000800765c                xQueueReceiveFromISR
 .text.vQueueDelete
                0x000000000800775c       0x46 ./Middlewares/Third_Party/FreeRTOS/Source/queue.o
                0x000000000800775c                vQueueDelete
 .text.prvGetDisinheritPriorityAfterTimeout
                0x00000000080077a2       0x2e ./Middlewares/Third_Party/FreeRTOS/Source/queue.o
 .text.prvCopyDataToQueue
                0x00000000080077d0       0xd4 ./Middlewares/Third_Party/FreeRTOS/Source/queue.o
 .text.prvCopyDataFromQueue
                0x00000000080078a4       0x4c ./Middlewares/Third_Party/FreeRTOS/Source/queue.o
 .text.prvUnlockQueue
                0x00000000080078f0       0xa4 ./Middlewares/Third_Party/FreeRTOS/Source/queue.o
 .text.prvIsQueueEmpty
                0x0000000008007994       0x2c ./Middlewares/Third_Party/FreeRTOS/Source/queue.o
 .text.prvIsQueueFull
                0x00000000080079c0       0x30 ./Middlewares/Third_Party/FreeRTOS/Source/queue.o
 .text.vQueueAddToRegistry
                0x00000000080079f0       0x50 ./Middlewares/Third_Party/FreeRTOS/Source/queue.o
                0x00000000080079f0                vQueueAddToRegistry
 .text.vQueueUnregisterQueue
                0x0000000008007a40       0x54 ./Middlewares/Third_Party/FreeRTOS/Source/queue.o
                0x0000000008007a40                vQueueUnregisterQueue
 .text.vQueueWaitForMessageRestricted
                0x0000000008007a94       0x68 ./Middlewares/Third_Party/FreeRTOS/Source/queue.o
                0x0000000008007a94                vQueueWaitForMessageRestricted
 .text.xTaskCreateStatic
                0x0000000008007afc       0xb8 ./Middlewares/Third_Party/FreeRTOS/Source/tasks.o
                0x0000000008007afc                xTaskCreateStatic
 .text.xTaskCreate
                0x0000000008007bb4       0x8a ./Middlewares/Third_Party/FreeRTOS/Source/tasks.o
                0x0000000008007bb4                xTaskCreate
 .text.prvInitialiseNewTask
                0x0000000008007c3e      0x10e ./Middlewares/Third_Party/FreeRTOS/Source/tasks.o
 .text.prvAddNewTaskToReadyList
                0x0000000008007d4c       0xe0 ./Middlewares/Third_Party/FreeRTOS/Source/tasks.o
 .text.vTaskDelay
                0x0000000008007e2c       0x68 ./Middlewares/Third_Party/FreeRTOS/Source/tasks.o
                0x0000000008007e2c                vTaskDelay
 .text.vTaskStartScheduler
                0x0000000008007e94       0xcc ./Middlewares/Third_Party/FreeRTOS/Source/tasks.o
                0x0000000008007e94                vTaskStartScheduler
 .text.vTaskSuspendAll
                0x0000000008007f60       0x1c ./Middlewares/Third_Party/FreeRTOS/Source/tasks.o
                0x0000000008007f60                vTaskSuspendAll
 .text.xTaskResumeAll
                0x0000000008007f7c      0x13c ./Middlewares/Third_Party/FreeRTOS/Source/tasks.o
                0x0000000008007f7c                xTaskResumeAll
 .text.xTaskGetTickCount
                0x00000000080080b8       0x1c ./Middlewares/Third_Party/FreeRTOS/Source/tasks.o
                0x00000000080080b8                xTaskGetTickCount
 .text.xTaskGetTickCountFromISR
                0x00000000080080d4       0x24 ./Middlewares/Third_Party/FreeRTOS/Source/tasks.o
                0x00000000080080d4                xTaskGetTickCountFromISR
 .text.xTaskIncrementTick
                0x00000000080080f8      0x17c ./Middlewares/Third_Party/FreeRTOS/Source/tasks.o
                0x00000000080080f8                xTaskIncrementTick
 .text.vTaskSwitchContext
                0x0000000008008274       0xb8 ./Middlewares/Third_Party/FreeRTOS/Source/tasks.o
                0x0000000008008274                vTaskSwitchContext
 .text.vTaskPlaceOnEventList
                0x000000000800832c       0x48 ./Middlewares/Third_Party/FreeRTOS/Source/tasks.o
                0x000000000800832c                vTaskPlaceOnEventList
 .text.vTaskPlaceOnEventListRestricted
                0x0000000008008374       0x58 ./Middlewares/Third_Party/FreeRTOS/Source/tasks.o
                0x0000000008008374                vTaskPlaceOnEventListRestricted
 .text.xTaskRemoveFromEventList
                0x00000000080083cc       0xc8 ./Middlewares/Third_Party/FreeRTOS/Source/tasks.o
                0x00000000080083cc                xTaskRemoveFromEventList
 .text.vTaskInternalSetTimeOutState
                0x0000000008008494       0x2c ./Middlewares/Third_Party/FreeRTOS/Source/tasks.o
                0x0000000008008494                vTaskInternalSetTimeOutState
 .text.xTaskCheckForTimeOut
                0x00000000080084c0       0xc4 ./Middlewares/Third_Party/FreeRTOS/Source/tasks.o
                0x00000000080084c0                xTaskCheckForTimeOut
 .text.vTaskMissedYield
                0x0000000008008584       0x18 ./Middlewares/Third_Party/FreeRTOS/Source/tasks.o
                0x0000000008008584                vTaskMissedYield
 .text.prvIdleTask
                0x000000000800859c       0x30 ./Middlewares/Third_Party/FreeRTOS/Source/tasks.o
 .text.prvInitialiseTaskLists
                0x00000000080085cc       0x80 ./Middlewares/Third_Party/FreeRTOS/Source/tasks.o
 .text.prvCheckTasksWaitingTermination
                0x000000000800864c       0x5c ./Middlewares/Third_Party/FreeRTOS/Source/tasks.o
 .text.prvDeleteTCB
                0x00000000080086a8       0x5e ./Middlewares/Third_Party/FreeRTOS/Source/tasks.o
 *fill*         0x0000000008008706        0x2 
 .text.prvResetNextTaskUnblockTime
                0x0000000008008708       0x48 ./Middlewares/Third_Party/FreeRTOS/Source/tasks.o
 .text.xTaskGetSchedulerState
                0x0000000008008750       0x3c ./Middlewares/Third_Party/FreeRTOS/Source/tasks.o
                0x0000000008008750                xTaskGetSchedulerState
 .text.xTaskPriorityInherit
                0x000000000800878c       0xdc ./Middlewares/Third_Party/FreeRTOS/Source/tasks.o
                0x000000000800878c                xTaskPriorityInherit
 .text.xTaskPriorityDisinherit
                0x0000000008008868       0xdc ./Middlewares/Third_Party/FreeRTOS/Source/tasks.o
                0x0000000008008868                xTaskPriorityDisinherit
 .text.vTaskPriorityDisinheritAfterTimeout
                0x0000000008008944      0x10c ./Middlewares/Third_Party/FreeRTOS/Source/tasks.o
                0x0000000008008944                vTaskPriorityDisinheritAfterTimeout
 .text.pvTaskIncrementMutexHeldCount
                0x0000000008008a50       0x28 ./Middlewares/Third_Party/FreeRTOS/Source/tasks.o
                0x0000000008008a50                pvTaskIncrementMutexHeldCount
 .text.ulTaskNotifyTake
                0x0000000008008a78       0x90 ./Middlewares/Third_Party/FreeRTOS/Source/tasks.o
                0x0000000008008a78                ulTaskNotifyTake
 .text.xTaskGenericNotify
                0x0000000008008b08      0x148 ./Middlewares/Third_Party/FreeRTOS/Source/tasks.o
                0x0000000008008b08                xTaskGenericNotify
 .text.xTaskGenericNotifyFromISR
                0x0000000008008c50      0x194 ./Middlewares/Third_Party/FreeRTOS/Source/tasks.o
                0x0000000008008c50                xTaskGenericNotifyFromISR
 .text.prvAddCurrentTaskToDelayedList
                0x0000000008008de4       0xa8 ./Middlewares/Third_Party/FreeRTOS/Source/tasks.o
 .text.xTimerCreateTimerTask
                0x0000000008008e8c       0x90 ./Middlewares/Third_Party/FreeRTOS/Source/timers.o
                0x0000000008008e8c                xTimerCreateTimerTask
 .text.xTimerCreate
                0x0000000008008f1c       0x42 ./Middlewares/Third_Party/FreeRTOS/Source/timers.o
                0x0000000008008f1c                xTimerCreate
 .text.prvInitialiseNewTimer
                0x0000000008008f5e       0x64 ./Middlewares/Third_Party/FreeRTOS/Source/timers.o
 *fill*         0x0000000008008fc2        0x2 
 .text.xTimerGenericCommand
                0x0000000008008fc4       0x9c ./Middlewares/Third_Party/FreeRTOS/Source/timers.o
                0x0000000008008fc4                xTimerGenericCommand
 .text.prvProcessExpiredTimer
                0x0000000008009060       0x80 ./Middlewares/Third_Party/FreeRTOS/Source/timers.o
 .text.prvTimerTask
                0x00000000080090e0       0x24 ./Middlewares/Third_Party/FreeRTOS/Source/timers.o
 .text.prvProcessTimerOrBlockTask
                0x0000000008009104       0x9c ./Middlewares/Third_Party/FreeRTOS/Source/timers.o
 .text.prvGetNextExpireTime
                0x00000000080091a0       0x48 ./Middlewares/Third_Party/FreeRTOS/Source/timers.o
 .text.prvSampleTimeNow
                0x00000000080091e8       0x40 ./Middlewares/Third_Party/FreeRTOS/Source/timers.o
 .text.prvInsertTimerInActiveList
                0x0000000008009228       0x84 ./Middlewares/Third_Party/FreeRTOS/Source/timers.o
 .text.prvProcessReceivedCommands
                0x00000000080092ac      0x168 ./Middlewares/Third_Party/FreeRTOS/Source/timers.o
 .text.prvSwitchTimerLists
                0x0000000008009414       0xc4 ./Middlewares/Third_Party/FreeRTOS/Source/timers.o
 .text.prvCheckForValidListAndQueue
                0x00000000080094d8       0x80 ./Middlewares/Third_Party/FreeRTOS/Source/timers.o
 .text.pxPortInitialiseStack
                0x0000000008009558       0x58 ./Middlewares/Third_Party/FreeRTOS/Source/portable/GCC/ARM_CM3/port.o
                0x0000000008009558                pxPortInitialiseStack
 .text.prvTaskExitError
                0x00000000080095b0       0x58 ./Middlewares/Third_Party/FreeRTOS/Source/portable/GCC/ARM_CM3/port.o
 *fill*         0x0000000008009608        0x8 
 .text.SVC_Handler
                0x0000000008009610       0x28 ./Middlewares/Third_Party/FreeRTOS/Source/portable/GCC/ARM_CM3/port.o
                0x0000000008009610                SVC_Handler
 .text.prvPortStartFirstTask
                0x0000000008009638       0x20 ./Middlewares/Third_Party/FreeRTOS/Source/portable/GCC/ARM_CM3/port.o
 .text.xPortStartScheduler
                0x0000000008009658       0xe4 ./Middlewares/Third_Party/FreeRTOS/Source/portable/GCC/ARM_CM3/port.o
                0x0000000008009658                xPortStartScheduler
 .text.vPortEnterCritical
                0x000000000800973c       0x60 ./Middlewares/Third_Party/FreeRTOS/Source/portable/GCC/ARM_CM3/port.o
                0x000000000800973c                vPortEnterCritical
 .text.vPortExitCritical
                0x000000000800979c       0x50 ./Middlewares/Third_Party/FreeRTOS/Source/portable/GCC/ARM_CM3/port.o
                0x000000000800979c                vPortExitCritical
 *fill*         0x00000000080097ec        0x4 
 .text.PendSV_Handler
                0x00000000080097f0       0x48 ./Middlewares/Third_Party/FreeRTOS/Source/portable/GCC/ARM_CM3/port.o
                0x00000000080097f0                PendSV_Handler
 .text.SysTick_Handler
                0x0000000008009838       0x44 ./Middlewares/Third_Party/FreeRTOS/Source/portable/GCC/ARM_CM3/port.o
                0x0000000008009838                SysTick_Handler
 .text.vPortSetupTimerInterrupt
                0x000000000800987c       0x44 ./Middlewares/Third_Party/FreeRTOS/Source/portable/GCC/ARM_CM3/port.o
                0x000000000800987c                vPortSetupTimerInterrupt
 .text.vPortValidateInterruptPriority
                0x00000000080098c0       0x7c ./Middlewares/Third_Party/FreeRTOS/Source/portable/GCC/ARM_CM3/port.o
                0x00000000080098c0                vPortValidateInterruptPriority
 .text.pvPortMalloc
                0x000000000800993c       0x24 ./Middlewares/Third_Party/FreeRTOS/Source/portable/MemMang/heap_3.o
                0x000000000800993c                pvPortMalloc
 .text.vPortFree
                0x0000000008009960       0x24 ./Middlewares/Third_Party/FreeRTOS/Source/portable/MemMang/heap_3.o
                0x0000000008009960                vPortFree
 .text.__errno  0x0000000008009984        0xc c:/st/stm32cubeide_1.8.0/stm32cubeide/plugins/com.st.stm32cube.ide.mcu.externaltools.gnu-tools-for-stm32.9-2020-q2-update.win32_2.0.0.202105311346/tools/bin/../lib/gcc/arm-none-eabi/9.3.1/../../../../arm-none-eabi/lib/thumb/v7-m/nofp\libc_nano.a(lib_a-errno.o)
                0x0000000008009984                __errno
 .text.__libc_init_array
                0x0000000008009990       0x48 c:/st/stm32cubeide_1.8.0/stm32cubeide/plugins/com.st.stm32cube.ide.mcu.externaltools.gnu-tools-for-stm32.9-2020-q2-update.win32_2.0.0.202105311346/tools/bin/../lib/gcc/arm-none-eabi/9.3.1/../../../../arm-none-eabi/lib/thumb/v7-m/nofp\libc_nano.a(lib_a-init.o)
                0x0000000008009990                __libc_init_array
 .text.malloc   0x00000000080099d8       0x10 c:/st/stm32cubeide_1.8.0/stm32cubeide/plugins/com.st.stm32cube.ide.mcu.externaltools.gnu-tools-for-stm32.9-2020-q2-update.win32_2.0.0.202105311346/tools/bin/../lib/gcc/arm-none-eabi/9.3.1/../../../../arm-none-eabi/lib/thumb/v7-m/nofp\libc_nano.a(lib_a-malloc.o)
                0x00000000080099d8                malloc
 .text.free     0x00000000080099e8       0x10 c:/st/stm32cubeide_1.8.0/stm32cubeide/plugins/com.st.stm32cube.ide.mcu.externaltools.gnu-tools-for-stm32.9-2020-q2-update.win32_2.0.0.202105311346/tools/bin/../lib/gcc/arm-none-eabi/9.3.1/../../../../arm-none-eabi/lib/thumb/v7-m/nofp\libc_nano.a(lib_a-malloc.o)
                0x00000000080099e8                free
 .text.memcpy   0x00000000080099f8       0x1c c:/st/stm32cubeide_1.8.0/stm32cubeide/plugins/com.st.stm32cube.ide.mcu.externaltools.gnu-tools-for-stm32.9-2020-q2-update.win32_2.0.0.202105311346/tools/bin/../lib/gcc/arm-none-eabi/9.3.1/../../../../arm-none-eabi/lib/thumb/v7-m/nofp\libc_nano.a(lib_a-memcpy-stub.o)
                0x00000000080099f8                memcpy
 .text.memset   0x0000000008009a14       0x10 c:/st/stm32cubeide_1.8.0/stm32cubeide/plugins/com.st.stm32cube.ide.mcu.externaltools.gnu-tools-for-stm32.9-2020-q2-update.win32_2.0.0.202105311346/tools/bin/../lib/gcc/arm-none-eabi/9.3.1/../../../../arm-none-eabi/lib/thumb/v7-m/nofp\libc_nano.a(lib_a-memset.o)
                0x0000000008009a14                memset
 .text._free_r  0x0000000008009a24       0x98 c:/st/stm32cubeide_1.8.0/stm32cubeide/plugins/com.st.stm32cube.ide.mcu.externaltools.gnu-tools-for-stm32.9-2020-q2-update.win32_2.0.0.202105311346/tools/bin/../lib/gcc/arm-none-eabi/9.3.1/../../../../arm-none-eabi/lib/thumb/v7-m/nofp\libc_nano.a(lib_a-nano-freer.o)
                0x0000000008009a24                _free_r
 .text._malloc_r
                0x0000000008009abc       0xb4 c:/st/stm32cubeide_1.8.0/stm32cubeide/plugins/com.st.stm32cube.ide.mcu.externaltools.gnu-tools-for-stm32.9-2020-q2-update.win32_2.0.0.202105311346/tools/bin/../lib/gcc/arm-none-eabi/9.3.1/../../../../arm-none-eabi/lib/thumb/v7-m/nofp\libc_nano.a(lib_a-nano-mallocr.o)
                0x0000000008009abc                _malloc_r
 .text._sbrk_r  0x0000000008009b70       0x20 c:/st/stm32cubeide_1.8.0/stm32cubeide/plugins/com.st.stm32cube.ide.mcu.externaltools.gnu-tools-for-stm32.9-2020-q2-update.win32_2.0.0.202105311346/tools/bin/../lib/gcc/arm-none-eabi/9.3.1/../../../../arm-none-eabi/lib/thumb/v7-m/nofp\libc_nano.a(lib_a-sbrkr.o)
                0x0000000008009b70                _sbrk_r
 .text.sprintf  0x0000000008009b90       0x40 c:/st/stm32cubeide_1.8.0/stm32cubeide/plugins/com.st.stm32cube.ide.mcu.externaltools.gnu-tools-for-stm32.9-2020-q2-update.win32_2.0.0.202105311346/tools/bin/../lib/gcc/arm-none-eabi/9.3.1/../../../../arm-none-eabi/lib/thumb/v7-m/nofp\libc_nano.a(lib_a-sprintf.o)
                0x0000000008009b90                siprintf
                0x0000000008009b90                sprintf
 .text.__malloc_lock
                0x0000000008009bd0        0xc c:/st/stm32cubeide_1.8.0/stm32cubeide/plugins/com.st.stm32cube.ide.mcu.externaltools.gnu-tools-for-stm32.9-2020-q2-update.win32_2.0.0.202105311346/tools/bin/../lib/gcc/arm-none-eabi/9.3.1/../../../../arm-none-eabi/lib/thumb/v7-m/nofp\libc_nano.a(lib_a-mlock.o)
                0x0000000008009bd0                __malloc_lock
 .text.__malloc_unlock
                0x0000000008009bdc        0xc c:/st/stm32cubeide_1.8.0/stm32cubeide/plugins/com.st.stm32cube.ide.mcu.externaltools.gnu-tools-for-stm32.9-2020-q2-update.win32_2.0.0.202105311346/tools/bin/../lib/gcc/arm-none-eabi/9.3.1/../../../../arm-none-eabi/lib/thumb/v7-m/nofp\libc_nano.a(lib_a-mlock.o)
                0x0000000008009bdc                __malloc_unlock
 .text.__ssputs_r
                0x0000000008009be8       0xb6 c:/st/stm32cubeide_1.8.0/stm32cubeide/plugins/com.st.stm32cube.ide.mcu.externaltools.gnu-tools-for-stm32.9-2020-q2-update.win32_2.0.0.202105311346/tools/bin/../lib/gcc/arm-none-eabi/9.3.1/../../../../arm-none-eabi/lib/thumb/v7-m/nofp\libc_nano.a(lib_a-nano-svfprintf.o)
                0x0000000008009be8                __ssputs_r
 *fill*         0x0000000008009c9e        0x2 
 .text._svfprintf_r
                0x0000000008009ca0      0x200 c:/st/stm32cubeide_1.8.0/stm32cubeide/plugins/com.st.stm32cube.ide.mcu.externaltools.gnu-tools-for-stm32.9-2020-q2-update.win32_2.0.0.202105311346/tools/bin/../lib/gcc/arm-none-eabi/9.3.1/../../../../arm-none-eabi/lib/thumb/v7-m/nofp\libc_nano.a(lib_a-nano-svfprintf.o)
                0x0000000008009ca0                _svfiprintf_r
                0x0000000008009ca0                _svfprintf_r
 .text._printf_common
                0x0000000008009ea0       0xde c:/st/stm32cubeide_1.8.0/stm32cubeide/plugins/com.st.stm32cube.ide.mcu.externaltools.gnu-tools-for-stm32.9-2020-q2-update.win32_2.0.0.202105311346/tools/bin/../lib/gcc/arm-none-eabi/9.3.1/../../../../arm-none-eabi/lib/thumb/v7-m/nofp\libc_nano.a(lib_a-nano-vfprintf_i.o)
                0x0000000008009ea0                _printf_common
 *fill*         0x0000000008009f7e        0x2 
 .text._printf_i
                0x0000000008009f80      0x24c c:/st/stm32cubeide_1.8.0/stm32cubeide/plugins/com.st.stm32cube.ide.mcu.externaltools.gnu-tools-for-stm32.9-2020-q2-update.win32_2.0.0.202105311346/tools/bin/../lib/gcc/arm-none-eabi/9.3.1/../../../../arm-none-eabi/lib/thumb/v7-m/nofp\libc_nano.a(lib_a-nano-vfprintf_i.o)
                0x0000000008009f80                _printf_i
 .text.__retarget_lock_acquire_recursive
                0x000000000800a1cc        0x2 c:/st/stm32cubeide_1.8.0/stm32cubeide/plugins/com.st.stm32cube.ide.mcu.externaltools.gnu-tools-for-stm32.9-2020-q2-update.win32_2.0.0.202105311346/tools/bin/../lib/gcc/arm-none-eabi/9.3.1/../../../../arm-none-eabi/lib/thumb/v7-m/nofp\libc_nano.a(lib_a-lock.o)
                0x000000000800a1cc                __retarget_lock_acquire_recursive
 .text.__retarget_lock_release_recursive
                0x000000000800a1ce        0x2 c:/st/stm32cubeide_1.8.0/stm32cubeide/plugins/com.st.stm32cube.ide.mcu.externaltools.gnu-tools-for-stm32.9-2020-q2-update.win32_2.0.0.202105311346/tools/bin/../lib/gcc/arm-none-eabi/9.3.1/../../../../arm-none-eabi/lib/thumb/v7-m/nofp\libc_nano.a(lib_a-lock.o)
                0x000000000800a1ce                __retarget_lock_release_recursive
 .text.memchr   0x000000000800a1d0       0x1c c:/st/stm32cubeide_1.8.0/stm32cubeide/plugins/com.st.stm32cube.ide.mcu.externaltools.gnu-tools-for-stm32.9-2020-q2-update.win32_2.0.0.202105311346/tools/bin/../lib/gcc/arm-none-eabi/9.3.1/../../../../arm-none-eabi/lib/thumb/v7-m/nofp\libc_nano.a(lib_a-memchr-stub.o)
                0x000000000800a1d0                memchr
 .text.memmove  0x000000000800a1ec       0x34 c:/st/stm32cubeide_1.8.0/stm32cubeide/plugins/com.st.stm32cube.ide.mcu.externaltools.gnu-tools-for-stm32.9-2020-q2-update.win32_2.0.0.202105311346/tools/bin/../lib/gcc/arm-none-eabi/9.3.1/../../../../arm-none-eabi/lib/thumb/v7-m/nofp\libc_nano.a(lib_a-memmove.o)
                0x000000000800a1ec                memmove
 .text._realloc_r
                0x000000000800a220       0x4c c:/st/stm32cubeide_1.8.0/stm32cubeide/plugins/com.st.stm32cube.ide.mcu.externaltools.gnu-tools-for-stm32.9-2020-q2-update.win32_2.0.0.202105311346/tools/bin/../lib/gcc/arm-none-eabi/9.3.1/../../../../arm-none-eabi/lib/thumb/v7-m/nofp\libc_nano.a(lib_a-nano-reallocr.o)
                0x000000000800a220                _realloc_r
 .text._malloc_usable_size_r
                0x000000000800a26c       0x10 c:/st/stm32cubeide_1.8.0/stm32cubeide/plugins/com.st.stm32cube.ide.mcu.externaltools.gnu-tools-for-stm32.9-2020-q2-update.win32_2.0.0.202105311346/tools/bin/../lib/gcc/arm-none-eabi/9.3.1/../../../../arm-none-eabi/lib/thumb/v7-m/nofp\libc_nano.a(lib_a-nano-msizer.o)
                0x000000000800a26c                _malloc_usable_size_r
 *(.glue_7)
 .glue_7        0x000000000800a27c        0x0 linker stubs
 *(.glue_7t)
 .glue_7t       0x000000000800a27c        0x0 linker stubs
 *(.eh_frame)
 .eh_frame      0x000000000800a27c        0x0 c:/st/stm32cubeide_1.8.0/stm32cubeide/plugins/com.st.stm32cube.ide.mcu.externaltools.gnu-tools-for-stm32.9-2020-q2-update.win32_2.0.0.202105311346/tools/bin/../lib/gcc/arm-none-eabi/9.3.1/thumb/v7-m/nofp/crtbegin.o
 *(.init)
 .init          0x000000000800a27c        0x4 c:/st/stm32cubeide_1.8.0/stm32cubeide/plugins/com.st.stm32cube.ide.mcu.externaltools.gnu-tools-for-stm32.9-2020-q2-update.win32_2.0.0.202105311346/tools/bin/../lib/gcc/arm-none-eabi/9.3.1/thumb/v7-m/nofp/crti.o
                0x000000000800a27c                _init
 .init          0x000000000800a280        0x8 c:/st/stm32cubeide_1.8.0/stm32cubeide/plugins/com.st.stm32cube.ide.mcu.externaltools.gnu-tools-for-stm32.9-2020-q2-update.win32_2.0.0.202105311346/tools/bin/../lib/gcc/arm-none-eabi/9.3.1/thumb/v7-m/nofp/crtn.o
 *(.fini)
 .fini          0x000000000800a288        0x4 c:/st/stm32cubeide_1.8.0/stm32cubeide/plugins/com.st.stm32cube.ide.mcu.externaltools.gnu-tools-for-stm32.9-2020-q2-update.win32_2.0.0.202105311346/tools/bin/../lib/gcc/arm-none-eabi/9.3.1/thumb/v7-m/nofp/crti.o
                0x000000000800a288                _fini
 .fini          0x000000000800a28c        0x8 c:/st/stm32cubeide_1.8.0/stm32cubeide/plugins/com.st.stm32cube.ide.mcu.externaltools.gnu-tools-for-stm32.9-2020-q2-update.win32_2.0.0.202105311346/tools/bin/../lib/gcc/arm-none-eabi/9.3.1/thumb/v7-m/nofp/crtn.o
                0x000000000800a294                . = ALIGN (0x4)
                0x000000000800a294                _etext = .

.vfp11_veneer   0x000000000800a294        0x0
 .vfp11_veneer  0x000000000800a294        0x0 linker stubs

.v4_bx          0x000000000800a294        0x0
 .v4_bx         0x000000000800a294        0x0 linker stubs

.iplt           0x000000000800a294        0x0
 .iplt          0x000000000800a294        0x0 c:/st/stm32cubeide_1.8.0/stm32cubeide/plugins/com.st.stm32cube.ide.mcu.externaltools.gnu-tools-for-stm32.9-2020-q2-update.win32_2.0.0.202105311346/tools/bin/../lib/gcc/arm-none-eabi/9.3.1/thumb/v7-m/nofp/crtbegin.o

.rodata         0x000000000800a294      0x25c
                0x000000000800a294                . = ALIGN (0x4)
 *(.rodata)
 .rodata        0x000000000800a294       0x5d ./Core/Src/Modbus.o
 *fill*         0x000000000800a2f1        0x3 
 .rodata        0x000000000800a2f4       0x68 ./Core/Src/main.o
 .rodata        0x000000000800a35c       0x10 ./Drivers/STM32F1xx_HAL_Driver/Src/stm32f1xx_hal_rcc.o
 .rodata        0x000000000800a36c        0x5 ./Middlewares/Third_Party/FreeRTOS/Source/tasks.o
 *fill*         0x000000000800a371        0x3 
 .rodata        0x000000000800a374        0xd ./Middlewares/Third_Party/FreeRTOS/Source/timers.o
 *(.rodata*)
 *fill*         0x000000000800a381        0x3 
 .rodata.QueueTelegram_attributes
                0x000000000800a384       0x18 ./Core/Src/Modbus.o
                0x000000000800a384                QueueTelegram_attributes
 .rodata.myTaskModbusA_attributes
                0x000000000800a39c       0x24 ./Core/Src/Modbus.o
                0x000000000800a39c                myTaskModbusA_attributes
 .rodata.myTaskModbusB_attributes
                0x000000000800a3c0       0x24 ./Core/Src/Modbus.o
                0x000000000800a3c0                myTaskModbusB_attributes
 .rodata.ModBusSphr_attributes
                0x000000000800a3e4       0x10 ./Core/Src/Modbus.o
                0x000000000800a3e4                ModBusSphr_attributes
 .rodata.fctsupported
                0x000000000800a3f4        0x8 ./Core/Src/Modbus.o
                0x000000000800a3f4                fctsupported
 .rodata.Modbus_attributes
                0x000000000800a3fc       0x24 ./Core/Src/main.o
                0x000000000800a3fc                Modbus_attributes
 .rodata.ADC_attributes
                0x000000000800a420       0x24 ./Core/Src/main.o
                0x000000000800a420                ADC_attributes
 .rodata.Encoders_attributes
                0x000000000800a444       0x24 ./Core/Src/main.o
                0x000000000800a444                Encoders_attributes
 .rodata.Control_attributes
                0x000000000800a468       0x24 ./Core/Src/main.o
                0x000000000800a468                Control_attributes
 .rodata.QueueDataADC_attributes
                0x000000000800a48c       0x18 ./Core/Src/main.o
                0x000000000800a48c                QueueDataADC_attributes
 .rodata.AHBPrescTable
                0x000000000800a4a4       0x10 ./Core/Src/system_stm32f1xx.o
                0x000000000800a4a4                AHBPrescTable
 .rodata.APBPrescTable
                0x000000000800a4b4        0x8 ./Core/Src/system_stm32f1xx.o
                0x000000000800a4b4                APBPrescTable
 .rodata._svfprintf_r.str1.1
                0x000000000800a4bc       0x11 c:/st/stm32cubeide_1.8.0/stm32cubeide/plugins/com.st.stm32cube.ide.mcu.externaltools.gnu-tools-for-stm32.9-2020-q2-update.win32_2.0.0.202105311346/tools/bin/../lib/gcc/arm-none-eabi/9.3.1/../../../../arm-none-eabi/lib/thumb/v7-m/nofp\libc_nano.a(lib_a-nano-svfprintf.o)
 .rodata._printf_i.str1.1
                0x000000000800a4cd       0x22 c:/st/stm32cubeide_1.8.0/stm32cubeide/plugins/com.st.stm32cube.ide.mcu.externaltools.gnu-tools-for-stm32.9-2020-q2-update.win32_2.0.0.202105311346/tools/bin/../lib/gcc/arm-none-eabi/9.3.1/../../../../arm-none-eabi/lib/thumb/v7-m/nofp\libc_nano.a(lib_a-nano-vfprintf_i.o)
                0x000000000800a4f0                . = ALIGN (0x4)
 *fill*         0x000000000800a4ef        0x1 

.rel.dyn        0x000000000800a4f0        0x0
 .rel.iplt      0x000000000800a4f0        0x0 c:/st/stm32cubeide_1.8.0/stm32cubeide/plugins/com.st.stm32cube.ide.mcu.externaltools.gnu-tools-for-stm32.9-2020-q2-update.win32_2.0.0.202105311346/tools/bin/../lib/gcc/arm-none-eabi/9.3.1/thumb/v7-m/nofp/crtbegin.o

.ARM.extab      0x000000000800a4f0        0x0
                0x000000000800a4f0                . = ALIGN (0x4)
 *(.ARM.extab* .gnu.linkonce.armextab.*)
                0x000000000800a4f0                . = ALIGN (0x4)

.ARM            0x000000000800a4f0        0x0
                0x000000000800a4f0                . = ALIGN (0x4)
                0x000000000800a4f0                __exidx_start = .
 *(.ARM.exidx*)
                0x000000000800a4f0                __exidx_end = .
                0x000000000800a4f0                . = ALIGN (0x4)

.preinit_array  0x000000000800a4f0        0x0
                0x000000000800a4f0                . = ALIGN (0x4)
                0x000000000800a4f0                PROVIDE (__preinit_array_start = .)
 *(.preinit_array*)
                0x000000000800a4f0                PROVIDE (__preinit_array_end = .)
                0x000000000800a4f0                . = ALIGN (0x4)

.init_array     0x000000000800a4f0        0x4
                0x000000000800a4f0                . = ALIGN (0x4)
                0x000000000800a4f0                PROVIDE (__init_array_start = .)
 *(SORT_BY_NAME(.init_array.*))
 *(.init_array*)
 .init_array    0x000000000800a4f0        0x4 c:/st/stm32cubeide_1.8.0/stm32cubeide/plugins/com.st.stm32cube.ide.mcu.externaltools.gnu-tools-for-stm32.9-2020-q2-update.win32_2.0.0.202105311346/tools/bin/../lib/gcc/arm-none-eabi/9.3.1/thumb/v7-m/nofp/crtbegin.o
                0x000000000800a4f4                PROVIDE (__init_array_end = .)
                0x000000000800a4f4                . = ALIGN (0x4)

.fini_array     0x000000000800a4f4        0x4
                0x000000000800a4f4                . = ALIGN (0x4)
                [!provide]                        PROVIDE (__fini_array_start = .)
 *(SORT_BY_NAME(.fini_array.*))
 *(.fini_array*)
 .fini_array    0x000000000800a4f4        0x4 c:/st/stm32cubeide_1.8.0/stm32cubeide/plugins/com.st.stm32cube.ide.mcu.externaltools.gnu-tools-for-stm32.9-2020-q2-update.win32_2.0.0.202105311346/tools/bin/../lib/gcc/arm-none-eabi/9.3.1/thumb/v7-m/nofp/crtbegin.o
                [!provide]                        PROVIDE (__fini_array_end = .)
                0x000000000800a4f8                . = ALIGN (0x4)
                0x000000000800a4f8                _sidata = LOADADDR (.data)

.data           0x0000000020000000       0xc4 load address 0x000000000800a4f8
                0x0000000020000000                . = ALIGN (0x4)
                0x0000000020000000                _sdata = .
 *(.data)
 *(.data*)
 .data.ModbusDATA
                0x0000000020000000       0x1a ./Core/Src/main.o
                0x0000000020000000                ModbusDATA
 *fill*         0x000000002000001a        0x2 
 .data.Ts       0x000000002000001c        0x4 ./Core/Src/main.o
                0x000000002000001c                Ts
 .data.ranuras  0x0000000020000020        0x4 ./Core/Src/main.o
                0x0000000020000020                ranuras
 .data.cantTicksTmr2
                0x0000000020000024        0x4 ./Core/Src/main.o
                0x0000000020000024                cantTicksTmr2
 .data.fsTmr2   0x0000000020000028        0x8 ./Core/Src/main.o
                0x0000000020000028                fsTmr2
 .data.tickFilter
                0x0000000020000030        0x8 ./Core/Src/main.o
                0x0000000020000030                tickFilter
 .data.p1       0x0000000020000038        0xc ./Core/Src/main.o
                0x0000000020000038                p1
 .data.p2       0x0000000020000044        0xc ./Core/Src/main.o
                0x0000000020000044                p2
 .data.SystemCoreClock
                0x0000000020000050        0x4 ./Core/Src/system_stm32f1xx.o
                0x0000000020000050                SystemCoreClock
 .data.uwTickPrio
                0x0000000020000054        0x4 ./Drivers/STM32F1xx_HAL_Driver/Src/stm32f1xx_hal.o
                0x0000000020000054                uwTickPrio
 .data.uwTickFreq
                0x0000000020000058        0x1 ./Drivers/STM32F1xx_HAL_Driver/Src/stm32f1xx_hal.o
                0x0000000020000058                uwTickFreq
 *fill*         0x0000000020000059        0x3 
 .data.uxCriticalNesting
                0x000000002000005c        0x4 ./Middlewares/Third_Party/FreeRTOS/Source/portable/GCC/ARM_CM3/port.o
 .data._impure_ptr
                0x0000000020000060        0x4 c:/st/stm32cubeide_1.8.0/stm32cubeide/plugins/com.st.stm32cube.ide.mcu.externaltools.gnu-tools-for-stm32.9-2020-q2-update.win32_2.0.0.202105311346/tools/bin/../lib/gcc/arm-none-eabi/9.3.1/../../../../arm-none-eabi/lib/thumb/v7-m/nofp\libc_nano.a(lib_a-impure.o)
                0x0000000020000060                _impure_ptr
 .data.impure_data
                0x0000000020000064       0x60 c:/st/stm32cubeide_1.8.0/stm32cubeide/plugins/com.st.stm32cube.ide.mcu.externaltools.gnu-tools-for-stm32.9-2020-q2-update.win32_2.0.0.202105311346/tools/bin/../lib/gcc/arm-none-eabi/9.3.1/../../../../arm-none-eabi/lib/thumb/v7-m/nofp\libc_nano.a(lib_a-impure.o)
 *(.RamFunc)
 *(.RamFunc*)
                0x00000000200000c4                . = ALIGN (0x4)
                0x00000000200000c4                _edata = .

.igot.plt       0x00000000200000c4        0x0 load address 0x000000000800a5bc
 .igot.plt      0x00000000200000c4        0x0 c:/st/stm32cubeide_1.8.0/stm32cubeide/plugins/com.st.stm32cube.ide.mcu.externaltools.gnu-tools-for-stm32.9-2020-q2-update.win32_2.0.0.202105311346/tools/bin/../lib/gcc/arm-none-eabi/9.3.1/thumb/v7-m/nofp/crtbegin.o
                0x00000000200000c4                . = ALIGN (0x4)

.bss            0x00000000200000c8     0x1034 load address 0x000000000800a5bc
                0x00000000200000c8                _sbss = .
                0x00000000200000c8                __bss_start__ = _sbss
 *(.bss)
 .bss           0x00000000200000c8       0x1c c:/st/stm32cubeide_1.8.0/stm32cubeide/plugins/com.st.stm32cube.ide.mcu.externaltools.gnu-tools-for-stm32.9-2020-q2-update.win32_2.0.0.202105311346/tools/bin/../lib/gcc/arm-none-eabi/9.3.1/thumb/v7-m/nofp/crtbegin.o
 *(.bss*)
 .bss.numberHandlers
                0x00000000200000e4        0x1 ./Core/Src/Modbus.o
                0x00000000200000e4                numberHandlers
 *fill*         0x00000000200000e5        0x3 
 .bss.velocidad
                0x00000000200000e8        0x4 ./Core/Src/main.o
                0x00000000200000e8                velocidad
 .bss.ticksPrev
                0x00000000200000ec        0x4 ./Core/Src/main.o
                0x00000000200000ec                ticksPrev
 .bss.ticksNow  0x00000000200000f0        0x4 ./Core/Src/main.o
                0x00000000200000f0                ticksNow
 .bss.overflow  0x00000000200000f4        0x4 ./Core/Src/main.o
                0x00000000200000f4                overflow
 .bss.deltaTicks
                0x00000000200000f8        0x8 ./Core/Src/main.o
                0x00000000200000f8                deltaTicks
 .bss.CCR_obtained
                0x0000000020000100        0x4 ./Core/Src/main.o
                0x0000000020000100                CCR_obtained
 .bss.__sbrk_heap_end
                0x0000000020000104        0x4 ./Core/Src/sysmem.o
 .bss.KernelState
                0x0000000020000108        0x4 ./Middlewares/Third_Party/FreeRTOS/Source/CMSIS_RTOS_V2/cmsis_os2.o
 .bss.Idle_TCB  0x000000002000010c       0x5c ./Middlewares/Third_Party/FreeRTOS/Source/CMSIS_RTOS_V2/cmsis_os2.o
 .bss.Idle_Stack
                0x0000000020000168      0x200 ./Middlewares/Third_Party/FreeRTOS/Source/CMSIS_RTOS_V2/cmsis_os2.o
 .bss.Timer_TCB
                0x0000000020000368       0x5c ./Middlewares/Third_Party/FreeRTOS/Source/CMSIS_RTOS_V2/cmsis_os2.o
 .bss.Timer_Stack
                0x00000000200003c4      0x400 ./Middlewares/Third_Party/FreeRTOS/Source/CMSIS_RTOS_V2/cmsis_os2.o
 .bss.pxCurrentTCB
                0x00000000200007c4        0x4 ./Middlewares/Third_Party/FreeRTOS/Source/tasks.o
                0x00000000200007c4                pxCurrentTCB
 .bss.pxReadyTasksLists
                0x00000000200007c8      0x460 ./Middlewares/Third_Party/FreeRTOS/Source/tasks.o
 .bss.xDelayedTaskList1
                0x0000000020000c28       0x14 ./Middlewares/Third_Party/FreeRTOS/Source/tasks.o
 .bss.xDelayedTaskList2
                0x0000000020000c3c       0x14 ./Middlewares/Third_Party/FreeRTOS/Source/tasks.o
 .bss.pxDelayedTaskList
                0x0000000020000c50        0x4 ./Middlewares/Third_Party/FreeRTOS/Source/tasks.o
 .bss.pxOverflowDelayedTaskList
                0x0000000020000c54        0x4 ./Middlewares/Third_Party/FreeRTOS/Source/tasks.o
 .bss.xPendingReadyList
                0x0000000020000c58       0x14 ./Middlewares/Third_Party/FreeRTOS/Source/tasks.o
 .bss.xTasksWaitingTermination
                0x0000000020000c6c       0x14 ./Middlewares/Third_Party/FreeRTOS/Source/tasks.o
 .bss.uxDeletedTasksWaitingCleanUp
                0x0000000020000c80        0x4 ./Middlewares/Third_Party/FreeRTOS/Source/tasks.o
 .bss.xSuspendedTaskList
                0x0000000020000c84       0x14 ./Middlewares/Third_Party/FreeRTOS/Source/tasks.o
 .bss.uxCurrentNumberOfTasks
                0x0000000020000c98        0x4 ./Middlewares/Third_Party/FreeRTOS/Source/tasks.o
 .bss.xTickCount
                0x0000000020000c9c        0x4 ./Middlewares/Third_Party/FreeRTOS/Source/tasks.o
 .bss.uxTopReadyPriority
                0x0000000020000ca0        0x4 ./Middlewares/Third_Party/FreeRTOS/Source/tasks.o
 .bss.xSchedulerRunning
                0x0000000020000ca4        0x4 ./Middlewares/Third_Party/FreeRTOS/Source/tasks.o
 .bss.uxPendedTicks
                0x0000000020000ca8        0x4 ./Middlewares/Third_Party/FreeRTOS/Source/tasks.o
 .bss.xYieldPending
                0x0000000020000cac        0x4 ./Middlewares/Third_Party/FreeRTOS/Source/tasks.o
 .bss.xNumOfOverflows
                0x0000000020000cb0        0x4 ./Middlewares/Third_Party/FreeRTOS/Source/tasks.o
 .bss.uxTaskNumber
                0x0000000020000cb4        0x4 ./Middlewares/Third_Party/FreeRTOS/Source/tasks.o
 .bss.xNextTaskUnblockTime
                0x0000000020000cb8        0x4 ./Middlewares/Third_Party/FreeRTOS/Source/tasks.o
 .bss.xIdleTaskHandle
                0x0000000020000cbc        0x4 ./Middlewares/Third_Party/FreeRTOS/Source/tasks.o
 .bss.uxSchedulerSuspended
                0x0000000020000cc0        0x4 ./Middlewares/Third_Party/FreeRTOS/Source/tasks.o
 .bss.xActiveTimerList1
                0x0000000020000cc4       0x14 ./Middlewares/Third_Party/FreeRTOS/Source/timers.o
 .bss.xActiveTimerList2
                0x0000000020000cd8       0x14 ./Middlewares/Third_Party/FreeRTOS/Source/timers.o
 .bss.pxCurrentTimerList
                0x0000000020000cec        0x4 ./Middlewares/Third_Party/FreeRTOS/Source/timers.o
 .bss.pxOverflowTimerList
                0x0000000020000cf0        0x4 ./Middlewares/Third_Party/FreeRTOS/Source/timers.o
 .bss.xTimerQueue
                0x0000000020000cf4        0x4 ./Middlewares/Third_Party/FreeRTOS/Source/timers.o
 .bss.xTimerTaskHandle
                0x0000000020000cf8        0x4 ./Middlewares/Third_Party/FreeRTOS/Source/timers.o
 .bss.xLastTime.5524
                0x0000000020000cfc        0x4 ./Middlewares/Third_Party/FreeRTOS/Source/timers.o
 .bss.ucStaticTimerQueueStorage.5575
                0x0000000020000d00       0xa0 ./Middlewares/Third_Party/FreeRTOS/Source/timers.o
 .bss.xStaticTimerQueue.5574
                0x0000000020000da0       0x50 ./Middlewares/Third_Party/FreeRTOS/Source/timers.o
 .bss.ucMaxSysCallPriority
                0x0000000020000df0        0x1 ./Middlewares/Third_Party/FreeRTOS/Source/portable/GCC/ARM_CM3/port.o
 *fill*         0x0000000020000df1        0x3 
 .bss.ulMaxPRIGROUPValue
                0x0000000020000df4        0x4 ./Middlewares/Third_Party/FreeRTOS/Source/portable/GCC/ARM_CM3/port.o
 .bss.__malloc_free_list
                0x0000000020000df8        0x4 c:/st/stm32cubeide_1.8.0/stm32cubeide/plugins/com.st.stm32cube.ide.mcu.externaltools.gnu-tools-for-stm32.9-2020-q2-update.win32_2.0.0.202105311346/tools/bin/../lib/gcc/arm-none-eabi/9.3.1/../../../../arm-none-eabi/lib/thumb/v7-m/nofp\libc_nano.a(lib_a-nano-mallocr.o)
                0x0000000020000df8                __malloc_free_list
 .bss.__malloc_sbrk_start
                0x0000000020000dfc        0x4 c:/st/stm32cubeide_1.8.0/stm32cubeide/plugins/com.st.stm32cube.ide.mcu.externaltools.gnu-tools-for-stm32.9-2020-q2-update.win32_2.0.0.202105311346/tools/bin/../lib/gcc/arm-none-eabi/9.3.1/../../../../arm-none-eabi/lib/thumb/v7-m/nofp\libc_nano.a(lib_a-nano-mallocr.o)
                0x0000000020000dfc                __malloc_sbrk_start
 *(COMMON)
 COMMON         0x0000000020000e00        0x8 ./Core/Src/Modbus.o
                0x0000000020000e00                mHandlers
 COMMON         0x0000000020000e08      0x258 ./Core/Src/main.o
                0x0000000020000e08                ModbusH
                0x0000000020000f4c                EncodersHandle
                0x0000000020000f50                huart3
                0x0000000020000f94                ControlHandle
                0x0000000020000f98                rtU
                0x0000000020000fa0                velocidad_prima2
                0x0000000020000fa8                rtDW
                0x0000000020000fb8                htim1
                0x0000000020001000                velocidad_prima1
                0x0000000020001004                htim2
                0x000000002000104c                ADCHandle
                0x0000000020001050                rtY
                0x0000000020001058                QueueDataADCHandle
                0x000000002000105c                ModbusHandle
 COMMON         0x0000000020001060       0x48 ./Core/Src/stm32f1xx_hal_timebase_tim.o
                0x0000000020001060                htim4
 COMMON         0x00000000200010a8        0x4 ./Drivers/STM32F1xx_HAL_Driver/Src/stm32f1xx_hal.o
                0x00000000200010a8                uwTick
 COMMON         0x00000000200010ac       0x40 ./Middlewares/Third_Party/FreeRTOS/Source/queue.o
                0x00000000200010ac                xQueueRegistry
 COMMON         0x00000000200010ec        0x4 c:/st/stm32cubeide_1.8.0/stm32cubeide/plugins/com.st.stm32cube.ide.mcu.externaltools.gnu-tools-for-stm32.9-2020-q2-update.win32_2.0.0.202105311346/tools/bin/../lib/gcc/arm-none-eabi/9.3.1/../../../../arm-none-eabi/lib/thumb/v7-m/nofp\libc_nano.a(lib_a-reent.o)
                0x00000000200010ec                errno
 COMMON         0x00000000200010f0        0x9 c:/st/stm32cubeide_1.8.0/stm32cubeide/plugins/com.st.stm32cube.ide.mcu.externaltools.gnu-tools-for-stm32.9-2020-q2-update.win32_2.0.0.202105311346/tools/bin/../lib/gcc/arm-none-eabi/9.3.1/../../../../arm-none-eabi/lib/thumb/v7-m/nofp\libc_nano.a(lib_a-lock.o)
                0x00000000200010f0                __lock___atexit_recursive_mutex
                0x00000000200010f1                __lock___arc4random_mutex
                0x00000000200010f2                __lock___env_recursive_mutex
                0x00000000200010f3                __lock___sinit_recursive_mutex
                0x00000000200010f4                __lock___malloc_recursive_mutex
                0x00000000200010f5                __lock___at_quick_exit_mutex
                0x00000000200010f6                __lock___dd_hash_mutex
                0x00000000200010f7                __lock___tz_mutex
                0x00000000200010f8                __lock___sfp_recursive_mutex
                0x00000000200010fc                . = ALIGN (0x4)
 *fill*         0x00000000200010f9        0x3 
                0x00000000200010fc                _ebss = .
                0x00000000200010fc                __bss_end__ = _ebss

._user_heap_stack
                0x00000000200010fc      0x604 load address 0x000000000800a5bc
                0x0000000020001100                . = ALIGN (0x8)
 *fill*         0x00000000200010fc        0x4 
                [!provide]                        PROVIDE (end = .)
                0x0000000020001100                PROVIDE (_end = .)
                0x0000000020001300                . = (. + _Min_Heap_Size)
 *fill*         0x0000000020001100      0x200 
                0x0000000020001700                . = (. + _Min_Stack_Size)
 *fill*         0x0000000020001300      0x400 
                0x0000000020001700                . = ALIGN (0x8)

/DISCARD/
 libc.a(*)
 libm.a(*)
 libgcc.a(*)

.ARM.attributes
                0x0000000000000000       0x29
 *(.ARM.attributes)
 .ARM.attributes
                0x0000000000000000       0x1d c:/st/stm32cubeide_1.8.0/stm32cubeide/plugins/com.st.stm32cube.ide.mcu.externaltools.gnu-tools-for-stm32.9-2020-q2-update.win32_2.0.0.202105311346/tools/bin/../lib/gcc/arm-none-eabi/9.3.1/thumb/v7-m/nofp/crti.o
 .ARM.attributes
                0x000000000000001d       0x2d c:/st/stm32cubeide_1.8.0/stm32cubeide/plugins/com.st.stm32cube.ide.mcu.externaltools.gnu-tools-for-stm32.9-2020-q2-update.win32_2.0.0.202105311346/tools/bin/../lib/gcc/arm-none-eabi/9.3.1/thumb/v7-m/nofp/crtbegin.o
 .ARM.attributes
                0x000000000000004a       0x2d ./Core/Src/Modbus.o
 .ARM.attributes
                0x0000000000000077       0x2d ./Core/Src/UARTCallback.o
 .ARM.attributes
                0x00000000000000a4       0x2d ./Core/Src/main.o
 .ARM.attributes
                0x00000000000000d1       0x2d ./Core/Src/stm32f1xx_hal_msp.o
 .ARM.attributes
                0x00000000000000fe       0x2d ./Core/Src/stm32f1xx_hal_timebase_tim.o
 .ARM.attributes
                0x000000000000012b       0x2d ./Core/Src/stm32f1xx_it.o
 .ARM.attributes
                0x0000000000000158       0x2d ./Core/Src/sysmem.o
 .ARM.attributes
                0x0000000000000185       0x2d ./Core/Src/system_stm32f1xx.o
 .ARM.attributes
                0x00000000000001b2       0x21 ./Core/Startup/startup_stm32f103c8tx.o
 .ARM.attributes
                0x00000000000001d3       0x2d ./Drivers/STM32F1xx_HAL_Driver/Src/stm32f1xx_hal.o
 .ARM.attributes
                0x0000000000000200       0x2d ./Drivers/STM32F1xx_HAL_Driver/Src/stm32f1xx_hal_cortex.o
 .ARM.attributes
                0x000000000000022d       0x2d ./Drivers/STM32F1xx_HAL_Driver/Src/stm32f1xx_hal_dma.o
 .ARM.attributes
                0x000000000000025a       0x2d ./Drivers/STM32F1xx_HAL_Driver/Src/stm32f1xx_hal_gpio.o
 .ARM.attributes
                0x0000000000000287       0x2d ./Drivers/STM32F1xx_HAL_Driver/Src/stm32f1xx_hal_rcc.o
 .ARM.attributes
                0x00000000000002b4       0x2d ./Drivers/STM32F1xx_HAL_Driver/Src/stm32f1xx_hal_tim.o
 .ARM.attributes
                0x00000000000002e1       0x2d ./Drivers/STM32F1xx_HAL_Driver/Src/stm32f1xx_hal_tim_ex.o
 .ARM.attributes
                0x000000000000030e       0x2d ./Drivers/STM32F1xx_HAL_Driver/Src/stm32f1xx_hal_uart.o
 .ARM.attributes
                0x000000000000033b       0x2d ./Middlewares/Third_Party/FreeRTOS/Source/CMSIS_RTOS_V2/cmsis_os2.o
 .ARM.attributes
                0x0000000000000368       0x2d ./Middlewares/Third_Party/FreeRTOS/Source/list.o
 .ARM.attributes
                0x0000000000000395       0x2d ./Middlewares/Third_Party/FreeRTOS/Source/queue.o
 .ARM.attributes
                0x00000000000003c2       0x2d ./Middlewares/Third_Party/FreeRTOS/Source/tasks.o
 .ARM.attributes
                0x00000000000003ef       0x2d ./Middlewares/Third_Party/FreeRTOS/Source/timers.o
 .ARM.attributes
                0x000000000000041c       0x2d ./Middlewares/Third_Party/FreeRTOS/Source/portable/GCC/ARM_CM3/port.o
 .ARM.attributes
                0x0000000000000449       0x2d ./Middlewares/Third_Party/FreeRTOS/Source/portable/MemMang/heap_3.o
 .ARM.attributes
                0x0000000000000476       0x2d c:/st/stm32cubeide_1.8.0/stm32cubeide/plugins/com.st.stm32cube.ide.mcu.externaltools.gnu-tools-for-stm32.9-2020-q2-update.win32_2.0.0.202105311346/tools/bin/../lib/gcc/arm-none-eabi/9.3.1/../../../../arm-none-eabi/lib/thumb/v7-m/nofp\libc_nano.a(lib_a-errno.o)
 .ARM.attributes
                0x00000000000004a3       0x2d c:/st/stm32cubeide_1.8.0/stm32cubeide/plugins/com.st.stm32cube.ide.mcu.externaltools.gnu-tools-for-stm32.9-2020-q2-update.win32_2.0.0.202105311346/tools/bin/../lib/gcc/arm-none-eabi/9.3.1/../../../../arm-none-eabi/lib/thumb/v7-m/nofp\libc_nano.a(lib_a-impure.o)
 .ARM.attributes
                0x00000000000004d0       0x2d c:/st/stm32cubeide_1.8.0/stm32cubeide/plugins/com.st.stm32cube.ide.mcu.externaltools.gnu-tools-for-stm32.9-2020-q2-update.win32_2.0.0.202105311346/tools/bin/../lib/gcc/arm-none-eabi/9.3.1/../../../../arm-none-eabi/lib/thumb/v7-m/nofp\libc_nano.a(lib_a-init.o)
 .ARM.attributes
                0x00000000000004fd       0x2d c:/st/stm32cubeide_1.8.0/stm32cubeide/plugins/com.st.stm32cube.ide.mcu.externaltools.gnu-tools-for-stm32.9-2020-q2-update.win32_2.0.0.202105311346/tools/bin/../lib/gcc/arm-none-eabi/9.3.1/../../../../arm-none-eabi/lib/thumb/v7-m/nofp\libc_nano.a(lib_a-malloc.o)
 .ARM.attributes
                0x000000000000052a       0x2d c:/st/stm32cubeide_1.8.0/stm32cubeide/plugins/com.st.stm32cube.ide.mcu.externaltools.gnu-tools-for-stm32.9-2020-q2-update.win32_2.0.0.202105311346/tools/bin/../lib/gcc/arm-none-eabi/9.3.1/../../../../arm-none-eabi/lib/thumb/v7-m/nofp\libc_nano.a(lib_a-memcpy-stub.o)
 .ARM.attributes
                0x0000000000000557       0x2d c:/st/stm32cubeide_1.8.0/stm32cubeide/plugins/com.st.stm32cube.ide.mcu.externaltools.gnu-tools-for-stm32.9-2020-q2-update.win32_2.0.0.202105311346/tools/bin/../lib/gcc/arm-none-eabi/9.3.1/../../../../arm-none-eabi/lib/thumb/v7-m/nofp\libc_nano.a(lib_a-memset.o)
 .ARM.attributes
                0x0000000000000584       0x2d c:/st/stm32cubeide_1.8.0/stm32cubeide/plugins/com.st.stm32cube.ide.mcu.externaltools.gnu-tools-for-stm32.9-2020-q2-update.win32_2.0.0.202105311346/tools/bin/../lib/gcc/arm-none-eabi/9.3.1/../../../../arm-none-eabi/lib/thumb/v7-m/nofp\libc_nano.a(lib_a-nano-freer.o)
 .ARM.attributes
                0x00000000000005b1       0x2d c:/st/stm32cubeide_1.8.0/stm32cubeide/plugins/com.st.stm32cube.ide.mcu.externaltools.gnu-tools-for-stm32.9-2020-q2-update.win32_2.0.0.202105311346/tools/bin/../lib/gcc/arm-none-eabi/9.3.1/../../../../arm-none-eabi/lib/thumb/v7-m/nofp\libc_nano.a(lib_a-nano-mallocr.o)
 .ARM.attributes
                0x00000000000005de       0x2d c:/st/stm32cubeide_1.8.0/stm32cubeide/plugins/com.st.stm32cube.ide.mcu.externaltools.gnu-tools-for-stm32.9-2020-q2-update.win32_2.0.0.202105311346/tools/bin/../lib/gcc/arm-none-eabi/9.3.1/../../../../arm-none-eabi/lib/thumb/v7-m/nofp\libc_nano.a(lib_a-sbrkr.o)
 .ARM.attributes
                0x000000000000060b       0x2d c:/st/stm32cubeide_1.8.0/stm32cubeide/plugins/com.st.stm32cube.ide.mcu.externaltools.gnu-tools-for-stm32.9-2020-q2-update.win32_2.0.0.202105311346/tools/bin/../lib/gcc/arm-none-eabi/9.3.1/../../../../arm-none-eabi/lib/thumb/v7-m/nofp\libc_nano.a(lib_a-sprintf.o)
 .ARM.attributes
                0x0000000000000638       0x2d c:/st/stm32cubeide_1.8.0/stm32cubeide/plugins/com.st.stm32cube.ide.mcu.externaltools.gnu-tools-for-stm32.9-2020-q2-update.win32_2.0.0.202105311346/tools/bin/../lib/gcc/arm-none-eabi/9.3.1/../../../../arm-none-eabi/lib/thumb/v7-m/nofp\libc_nano.a(lib_a-mlock.o)
 .ARM.attributes
                0x0000000000000665       0x2d c:/st/stm32cubeide_1.8.0/stm32cubeide/plugins/com.st.stm32cube.ide.mcu.externaltools.gnu-tools-for-stm32.9-2020-q2-update.win32_2.0.0.202105311346/tools/bin/../lib/gcc/arm-none-eabi/9.3.1/../../../../arm-none-eabi/lib/thumb/v7-m/nofp\libc_nano.a(lib_a-nano-svfprintf.o)
 .ARM.attributes
                0x0000000000000692       0x2d c:/st/stm32cubeide_1.8.0/stm32cubeide/plugins/com.st.stm32cube.ide.mcu.externaltools.gnu-tools-for-stm32.9-2020-q2-update.win32_2.0.0.202105311346/tools/bin/../lib/gcc/arm-none-eabi/9.3.1/../../../../arm-none-eabi/lib/thumb/v7-m/nofp\libc_nano.a(lib_a-nano-vfprintf_i.o)
 .ARM.attributes
                0x00000000000006bf       0x2d c:/st/stm32cubeide_1.8.0/stm32cubeide/plugins/com.st.stm32cube.ide.mcu.externaltools.gnu-tools-for-stm32.9-2020-q2-update.win32_2.0.0.202105311346/tools/bin/../lib/gcc/arm-none-eabi/9.3.1/../../../../arm-none-eabi/lib/thumb/v7-m/nofp\libc_nano.a(lib_a-reent.o)
 .ARM.attributes
                0x00000000000006ec       0x2d c:/st/stm32cubeide_1.8.0/stm32cubeide/plugins/com.st.stm32cube.ide.mcu.externaltools.gnu-tools-for-stm32.9-2020-q2-update.win32_2.0.0.202105311346/tools/bin/../lib/gcc/arm-none-eabi/9.3.1/../../../../arm-none-eabi/lib/thumb/v7-m/nofp\libc_nano.a(lib_a-lock.o)
 .ARM.attributes
                0x0000000000000719       0x2d c:/st/stm32cubeide_1.8.0/stm32cubeide/plugins/com.st.stm32cube.ide.mcu.externaltools.gnu-tools-for-stm32.9-2020-q2-update.win32_2.0.0.202105311346/tools/bin/../lib/gcc/arm-none-eabi/9.3.1/../../../../arm-none-eabi/lib/thumb/v7-m/nofp\libc_nano.a(lib_a-memchr-stub.o)
 .ARM.attributes
                0x0000000000000746       0x2d c:/st/stm32cubeide_1.8.0/stm32cubeide/plugins/com.st.stm32cube.ide.mcu.externaltools.gnu-tools-for-stm32.9-2020-q2-update.win32_2.0.0.202105311346/tools/bin/../lib/gcc/arm-none-eabi/9.3.1/../../../../arm-none-eabi/lib/thumb/v7-m/nofp\libc_nano.a(lib_a-memmove.o)
 .ARM.attributes
                0x0000000000000773       0x2d c:/st/stm32cubeide_1.8.0/stm32cubeide/plugins/com.st.stm32cube.ide.mcu.externaltools.gnu-tools-for-stm32.9-2020-q2-update.win32_2.0.0.202105311346/tools/bin/../lib/gcc/arm-none-eabi/9.3.1/../../../../arm-none-eabi/lib/thumb/v7-m/nofp\libc_nano.a(lib_a-nano-reallocr.o)
 .ARM.attributes
                0x00000000000007a0       0x2d c:/st/stm32cubeide_1.8.0/stm32cubeide/plugins/com.st.stm32cube.ide.mcu.externaltools.gnu-tools-for-stm32.9-2020-q2-update.win32_2.0.0.202105311346/tools/bin/../lib/gcc/arm-none-eabi/9.3.1/../../../../arm-none-eabi/lib/thumb/v7-m/nofp\libc_nano.a(lib_a-nano-msizer.o)
 .ARM.attributes
                0x00000000000007cd       0x1d c:/st/stm32cubeide_1.8.0/stm32cubeide/plugins/com.st.stm32cube.ide.mcu.externaltools.gnu-tools-for-stm32.9-2020-q2-update.win32_2.0.0.202105311346/tools/bin/../lib/gcc/arm-none-eabi/9.3.1/thumb/v7-m/nofp\libgcc.a(_arm_addsubdf3.o)
 .ARM.attributes