Archive member included to satisfy reference by file (symbol)

e:/nueva carpeta/stm32cube/stm32cubeide/plugins/com.st.stm32cube.ide.mcu.externaltools.gnu-tools-for-stm32.9-2020-q2-update.win32_2.0.0.202105311346/tools/bin/../lib/gcc/arm-none-eabi/9.3.1/../../../../arm-none-eabi/lib/thumb/v7-m/nofp\libc_nano.a(lib_a-errno.o)
                              ./Core/Src/syscalls.o (__errno)
e:/nueva carpeta/stm32cube/stm32cubeide/plugins/com.st.stm32cube.ide.mcu.externaltools.gnu-tools-for-stm32.9-2020-q2-update.win32_2.0.0.202105311346/tools/bin/../lib/gcc/arm-none-eabi/9.3.1/../../../../arm-none-eabi/lib/thumb/v7-m/nofp\libc_nano.a(lib_a-exit.o)
                              e:/nueva carpeta/stm32cube/stm32cubeide/plugins/com.st.stm32cube.ide.mcu.externaltools.gnu-tools-for-stm32.9-2020-q2-update.win32_2.0.0.202105311346/tools/bin/../lib/gcc/arm-none-eabi/9.3.1/../../../../arm-none-eabi/lib/thumb/v7-m/nofp/crt0.o (exit)
e:/nueva carpeta/stm32cube/stm32cubeide/plugins/com.st.stm32cube.ide.mcu.externaltools.gnu-tools-for-stm32.9-2020-q2-update.win32_2.0.0.202105311346/tools/bin/../lib/gcc/arm-none-eabi/9.3.1/../../../../arm-none-eabi/lib/thumb/v7-m/nofp\libc_nano.a(lib_a-impure.o)
                              e:/nueva carpeta/stm32cube/stm32cubeide/plugins/com.st.stm32cube.ide.mcu.externaltools.gnu-tools-for-stm32.9-2020-q2-update.win32_2.0.0.202105311346/tools/bin/../lib/gcc/arm-none-eabi/9.3.1/../../../../arm-none-eabi/lib/thumb/v7-m/nofp\libc_nano.a(lib_a-exit.o) (_global_impure_ptr)
e:/nueva carpeta/stm32cube/stm32cubeide/plugins/com.st.stm32cube.ide.mcu.externaltools.gnu-tools-for-stm32.9-2020-q2-update.win32_2.0.0.202105311346/tools/bin/../lib/gcc/arm-none-eabi/9.3.1/../../../../arm-none-eabi/lib/thumb/v7-m/nofp\libc_nano.a(lib_a-init.o)
                              e:/nueva carpeta/stm32cube/stm32cubeide/plugins/com.st.stm32cube.ide.mcu.externaltools.gnu-tools-for-stm32.9-2020-q2-update.win32_2.0.0.202105311346/tools/bin/../lib/gcc/arm-none-eabi/9.3.1/../../../../arm-none-eabi/lib/thumb/v7-m/nofp/crt0.o (__libc_init_array)
e:/nueva carpeta/stm32cube/stm32cubeide/plugins/com.st.stm32cube.ide.mcu.externaltools.gnu-tools-for-stm32.9-2020-q2-update.win32_2.0.0.202105311346/tools/bin/../lib/gcc/arm-none-eabi/9.3.1/../../../../arm-none-eabi/lib/thumb/v7-m/nofp\libc_nano.a(lib_a-malloc.o)
                              ./Middlewares/Third_Party/FreeRTOS/Source/portable/MemMang/heap_3.o (malloc)
e:/nueva carpeta/stm32cube/stm32cubeide/plugins/com.st.stm32cube.ide.mcu.externaltools.gnu-tools-for-stm32.9-2020-q2-update.win32_2.0.0.202105311346/tools/bin/../lib/gcc/arm-none-eabi/9.3.1/../../../../arm-none-eabi/lib/thumb/v7-m/nofp\libc_nano.a(lib_a-memcpy-stub.o)
                              ./Middlewares/Third_Party/FreeRTOS/Source/CMSIS_RTOS_V2/cmsis_os2.o (memcpy)
e:/nueva carpeta/stm32cube/stm32cubeide/plugins/com.st.stm32cube.ide.mcu.externaltools.gnu-tools-for-stm32.9-2020-q2-update.win32_2.0.0.202105311346/tools/bin/../lib/gcc/arm-none-eabi/9.3.1/../../../../arm-none-eabi/lib/thumb/v7-m/nofp\libc_nano.a(lib_a-memset.o)
                              e:/nueva carpeta/stm32cube/stm32cubeide/plugins/com.st.stm32cube.ide.mcu.externaltools.gnu-tools-for-stm32.9-2020-q2-update.win32_2.0.0.202105311346/tools/bin/../lib/gcc/arm-none-eabi/9.3.1/../../../../arm-none-eabi/lib/thumb/v7-m/nofp/crt0.o (memset)
e:/nueva carpeta/stm32cube/stm32cubeide/plugins/com.st.stm32cube.ide.mcu.externaltools.gnu-tools-for-stm32.9-2020-q2-update.win32_2.0.0.202105311346/tools/bin/../lib/gcc/arm-none-eabi/9.3.1/../../../../arm-none-eabi/lib/thumb/v7-m/nofp\libc_nano.a(lib_a-nano-freer.o)
                              e:/nueva carpeta/stm32cube/stm32cubeide/plugins/com.st.stm32cube.ide.mcu.externaltools.gnu-tools-for-stm32.9-2020-q2-update.win32_2.0.0.202105311346/tools/bin/../lib/gcc/arm-none-eabi/9.3.1/../../../../arm-none-eabi/lib/thumb/v7-m/nofp\libc_nano.a(lib_a-malloc.o) (_free_r)
e:/nueva carpeta/stm32cube/stm32cubeide/plugins/com.st.stm32cube.ide.mcu.externaltools.gnu-tools-for-stm32.9-2020-q2-update.win32_2.0.0.202105311346/tools/bin/../lib/gcc/arm-none-eabi/9.3.1/../../../../arm-none-eabi/lib/thumb/v7-m/nofp\libc_nano.a(lib_a-nano-mallocr.o)
                              e:/nueva carpeta/stm32cube/stm32cubeide/plugins/com.st.stm32cube.ide.mcu.externaltools.gnu-tools-for-stm32.9-2020-q2-update.win32_2.0.0.202105311346/tools/bin/../lib/gcc/arm-none-eabi/9.3.1/../../../../arm-none-eabi/lib/thumb/v7-m/nofp\libc_nano.a(lib_a-malloc.o) (_malloc_r)
e:/nueva carpeta/stm32cube/stm32cubeide/plugins/com.st.stm32cube.ide.mcu.externaltools.gnu-tools-for-stm32.9-2020-q2-update.win32_2.0.0.202105311346/tools/bin/../lib/gcc/arm-none-eabi/9.3.1/../../../../arm-none-eabi/lib/thumb/v7-m/nofp\libc_nano.a(lib_a-sbrkr.o)
[...]
Memory Configuration

Name             Origin             Length             Attributes
RAM              0x0000000020000000 0x0000000000005000 xrw
FLASH            0x0000000008000000 0x0000000000010000 xr
*default*        0x0000000000000000 0xffffffffffffffff

Linker script and memory map

LOAD e:/nueva carpeta/stm32cube/stm32cubeide/plugins/com.st.stm32cube.ide.mcu.externaltools.gnu-tools-for-stm32.9-2020-q2-update.win32_2.0.0.202105311346/tools/bin/../lib/gcc/arm-none-eabi/9.3.1/thumb/v7-m/nofp/crti.o
LOAD e:/nueva carpeta/stm32cube/stm32cubeide/plugins/com.st.stm32cube.ide.mcu.externaltools.gnu-tools-for-stm32.9-2020-q2-update.win32_2.0.0.202105311346/tools/bin/../lib/gcc/arm-none-eabi/9.3.1/thumb/v7-m/nofp/crtbegin.o
LOAD e:/nueva carpeta/stm32cube/stm32cubeide/plugins/com.st.stm32cube.ide.mcu.externaltools.gnu-tools-for-stm32.9-2020-q2-update.win32_2.0.0.202105311346/tools/bin/../lib/gcc/arm-none-eabi/9.3.1/../../../../arm-none-eabi/lib/thumb/v7-m/nofp/crt0.o
LOAD ./Core/Src/Modbus.o
LOAD ./Core/Src/UARTCallback.o
LOAD ./Core/Src/freertos.o
LOAD ./Core/Src/main.o
LOAD ./Core/Src/stm32f1xx_hal_msp.o
LOAD ./Core/Src/stm32f1xx_hal_timebase_tim.o
LOAD ./Core/Src/stm32f1xx_it.o
LOAD ./Core/Src/syscalls.o
LOAD ./Core/Src/sysmem.o
LOAD ./Core/Src/system_stm32f1xx.o
LOAD ./Core/Startup/startup_stm32f103c8tx.o
LOAD ./Drivers/STM32F1xx_HAL_Driver/Src/stm32f1xx_hal.o
LOAD ./Drivers/STM32F1xx_HAL_Driver/Src/stm32f1xx_hal_adc.o
LOAD ./Drivers/STM32F1xx_HAL_Driver/Src/stm32f1xx_hal_adc_ex.o
LOAD ./Drivers/STM32F1xx_HAL_Driver/Src/stm32f1xx_hal_cortex.o
LOAD ./Drivers/STM32F1xx_HAL_Driver/Src/stm32f1xx_hal_dma.o
LOAD ./Drivers/STM32F1xx_HAL_Driver/Src/stm32f1xx_hal_exti.o
LOAD ./Drivers/STM32F1xx_HAL_Driver/Src/stm32f1xx_hal_flash.o
LOAD ./Drivers/STM32F1xx_HAL_Driver/Src/stm32f1xx_hal_flash_ex.o
LOAD ./Drivers/STM32F1xx_HAL_Driver/Src/stm32f1xx_hal_gpio.o
LOAD ./Drivers/STM32F1xx_HAL_Driver/Src/stm32f1xx_hal_gpio_ex.o
LOAD ./Drivers/STM32F1xx_HAL_Driver/Src/stm32f1xx_hal_pwr.o
LOAD ./Drivers/STM32F1xx_HAL_Driver/Src/stm32f1xx_hal_rcc.o
LOAD ./Drivers/STM32F1xx_HAL_Driver/Src/stm32f1xx_hal_rcc_ex.o
LOAD ./Drivers/STM32F1xx_HAL_Driver/Src/stm32f1xx_hal_tim.o
LOAD ./Drivers/STM32F1xx_HAL_Driver/Src/stm32f1xx_hal_tim_ex.o
LOAD ./Drivers/STM32F1xx_HAL_Driver/Src/stm32f1xx_hal_uart.o
LOAD ./Middlewares/Third_Party/FreeRTOS/Source/CMSIS_RTOS_V2/cmsis_os2.o
LOAD ./Middlewares/Third_Party/FreeRTOS/Source/croutine.o
LOAD ./Middlewares/Third_Party/FreeRTOS/Source/event_groups.o
LOAD ./Middlewares/Third_Party/FreeRTOS/Source/list.o
LOAD ./Middlewares/Third_Party/FreeRTOS/Source/queue.o
LOAD ./Middlewares/Third_Party/FreeRTOS/Source/stream_buffer.o
LOAD ./Middlewares/Third_Party/FreeRTOS/Source/tasks.o
LOAD ./Middlewares/Third_Party/FreeRTOS/Source/timers.o
LOAD ./Middlewares/Third_Party/FreeRTOS/Source/portable/GCC/ARM_CM3/port.o
LOAD ./Middlewares/Third_Party/FreeRTOS/Source/portable/MemMang/heap_3.o
START GROUP
LOAD e:/nueva carpeta/stm32cube/stm32cubeide/plugins/com.st.stm32cube.ide.mcu.externaltools.gnu-tools-for-stm32.9-2020-q2-update.win32_2.0.0.202105311346/tools/bin/../lib/gcc/arm-none-eabi/9.3.1/../../../../arm-none-eabi/lib/thumb/v7-m/nofp\libc_nano.a
LOAD e:/nueva carpeta/stm32cube/stm32cubeide/plugins/com.st.stm32cube.ide.mcu.externaltools.gnu-tools-for-stm32.9-2020-q2-update.win32_2.0.0.202105311346/tools/bin/../lib/gcc/arm-none-eabi/9.3.1/../../../../arm-none-eabi/lib/thumb/v7-m/nofp\libm.a
END GROUP
START GROUP
LOAD e:/nueva carpeta/stm32cube/stm32cubeide/plugins/com.st.stm32cube.ide.mcu.externaltools.gnu-tools-for-stm32.9-2020-q2-update.win32_2.0.0.202105311346/tools/bin/../lib/gcc/arm-none-eabi/9.3.1/thumb/v7-m/nofp\libgcc.a
LOAD e:/nueva carpeta/stm32cube/stm32cubeide/plugins/com.st.stm32cube.ide.mcu.externaltools.gnu-tools-for-stm32.9-2020-q2-update.win32_2.0.0.202105311346/tools/bin/../lib/gcc/arm-none-eabi/9.3.1/../../../../arm-none-eabi/lib/thumb/v7-m/nofp\libc_nano.a
END GROUP
START GROUP
LOAD e:/nueva carpeta/stm32cube/stm32cubeide/plugins/com.st.stm32cube.ide.mcu.externaltools.gnu-tools-for-stm32.9-2020-q2-update.win32_2.0.0.202105311346/tools/bin/../lib/gcc/arm-none-eabi/9.3.1/thumb/v7-m/nofp\libgcc.a
LOAD e:/nueva carpeta/stm32cube/stm32cubeide/plugins/com.st.stm32cube.ide.mcu.externaltools.gnu-tools-for-stm32.9-2020-q2-update.win32_2.0.0.202105311346/tools/bin/../lib/gcc/arm-none-eabi/9.3.1/../../../../arm-none-eabi/lib/thumb/v7-m/nofp\libc_nano.a
LOAD e:/nueva carpeta/stm32cube/stm32cubeide/plugins/com.st.stm32cube.ide.mcu.externaltools.gnu-tools-for-stm32.9-2020-q2-update.win32_2.0.0.202105311346/tools/bin/../lib/gcc/arm-none-eabi/9.3.1/../../../../arm-none-eabi/lib/thumb/v7-m/nofp\libnosys.a
END GROUP
START GROUP
LOAD e:/nueva carpeta/stm32cube/stm32cubeide/plugins/com.st.stm32cube.ide.mcu.externaltools.gnu-tools-for-stm32.9-2020-q2-update.win32_2.0.0.202105311346/tools/bin/../lib/gcc/arm-none-eabi/9.3.1/thumb/v7-m/nofp\libgcc.a
LOAD e:/nueva carpeta/stm32cube/stm32cubeide/plugins/com.st.stm32cube.ide.mcu.externaltools.gnu-tools-for-stm32.9-2020-q2-update.win32_2.0.0.202105311346/tools/bin/../lib/gcc/arm-none-eabi/9.3.1/../../../../arm-none-eabi/lib/thumb/v7-m/nofp\libc_nano.a
LOAD e:/nueva carpeta/stm32cube/stm32cubeide/plugins/com.st.stm32cube.ide.mcu.externaltools.gnu-tools-for-stm32.9-2020-q2-update.win32_2.0.0.202105311346/tools/bin/../lib/gcc/arm-none-eabi/9.3.1/../../../../arm-none-eabi/lib/thumb/v7-m/nofp\libnosys.a
END GROUP
LOAD e:/nueva carpeta/stm32cube/stm32cubeide/plugins/com.st.stm32cube.ide.mcu.externaltools.gnu-tools-for-stm32.9-2020-q2-update.win32_2.0.0.202105311346/tools/bin/../lib/gcc/arm-none-eabi/9.3.1/thumb/v7-m/nofp/crtend.o
LOAD e:/nueva carpeta/stm32cube/stm32cubeide/plugins/com.st.stm32cube.ide.mcu.externaltools.gnu-tools-for-stm32.9-2020-q2-update.win32_2.0.0.202105311346/tools/bin/../lib/gcc/arm-none-eabi/9.3.1/thumb/v7-m/nofp/crtn.o
                0x0000000020005000                _estack = (ORIGIN (RAM) + LENGTH (RAM))
                0x0000000000000200                _Min_Heap_Size = 0x200
                0x0000000000000400                _Min_Stack_Size = 0x400

.isr_vector     0x0000000008000000      0x10c
                0x0000000008000000                . = ALIGN (0x4)
 *(.isr_vector)
 .isr_vector    0x0000000008000000      0x10c ./Core/Startup/startup_stm32f103c8tx.o
                0x0000000008000000                g_pfnVectors
                0x000000000800010c                . = ALIGN (0x4)

.text           0x0000000008000110     0x9f54
                0x0000000008000110                . = ALIGN (0x4)
 *(.text)
 .text          0x0000000008000110       0x40 e:/nueva carpeta/stm32cube/stm32cubeide/plugins/com.st.stm32cube.ide.mcu.externaltools.gnu-tools-for-stm32.9-2020-q2-update.win32_2.0.0.202105311346/tools/bin/../lib/gcc/arm-none-eabi/9.3.1/thumb/v7-m/nofp/crtbegin.o
 .text          0x0000000008000150      0x21c e:/nueva carpeta/stm32cube/stm32cubeide/plugins/com.st.stm32cube.ide.mcu.externaltools.gnu-tools-for-stm32.9-2020-q2-update.win32_2.0.0.202105311346/tools/bin/../lib/gcc/arm-none-eabi/9.3.1/thumb/v7-m/nofp\libgcc.a(_arm_addsubsf3.o)
                0x0000000008000150                __aeabi_frsub
                0x0000000008000158                __subsf3
                0x0000000008000158                __aeabi_fsub
                0x000000000800015c                __aeabi_fadd
                0x000000000800015c                __addsf3
                0x00000000080002bc                __aeabi_ui2f
                0x00000000080002bc                __floatunsisf
                0x00000000080002c4                __aeabi_i2f
                0x00000000080002c4                __floatsisf
                0x00000000080002e0                __aeabi_ul2f
                0x00000000080002e0                __floatundisf
                0x00000000080002f0                __aeabi_l2f
                0x00000000080002f0                __floatdisf
 .text          0x000000000800036c      0x2a0 e:/nueva carpeta/stm32cube/stm32cubeide/plugins/com.st.stm32cube.ide.mcu.externaltools.gnu-tools-for-stm32.9-2020-q2-update.win32_2.0.0.202105311346/tools/bin/../lib/gcc/arm-none-eabi/9.3.1/thumb/v7-m/nofp\libgcc.a(_arm_muldivsf3.o)
                0x000000000800036c                __mulsf3
                0x000000000800036c                __aeabi_fmul
                0x00000000080004d4                __aeabi_fdiv
                0x00000000080004d4                __divsf3
 .text          0x000000000800060c       0xec e:/nueva carpeta/stm32cube/stm32cubeide/plugins/com.st.stm32cube.ide.mcu.externaltools.gnu-tools-for-stm32.9-2020-q2-update.win32_2.0.0.202105311346/tools/bin/../lib/gcc/arm-none-eabi/9.3.1/thumb/v7-m/nofp\libgcc.a(_arm_cmpsf2.o)
                0x000000000800060c                __gesf2
                0x000000000800060c                __gtsf2
                0x0000000008000614                __lesf2
                0x0000000008000614                __ltsf2
                0x000000000800061c                __nesf2
                0x000000000800061c                __eqsf2
                0x000000000800061c                __cmpsf2
                0x000000000800067c                __aeabi_cfrcmple
                0x0000000008000684                __aeabi_cfcmpeq
                0x0000000008000684                __aeabi_cfcmple
                0x0000000008000694                __aeabi_fcmpeq
                0x00000000080006a8                __aeabi_fcmplt
                0x00000000080006bc                __aeabi_fcmple
                0x00000000080006d0                __aeabi_fcmpge
                0x00000000080006e4                __aeabi_fcmpgt
 *(.text*)
 .text.RingAdd  0x00000000080006f8       0x8c ./Core/Src/Modbus.o
                0x00000000080006f8                RingAdd
 .text.RingGetAllBytes
                0x0000000008000784       0x24 ./Core/Src/Modbus.o
                0x0000000008000784                RingGetAllBytes
 .text.RingGetNBytes
                0x00000000080007a8       0xa8 ./Core/Src/Modbus.o
                0x00000000080007a8                RingGetNBytes
 .text.RingClear
                0x0000000008000850       0x32 ./Core/Src/Modbus.o
                0x0000000008000850                RingClear
 *fill*         0x0000000008000882        0x2 
 .text.ModbusInit
                0x0000000008000884      0x144 ./Core/Src/Modbus.o
                0x0000000008000884                ModbusInit
 .text.ModbusStart
                0x00000000080009c8      0x108 ./Core/Src/Modbus.o
                0x00000000080009c8                ModbusStart
 .text.vTimerCallbackT35
                0x0000000008000ad0       0x84 ./Core/Src/Modbus.o
 .text.vTimerCallbackTimeout
                0x0000000008000b54       0x5c ./Core/Src/Modbus.o
 .text.StartTaskModbusSlave
                0x0000000008000bb0      0x19c ./Core/Src/Modbus.o
                0x0000000008000bb0                StartTaskModbusSlave
 .text.SendQuery
                0x0000000008000d4c      0x2d8 ./Core/Src/Modbus.o
 .text.StartTaskModbusMaster
                0x0000000008001024      0x1ac ./Core/Src/Modbus.o
                0x0000000008001024                StartTaskModbusMaster
 .text.get_FC1  0x00000000080011d0       0xae ./Core/Src/Modbus.o
 .text.get_FC3  0x000000000800127e       0x5c ./Core/Src/Modbus.o
 *fill*         0x00000000080012da        0x2 
 .text.validateAnswer
                0x00000000080012dc       0xdc ./Core/Src/Modbus.o
 .text.getRxBuffer
                0x00000000080013b8       0x92 ./Core/Src/Modbus.o
 *fill*         0x000000000800144a        0x2 
 .text.validateRequest
                0x000000000800144c      0x294 ./Core/Src/Modbus.o
 .text.word     0x00000000080016e0       0x24 ./Core/Src/Modbus.o
 .text.calcCRC  0x0000000008001704       0x8c ./Core/Src/Modbus.o
                0x0000000008001704                calcCRC
 .text.buildException
                0x0000000008001790       0x3c ./Core/Src/Modbus.o
 .text.sendTxBuffer
                0x00000000080017cc      0x120 ./Core/Src/Modbus.o
 .text.process_FC1
                0x00000000080018ec      0x16a ./Core/Src/Modbus.o
 .text.process_FC3
                0x0000000008001a56       0xd6 ./Core/Src/Modbus.o
 .text.process_FC5
                0x0000000008001b2c       0xb2 ./Core/Src/Modbus.o
 .text.process_FC6
                0x0000000008001bde       0x64 ./Core/Src/Modbus.o
 .text.process_FC15
                0x0000000008001c42      0x11c ./Core/Src/Modbus.o
 .text.process_FC16
                0x0000000008001d5e       0xac ./Core/Src/Modbus.o
 *fill*         0x0000000008001e0a        0x2 
 .text.HAL_UART_TxCpltCallback
                0x0000000008001e0c       0x7c ./Core/Src/UARTCallback.o
                0x0000000008001e0c                HAL_UART_TxCpltCallback
 .text.HAL_UART_RxCpltCallback
                0x0000000008001e88       0xd4 ./Core/Src/UARTCallback.o
                0x0000000008001e88                HAL_UART_RxCpltCallback
 .text.HAL_GPIO_EXTI_Callback
                0x0000000008001f5c      0x198 ./Core/Src/main.o
                0x0000000008001f5c                HAL_GPIO_EXTI_Callback
 .text.Sentido  0x00000000080020f4       0x70 ./Core/Src/main.o
                0x00000000080020f4                Sentido
 .text.main     0x0000000008002164      0x114 ./Core/Src/main.o
                0x0000000008002164                main
 .text.SystemClock_Config
                0x0000000008002278       0xb6 ./Core/Src/main.o
                0x0000000008002278                SystemClock_Config
 *fill*         0x000000000800232e        0x2 
 .text.MX_ADC1_Init
                0x0000000008002330       0xc8 ./Core/Src/main.o
 .text.MX_TIM1_Init
                0x00000000080023f8      0x188 ./Core/Src/main.o
 .text.MX_TIM2_Init
                0x0000000008002580       0x98 ./Core/Src/main.o
 .text.MX_USART3_UART_Init
                0x0000000008002618       0x54 ./Core/Src/main.o
 .text.MX_DMA_Init
                0x000000000800266c       0x3c ./Core/Src/main.o
 .text.MX_GPIO_Init
                0x00000000080026a8      0x138 ./Core/Src/main.o
 .text.StartModbus
                0x00000000080027e0       0x54 ./Core/Src/main.o
                0x00000000080027e0                StartModbus
 .text.StartADC
                0x0000000008002834       0x12 ./Core/Src/main.o
                0x0000000008002834                StartADC
 *fill*         0x0000000008002846        0x2 
 .text.StartEncoders
                0x0000000008002848       0xa4 ./Core/Src/main.o
                0x0000000008002848                StartEncoders
 .text.StartControl
                0x00000000080028ec       0x10 ./Core/Src/main.o
                0x00000000080028ec                StartControl
 .text.HAL_TIM_PeriodElapsedCallback
                0x00000000080028fc       0x3c ./Core/Src/main.o
                0x00000000080028fc                HAL_TIM_PeriodElapsedCallback
 .text.Error_Handler
                0x0000000008002938        0xa ./Core/Src/main.o
                0x0000000008002938                Error_Handler
 *fill*         0x0000000008002942        0x2 
 .text.HAL_MspInit
                0x0000000008002944       0x70 ./Core/Src/stm32f1xx_hal_msp.o
                0x0000000008002944                HAL_MspInit
 .text.HAL_ADC_MspInit
                0x00000000080029b4       0xe0 ./Core/Src/stm32f1xx_hal_msp.o
                0x00000000080029b4                HAL_ADC_MspInit
 .text.HAL_TIM_Base_MspInit
                0x0000000008002a94       0x70 ./Core/Src/stm32f1xx_hal_msp.o
                0x0000000008002a94                HAL_TIM_Base_MspInit
 .text.HAL_TIM_MspPostInit
                0x0000000008002b04       0x68 ./Core/Src/stm32f1xx_hal_msp.o
                0x0000000008002b04                HAL_TIM_MspPostInit
 .text.HAL_UART_MspInit
                0x0000000008002b6c       0xa8 ./Core/Src/stm32f1xx_hal_msp.o
                0x0000000008002b6c                HAL_UART_MspInit
 .text.HAL_InitTick
                0x0000000008002c14       0xb0 ./Core/Src/stm32f1xx_hal_timebase_tim.o
                0x0000000008002c14                HAL_InitTick
 .text.NMI_Handler
                0x0000000008002cc4        0x6 ./Core/Src/stm32f1xx_it.o
                0x0000000008002cc4                NMI_Handler
 .text.HardFault_Handler
                0x0000000008002cca        0x6 ./Core/Src/stm32f1xx_it.o
                0x0000000008002cca                HardFault_Handler
 .text.MemManage_Handler
                0x0000000008002cd0        0x6 ./Core/Src/stm32f1xx_it.o
                0x0000000008002cd0                MemManage_Handler
 .text.BusFault_Handler
                0x0000000008002cd6        0x6 ./Core/Src/stm32f1xx_it.o
                0x0000000008002cd6                BusFault_Handler
 .text.UsageFault_Handler
                0x0000000008002cdc        0x6 ./Core/Src/stm32f1xx_it.o
                0x0000000008002cdc                UsageFault_Handler
 .text.DebugMon_Handler
                0x0000000008002ce2        0xc ./Core/Src/stm32f1xx_it.o
                0x0000000008002ce2                DebugMon_Handler
 *fill*         0x0000000008002cee        0x2 
 .text.DMA1_Channel1_IRQHandler
                0x0000000008002cf0       0x14 ./Core/Src/stm32f1xx_it.o
                0x0000000008002cf0                DMA1_Channel1_IRQHandler
 .text.ADC1_2_IRQHandler
                0x0000000008002d04       0x14 ./Core/Src/stm32f1xx_it.o
                0x0000000008002d04                ADC1_2_IRQHandler
 .text.EXTI9_5_IRQHandler
                0x0000000008002d18       0x24 ./Core/Src/stm32f1xx_it.o
                0x0000000008002d18                EXTI9_5_IRQHandler
 .text.TIM2_IRQHandler
                0x0000000008002d3c       0x14 ./Core/Src/stm32f1xx_it.o
                0x0000000008002d3c                TIM2_IRQHandler
 .text.TIM4_IRQHandler
                0x0000000008002d50       0x14 ./Core/Src/stm32f1xx_it.o
                0x0000000008002d50                TIM4_IRQHandler
 .text.USART3_IRQHandler
                0x0000000008002d64       0x14 ./Core/Src/stm32f1xx_it.o
                0x0000000008002d64                USART3_IRQHandler
 .text._sbrk    0x0000000008002d78       0x6c ./Core/Src/sysmem.o
                0x0000000008002d78                _sbrk
 .text.SystemInit
                0x0000000008002de4        0xc ./Core/Src/system_stm32f1xx.o
                0x0000000008002de4                SystemInit
 .text.Reset_Handler
                0x0000000008002df0       0x48 ./Core/Startup/startup_stm32f103c8tx.o
                0x0000000008002df0                Reset_Handler
 .text.Default_Handler
                0x0000000008002e38        0x2 ./Core/Startup/startup_stm32f103c8tx.o
                0x0000000008002e38                RTC_Alarm_IRQHandler
                0x0000000008002e38                EXTI2_IRQHandler
                0x0000000008002e38                TIM1_CC_IRQHandler
                0x0000000008002e38                PVD_IRQHandler
                0x0000000008002e38                EXTI3_IRQHandler
                0x0000000008002e38                EXTI0_IRQHandler
                0x0000000008002e38                I2C2_EV_IRQHandler
                0x0000000008002e38                SPI1_IRQHandler
                0x0000000008002e38                TAMPER_IRQHandler
                0x0000000008002e38                DMA1_Channel4_IRQHandler
                0x0000000008002e38                RTC_IRQHandler
                0x0000000008002e38                DMA1_Channel7_IRQHandler
                0x0000000008002e38                CAN1_RX1_IRQHandler
                0x0000000008002e38                I2C1_EV_IRQHandler
                0x0000000008002e38                DMA1_Channel6_IRQHandler
                0x0000000008002e38                TIM3_IRQHandler
                0x0000000008002e38                RCC_IRQHandler
                0x0000000008002e38                TIM1_TRG_COM_IRQHandler
                0x0000000008002e38                Default_Handler
                0x0000000008002e38                EXTI15_10_IRQHandler
                0x0000000008002e38                SPI2_IRQHandler
                0x0000000008002e38                DMA1_Channel5_IRQHandler
                0x0000000008002e38                EXTI4_IRQHandler
                0x0000000008002e38                USB_LP_CAN1_RX0_IRQHandler
                0x0000000008002e38                USB_HP_CAN1_TX_IRQHandler
                0x0000000008002e38                DMA1_Channel3_IRQHandler
                0x0000000008002e38                TIM1_UP_IRQHandler
                0x0000000008002e38                WWDG_IRQHandler
                0x0000000008002e38                TIM1_BRK_IRQHandler
                0x0000000008002e38                EXTI1_IRQHandler
                0x0000000008002e38                USART2_IRQHandler
                0x0000000008002e38                I2C2_ER_IRQHandler
                0x0000000008002e38                DMA1_Channel2_IRQHandler
                0x0000000008002e38                CAN1_SCE_IRQHandler
                0x0000000008002e38                FLASH_IRQHandler
                0x0000000008002e38                USART1_IRQHandler
                0x0000000008002e38                I2C1_ER_IRQHandler
                0x0000000008002e38                USBWakeUp_IRQHandler
 *fill*         0x0000000008002e3a        0x2 
 .text.HAL_Init
                0x0000000008002e3c       0x2c ./Drivers/STM32F1xx_HAL_Driver/Src/stm32f1xx_hal.o
                0x0000000008002e3c                HAL_Init
 .text.HAL_IncTick
                0x0000000008002e68       0x24 ./Drivers/STM32F1xx_HAL_Driver/Src/stm32f1xx_hal.o
                0x0000000008002e68                HAL_IncTick
 .text.HAL_GetTick
                0x0000000008002e8c       0x14 ./Drivers/STM32F1xx_HAL_Driver/Src/stm32f1xx_hal.o
                0x0000000008002e8c                HAL_GetTick
 .text.HAL_ADC_Init
                0x0000000008002ea0      0x1b0 ./Drivers/STM32F1xx_HAL_Driver/Src/stm32f1xx_hal_adc.o
                0x0000000008002ea0                HAL_ADC_Init
 .text.HAL_ADC_IRQHandler
                0x0000000008003050      0x186 ./Drivers/STM32F1xx_HAL_Driver/Src/stm32f1xx_hal_adc.o
                0x0000000008003050                HAL_ADC_IRQHandler
 .text.HAL_ADC_ConvCpltCallback
                0x00000000080031d6       0x12 ./Drivers/STM32F1xx_HAL_Driver/Src/stm32f1xx_hal_adc.o
                0x00000000080031d6                HAL_ADC_ConvCpltCallback
 .text.HAL_ADC_LevelOutOfWindowCallback
                0x00000000080031e8       0x12 ./Drivers/STM32F1xx_HAL_Driver/Src/stm32f1xx_hal_adc.o
                0x00000000080031e8                HAL_ADC_LevelOutOfWindowCallback
 *fill*         0x00000000080031fa        0x2 
 .text.HAL_ADC_ConfigChannel
                0x00000000080031fc      0x1f0 ./Drivers/STM32F1xx_HAL_Driver/Src/stm32f1xx_hal_adc.o
                0x00000000080031fc                HAL_ADC_ConfigChannel
 .text.ADC_ConversionStop_Disable
                0x00000000080033ec       0x82 ./Drivers/STM32F1xx_HAL_Driver/Src/stm32f1xx_hal_adc.o
                0x00000000080033ec                ADC_ConversionStop_Disable
 .text.HAL_ADCEx_InjectedConvCpltCallback
                0x000000000800346e       0x12 ./Drivers/STM32F1xx_HAL_Driver/Src/stm32f1xx_hal_adc_ex.o
                0x000000000800346e                HAL_ADCEx_InjectedConvCpltCallback
 .text.__NVIC_SetPriorityGrouping
                0x0000000008003480       0x48 ./Drivers/STM32F1xx_HAL_Driver/Src/stm32f1xx_hal_cortex.o
 .text.__NVIC_GetPriorityGrouping
                0x00000000080034c8       0x1c ./Drivers/STM32F1xx_HAL_Driver/Src/stm32f1xx_hal_cortex.o
 .text.__NVIC_EnableIRQ
                0x00000000080034e4       0x38 ./Drivers/STM32F1xx_HAL_Driver/Src/stm32f1xx_hal_cortex.o
 .text.__NVIC_SetPriority
                0x000000000800351c       0x54 ./Drivers/STM32F1xx_HAL_Driver/Src/stm32f1xx_hal_cortex.o
 .text.NVIC_EncodePriority
                0x0000000008003570       0x64 ./Drivers/STM32F1xx_HAL_Driver/Src/stm32f1xx_hal_cortex.o
 .text.HAL_NVIC_SetPriorityGrouping
                0x00000000080035d4       0x16 ./Drivers/STM32F1xx_HAL_Driver/Src/stm32f1xx_hal_cortex.o
                0x00000000080035d4                HAL_NVIC_SetPriorityGrouping
 .text.HAL_NVIC_SetPriority
                0x00000000080035ea       0x38 ./Drivers/STM32F1xx_HAL_Driver/Src/stm32f1xx_hal_cortex.o
                0x00000000080035ea                HAL_NVIC_SetPriority
 .text.HAL_NVIC_EnableIRQ
                0x0000000008003622       0x1c ./Drivers/STM32F1xx_HAL_Driver/Src/stm32f1xx_hal_cortex.o
                0x0000000008003622                HAL_NVIC_EnableIRQ
 *fill*         0x000000000800363e        0x2 
 .text.HAL_DMA_Init
                0x0000000008003640       0xb4 ./Drivers/STM32F1xx_HAL_Driver/Src/stm32f1xx_hal_dma.o
                0x0000000008003640                HAL_DMA_Init
 .text.HAL_DMA_Abort
                0x00000000080036f4       0x74 ./Drivers/STM32F1xx_HAL_Driver/Src/stm32f1xx_hal_dma.o
                0x00000000080036f4                HAL_DMA_Abort
 .text.HAL_DMA_Abort_IT
                0x0000000008003768       0xec ./Drivers/STM32F1xx_HAL_Driver/Src/stm32f1xx_hal_dma.o
                0x0000000008003768                HAL_DMA_Abort_IT
 .text.HAL_DMA_IRQHandler
                0x0000000008003854      0x20c ./Drivers/STM32F1xx_HAL_Driver/Src/stm32f1xx_hal_dma.o
                0x0000000008003854                HAL_DMA_IRQHandler
 .text.HAL_GPIO_Init
                0x0000000008003a60      0x308 ./Drivers/STM32F1xx_HAL_Driver/Src/stm32f1xx_hal_gpio.o
                0x0000000008003a60                HAL_GPIO_Init
 .text.HAL_GPIO_WritePin
                0x0000000008003d68       0x30 ./Drivers/STM32F1xx_HAL_Driver/Src/stm32f1xx_hal_gpio.o
                0x0000000008003d68                HAL_GPIO_WritePin
 .text.HAL_GPIO_EXTI_IRQHandler
                0x0000000008003d98       0x30 ./Drivers/STM32F1xx_HAL_Driver/Src/stm32f1xx_hal_gpio.o
                0x0000000008003d98                HAL_GPIO_EXTI_IRQHandler
 .text.HAL_RCC_OscConfig
                0x0000000008003dc8      0x500 ./Drivers/STM32F1xx_HAL_Driver/Src/stm32f1xx_hal_rcc.o
                0x0000000008003dc8                HAL_RCC_OscConfig
 .text.HAL_RCC_ClockConfig
                0x00000000080042c8      0x1d4 ./Drivers/STM32F1xx_HAL_Driver/Src/stm32f1xx_hal_rcc.o
                0x00000000080042c8                HAL_RCC_ClockConfig
 .text.HAL_RCC_GetSysClockFreq
                0x000000000800449c       0xc0 ./Drivers/STM32F1xx_HAL_Driver/Src/stm32f1xx_hal_rcc.o
                0x000000000800449c                HAL_RCC_GetSysClockFreq
 .text.HAL_RCC_GetHCLKFreq
                0x000000000800455c       0x14 ./Drivers/STM32F1xx_HAL_Driver/Src/stm32f1xx_hal_rcc.o
                0x000000000800455c                HAL_RCC_GetHCLKFreq
 .text.HAL_RCC_GetPCLK1Freq
                0x0000000008004570       0x28 ./Drivers/STM32F1xx_HAL_Driver/Src/stm32f1xx_hal_rcc.o
                0x0000000008004570                HAL_RCC_GetPCLK1Freq
 .text.HAL_RCC_GetPCLK2Freq
                0x0000000008004598       0x28 ./Drivers/STM32F1xx_HAL_Driver/Src/stm32f1xx_hal_rcc.o
                0x0000000008004598                HAL_RCC_GetPCLK2Freq
 .text.HAL_RCC_GetClockConfig
                0x00000000080045c0       0x60 ./Drivers/STM32F1xx_HAL_Driver/Src/stm32f1xx_hal_rcc.o
                0x00000000080045c0                HAL_RCC_GetClockConfig
 .text.RCC_Delay
                0x0000000008004620       0x3c ./Drivers/STM32F1xx_HAL_Driver/Src/stm32f1xx_hal_rcc.o
 .text.HAL_RCCEx_PeriphCLKConfig
                0x000000000800465c      0x16c ./Drivers/STM32F1xx_HAL_Driver/Src/stm32f1xx_hal_rcc_ex.o
                0x000000000800465c                HAL_RCCEx_PeriphCLKConfig
 .text.HAL_TIM_Base_Init
                0x00000000080047c8       0x9e ./Drivers/STM32F1xx_HAL_Driver/Src/stm32f1xx_hal_tim.o
                0x00000000080047c8                HAL_TIM_Base_Init
 *fill*         0x0000000008004866        0x2 
 .text.HAL_TIM_Base_Start_IT
                0x0000000008004868       0xa4 ./Drivers/STM32F1xx_HAL_Driver/Src/stm32f1xx_hal_tim.o
                0x0000000008004868                HAL_TIM_Base_Start_IT
 .text.HAL_TIM_PWM_Init
                0x000000000800490c       0x9e ./Drivers/STM32F1xx_HAL_Driver/Src/stm32f1xx_hal_tim.o
                0x000000000800490c                HAL_TIM_PWM_Init
 .text.HAL_TIM_PWM_MspInit
                0x00000000080049aa       0x12 ./Drivers/STM32F1xx_HAL_Driver/Src/stm32f1xx_hal_tim.o
                0x00000000080049aa                HAL_TIM_PWM_MspInit
 .text.HAL_TIM_PWM_Start
                0x00000000080049bc      0x144 ./Drivers/STM32F1xx_HAL_Driver/Src/stm32f1xx_hal_tim.o
                0x00000000080049bc                HAL_TIM_PWM_Start
 .text.HAL_TIM_IRQHandler
                0x0000000008004b00      0x210 ./Drivers/STM32F1xx_HAL_Driver/Src/stm32f1xx_hal_tim.o
                0x0000000008004b00                HAL_TIM_IRQHandler
 .text.HAL_TIM_PWM_ConfigChannel
                0x0000000008004d10      0x17c ./Drivers/STM32F1xx_HAL_Driver/Src/stm32f1xx_hal_tim.o
                0x0000000008004d10                HAL_TIM_PWM_ConfigChannel
 .text.HAL_TIM_ConfigClockSource
                0x0000000008004e8c      0x188 ./Drivers/STM32F1xx_HAL_Driver/Src/stm32f1xx_hal_tim.o
                0x0000000008004e8c                HAL_TIM_ConfigClockSource
 .text.HAL_TIM_OC_DelayElapsedCallback
                0x0000000008005014       0x12 ./Drivers/STM32F1xx_HAL_Driver/Src/stm32f1xx_hal_tim.o
                0x0000000008005014                HAL_TIM_OC_DelayElapsedCallback
 .text.HAL_TIM_IC_CaptureCallback
                0x0000000008005026       0x12 ./Drivers/STM32F1xx_HAL_Driver/Src/stm32f1xx_hal_tim.o
                0x0000000008005026                HAL_TIM_IC_CaptureCallback
 .text.HAL_TIM_PWM_PulseFinishedCallback
                0x0000000008005038       0x12 ./Drivers/STM32F1xx_HAL_Driver/Src/stm32f1xx_hal_tim.o
                0x0000000008005038                HAL_TIM_PWM_PulseFinishedCallback
 .text.HAL_TIM_TriggerCallback
                0x000000000800504a       0x12 ./Drivers/STM32F1xx_HAL_Driver/Src/stm32f1xx_hal_tim.o
                0x000000000800504a                HAL_TIM_TriggerCallback
 .text.TIM_Base_SetConfig
                0x000000000800505c       0xc4 ./Drivers/STM32F1xx_HAL_Driver/Src/stm32f1xx_hal_tim.o
                0x000000000800505c                TIM_Base_SetConfig
 .text.TIM_OC1_SetConfig
                0x0000000008005120       0xcc ./Drivers/STM32F1xx_HAL_Driver/Src/stm32f1xx_hal_tim.o
 .text.TIM_OC2_SetConfig
                0x00000000080051ec       0xd4 ./Drivers/STM32F1xx_HAL_Driver/Src/stm32f1xx_hal_tim.o
                0x00000000080051ec                TIM_OC2_SetConfig
 .text.TIM_OC3_SetConfig
                0x00000000080052c0       0xd4 ./Drivers/STM32F1xx_HAL_Driver/Src/stm32f1xx_hal_tim.o
 .text.TIM_OC4_SetConfig
                0x0000000008005394       0x9c ./Drivers/STM32F1xx_HAL_Driver/Src/stm32f1xx_hal_tim.o
 .text.TIM_TI1_ConfigInputStage
                0x0000000008005430       0x5c ./Drivers/STM32F1xx_HAL_Driver/Src/stm32f1xx_hal_tim.o
 .text.TIM_TI2_ConfigInputStage
                0x000000000800548c       0x5e ./Drivers/STM32F1xx_HAL_Driver/Src/stm32f1xx_hal_tim.o
 .text.TIM_ITRx_SetConfig
                0x00000000080054ea       0x34 ./Drivers/STM32F1xx_HAL_Driver/Src/stm32f1xx_hal_tim.o
 .text.TIM_ETR_SetConfig
                0x000000000800551e       0x3e ./Drivers/STM32F1xx_HAL_Driver/Src/stm32f1xx_hal_tim.o
                0x000000000800551e                TIM_ETR_SetConfig
 .text.TIM_CCxChannelCmd
                0x000000000800555c       0x48 ./Drivers/STM32F1xx_HAL_Driver/Src/stm32f1xx_hal_tim.o
                0x000000000800555c                TIM_CCxChannelCmd
 .text.HAL_TIMEx_MasterConfigSynchronization
                0x00000000080055a4       0xbc ./Drivers/STM32F1xx_HAL_Driver/Src/stm32f1xx_hal_tim_ex.o
                0x00000000080055a4                HAL_TIMEx_MasterConfigSynchronization
 .text.HAL_TIMEx_ConfigBreakDeadTime
                0x0000000008005660       0xa2 ./Drivers/STM32F1xx_HAL_Driver/Src/stm32f1xx_hal_tim_ex.o
                0x0000000008005660                HAL_TIMEx_ConfigBreakDeadTime
 .text.HAL_TIMEx_CommutCallback
                0x0000000008005702       0x12 ./Drivers/STM32F1xx_HAL_Driver/Src/stm32f1xx_hal_tim_ex.o
                0x0000000008005702                HAL_TIMEx_CommutCallback
 .text.HAL_TIMEx_BreakCallback
                0x0000000008005714       0x12 ./Drivers/STM32F1xx_HAL_Driver/Src/stm32f1xx_hal_tim_ex.o
                0x0000000008005714                HAL_TIMEx_BreakCallback
 .text.HAL_UART_Init
                0x0000000008005726       0x9a ./Drivers/STM32F1xx_HAL_Driver/Src/stm32f1xx_hal_uart.o
                0x0000000008005726                HAL_UART_Init
 .text.HAL_UART_Transmit_IT
                0x00000000080057c0       0x88 ./Drivers/STM32F1xx_HAL_Driver/Src/stm32f1xx_hal_uart.o
                0x00000000080057c0                HAL_UART_Transmit_IT
 .text.HAL_UART_Receive_IT
                0x0000000008005848       0x60 ./Drivers/STM32F1xx_HAL_Driver/Src/stm32f1xx_hal_uart.o
                0x0000000008005848                HAL_UART_Receive_IT
 .text.HAL_UART_AbortReceive_IT
                0x00000000080058a8       0xd4 ./Drivers/STM32F1xx_HAL_Driver/Src/stm32f1xx_hal_uart.o
                0x00000000080058a8                HAL_UART_AbortReceive_IT
 .text.HAL_UART_IRQHandler
                0x000000000800597c      0x354 ./Drivers/STM32F1xx_HAL_Driver/Src/stm32f1xx_hal_uart.o
                0x000000000800597c                HAL_UART_IRQHandler
 .text.HAL_UART_ErrorCallback
                0x0000000008005cd0       0x12 ./Drivers/STM32F1xx_HAL_Driver/Src/stm32f1xx_hal_uart.o
                0x0000000008005cd0                HAL_UART_ErrorCallback
 .text.HAL_UART_AbortReceiveCpltCallback
                0x0000000008005ce2       0x12 ./Drivers/STM32F1xx_HAL_Driver/Src/stm32f1xx_hal_uart.o
                0x0000000008005ce2                HAL_UART_AbortReceiveCpltCallback
 .text.HAL_UARTEx_RxEventCallback
                0x0000000008005cf4       0x16 ./Drivers/STM32F1xx_HAL_Driver/Src/stm32f1xx_hal_uart.o
                0x0000000008005cf4                HAL_UARTEx_RxEventCallback
 .text.HAL_HalfDuplex_EnableTransmitter
                0x0000000008005d0a       0x66 ./Drivers/STM32F1xx_HAL_Driver/Src/stm32f1xx_hal_uart.o
                0x0000000008005d0a                HAL_HalfDuplex_EnableTransmitter
 .text.HAL_HalfDuplex_EnableReceiver
                0x0000000008005d70       0x66 ./Drivers/STM32F1xx_HAL_Driver/Src/stm32f1xx_hal_uart.o
                0x0000000008005d70                HAL_HalfDuplex_EnableReceiver
 .text.HAL_UART_GetState
                0x0000000008005dd6       0x3a ./Drivers/STM32F1xx_HAL_Driver/Src/stm32f1xx_hal_uart.o
                0x0000000008005dd6                HAL_UART_GetState
 .text.UART_Start_Receive_IT
                0x0000000008005e10       0x72 ./Drivers/STM32F1xx_HAL_Driver/Src/stm32f1xx_hal_uart.o
                0x0000000008005e10                UART_Start_Receive_IT
 .text.UART_EndRxTransfer
                0x0000000008005e82       0x58 ./Drivers/STM32F1xx_HAL_Driver/Src/stm32f1xx_hal_uart.o
 .text.UART_DMAAbortOnError
                0x0000000008005eda       0x28 ./Drivers/STM32F1xx_HAL_Driver/Src/stm32f1xx_hal_uart.o
 .text.UART_DMARxOnlyAbortCallback
                0x0000000008005f02       0x30 ./Drivers/STM32F1xx_HAL_Driver/Src/stm32f1xx_hal_uart.o
 .text.UART_Transmit_IT
                0x0000000008005f32       0x9e ./Drivers/STM32F1xx_HAL_Driver/Src/stm32f1xx_hal_uart.o
 .text.UART_EndTransmit_IT
                0x0000000008005fd0       0x30 ./Drivers/STM32F1xx_HAL_Driver/Src/stm32f1xx_hal_uart.o
 .text.UART_Receive_IT
                0x0000000008006000      0x152 ./Drivers/STM32F1xx_HAL_Driver/Src/stm32f1xx_hal_uart.o
 *fill*         0x0000000008006152        0x2 
 .text.UART_SetConfig
                0x0000000008006154      0x11c ./Drivers/STM32F1xx_HAL_Driver/Src/stm32f1xx_hal_uart.o
 .text.osKernelInitialize
                0x0000000008006270       0x64 ./Middlewares/Third_Party/FreeRTOS/Source/CMSIS_RTOS_V2/cmsis_os2.o
                0x0000000008006270                osKernelInitialize
 .text.osKernelStart
                0x00000000080062d4       0x68 ./Middlewares/Third_Party/FreeRTOS/Source/CMSIS_RTOS_V2/cmsis_os2.o
                0x00000000080062d4                osKernelStart
 .text.osThreadNew
                0x000000000800633c      0x154 ./Middlewares/Third_Party/FreeRTOS/Source/CMSIS_RTOS_V2/cmsis_os2.o
                0x000000000800633c                osThreadNew
 .text.osDelay  0x0000000008006490       0x5c ./Middlewares/Third_Party/FreeRTOS/Source/CMSIS_RTOS_V2/cmsis_os2.o
                0x0000000008006490                osDelay
 .text.osSemaphoreNew
                0x00000000080064ec      0x138 ./Middlewares/Third_Party/FreeRTOS/Source/CMSIS_RTOS_V2/cmsis_os2.o
                0x00000000080064ec                osSemaphoreNew
 .text.osMessageQueueNew
                0x0000000008006624      0x10c ./Middlewares/Third_Party/FreeRTOS/Source/CMSIS_RTOS_V2/cmsis_os2.o
                0x0000000008006624                osMessageQueueNew
 .text.osMessageQueueGet
                0x0000000008006730       0xe4 ./Middlewares/Third_Party/FreeRTOS/Source/CMSIS_RTOS_V2/cmsis_os2.o
                0x0000000008006730                osMessageQueueGet
 .text.vApplicationGetIdleTaskMemory
                0x0000000008006814       0x30 ./Middlewares/Third_Party/FreeRTOS/Source/CMSIS_RTOS_V2/cmsis_os2.o
                0x0000000008006814                vApplicationGetIdleTaskMemory
 .text.vApplicationGetTimerTaskMemory
                0x0000000008006844       0x34 ./Middlewares/Third_Party/FreeRTOS/Source/CMSIS_RTOS_V2/cmsis_os2.o
                0x0000000008006844                vApplicationGetTimerTaskMemory
 .text.vListInitialise
                0x0000000008006878       0x3e ./Middlewares/Third_Party/FreeRTOS/Source/list.o
                0x0000000008006878                vListInitialise
 .text.vListInitialiseItem
                0x00000000080068b6       0x18 ./Middlewares/Third_Party/FreeRTOS/Source/list.o
                0x00000000080068b6                vListInitialiseItem
 .text.vListInsertEnd
                0x00000000080068ce       0x46 ./Middlewares/Third_Party/FreeRTOS/Source/list.o
                0x00000000080068ce                vListInsertEnd
 .text.vListInsert
                0x0000000008006914       0x70 ./Middlewares/Third_Party/FreeRTOS/Source/list.o
                0x0000000008006914                vListInsert
 .text.uxListRemove
                0x0000000008006984       0x52 ./Middlewares/Third_Party/FreeRTOS/Source/list.o
                0x0000000008006984                uxListRemove
 *fill*         0x00000000080069d6        0x2 
 .text.xQueueGenericReset
                0x00000000080069d8       0xd0 ./Middlewares/Third_Party/FreeRTOS/Source/queue.o
                0x00000000080069d8                xQueueGenericReset
 .text.xQueueGenericCreateStatic
                0x0000000008006aa8       0xee ./Middlewares/Third_Party/FreeRTOS/Source/queue.o
                0x0000000008006aa8                xQueueGenericCreateStatic
 .text.xQueueGenericCreate
                0x0000000008006b96       0x7c ./Middlewares/Third_Party/FreeRTOS/Source/queue.o
                0x0000000008006b96                xQueueGenericCreate
 .text.prvInitialiseNewQueue
                0x0000000008006c12       0x46 ./Middlewares/Third_Party/FreeRTOS/Source/queue.o
 .text.xQueueCreateCountingSemaphoreStatic
                0x0000000008006c58       0x6e ./Middlewares/Third_Party/FreeRTOS/Source/queue.o
                0x0000000008006c58                xQueueCreateCountingSemaphoreStatic
 .text.xQueueCreateCountingSemaphore
                0x0000000008006cc6       0x66 ./Middlewares/Third_Party/FreeRTOS/Source/queue.o
                0x0000000008006cc6                xQueueCreateCountingSemaphore
 .text.xQueueGenericSend
                0x0000000008006d2c      0x1fc ./Middlewares/Third_Party/FreeRTOS/Source/queue.o
                0x0000000008006d2c                xQueueGenericSend
 .text.xQueueGenericSendFromISR
                0x0000000008006f28      0x130 ./Middlewares/Third_Party/FreeRTOS/Source/queue.o
                0x0000000008006f28                xQueueGenericSendFromISR
 .text.xQueueReceive
                0x0000000008007058      0x1c0 ./Middlewares/Third_Party/FreeRTOS/Source/queue.o
                0x0000000008007058                xQueueReceive
 .text.xQueueSemaphoreTake
                0x0000000008007218      0x218 ./Middlewares/Third_Party/FreeRTOS/Source/queue.o
                0x0000000008007218                xQueueSemaphoreTake
 .text.xQueueReceiveFromISR
                0x0000000008007430      0x100 ./Middlewares/Third_Party/FreeRTOS/Source/queue.o
                0x0000000008007430                xQueueReceiveFromISR
 .text.vQueueDelete
                0x0000000008007530       0x46 ./Middlewares/Third_Party/FreeRTOS/Source/queue.o
                0x0000000008007530                vQueueDelete
 .text.prvGetDisinheritPriorityAfterTimeout
                0x0000000008007576       0x2e ./Middlewares/Third_Party/FreeRTOS/Source/queue.o
 .text.prvCopyDataToQueue
                0x00000000080075a4       0xd4 ./Middlewares/Third_Party/FreeRTOS/Source/queue.o
 .text.prvCopyDataFromQueue
                0x0000000008007678       0x4c ./Middlewares/Third_Party/FreeRTOS/Source/queue.o
 .text.prvUnlockQueue
                0x00000000080076c4       0xa4 ./Middlewares/Third_Party/FreeRTOS/Source/queue.o
 .text.prvIsQueueEmpty
                0x0000000008007768       0x2c ./Middlewares/Third_Party/FreeRTOS/Source/queue.o
 .text.prvIsQueueFull
                0x0000000008007794       0x30 ./Middlewares/Third_Party/FreeRTOS/Source/queue.o
 .text.vQueueAddToRegistry
                0x00000000080077c4       0x50 ./Middlewares/Third_Party/FreeRTOS/Source/queue.o
                0x00000000080077c4                vQueueAddToRegistry
 .text.vQueueUnregisterQueue
                0x0000000008007814       0x54 ./Middlewares/Third_Party/FreeRTOS/Source/queue.o
                0x0000000008007814                vQueueUnregisterQueue
 .text.vQueueWaitForMessageRestricted
                0x0000000008007868       0x68 ./Middlewares/Third_Party/FreeRTOS/Source/queue.o
                0x0000000008007868                vQueueWaitForMessageRestricted
 .text.xTaskCreateStatic
                0x00000000080078d0       0xb8 ./Middlewares/Third_Party/FreeRTOS/Source/tasks.o
                0x00000000080078d0                xTaskCreateStatic
 .text.xTaskCreate
                0x0000000008007988       0x8a ./Middlewares/Third_Party/FreeRTOS/Source/tasks.o
                0x0000000008007988                xTaskCreate
 .text.prvInitialiseNewTask
                0x0000000008007a12      0x10e ./Middlewares/Third_Party/FreeRTOS/Source/tasks.o
 .text.prvAddNewTaskToReadyList
                0x0000000008007b20       0xe0 ./Middlewares/Third_Party/FreeRTOS/Source/tasks.o
 .text.vTaskDelay
                0x0000000008007c00       0x68 ./Middlewares/Third_Party/FreeRTOS/Source/tasks.o
                0x0000000008007c00                vTaskDelay
 .text.vTaskStartScheduler
                0x0000000008007c68       0xcc ./Middlewares/Third_Party/FreeRTOS/Source/tasks.o
                0x0000000008007c68                vTaskStartScheduler
 .text.vTaskSuspendAll
                0x0000000008007d34       0x1c ./Middlewares/Third_Party/FreeRTOS/Source/tasks.o
                0x0000000008007d34                vTaskSuspendAll
 .text.xTaskResumeAll
                0x0000000008007d50      0x13c ./Middlewares/Third_Party/FreeRTOS/Source/tasks.o
                0x0000000008007d50                xTaskResumeAll
 .text.xTaskGetTickCount
                0x0000000008007e8c       0x1c ./Middlewares/Third_Party/FreeRTOS/Source/tasks.o
                0x0000000008007e8c                xTaskGetTickCount
 .text.xTaskGetTickCountFromISR
                0x0000000008007ea8       0x24 ./Middlewares/Third_Party/FreeRTOS/Source/tasks.o
                0x0000000008007ea8                xTaskGetTickCountFromISR
 .text.xTaskIncrementTick
                0x0000000008007ecc      0x17c ./Middlewares/Third_Party/FreeRTOS/Source/tasks.o
                0x0000000008007ecc                xTaskIncrementTick
 .text.vTaskSwitchContext
                0x0000000008008048       0xb8 ./Middlewares/Third_Party/FreeRTOS/Source/tasks.o
                0x0000000008008048                vTaskSwitchContext
 .text.vTaskPlaceOnEventList
                0x0000000008008100       0x48 ./Middlewares/Third_Party/FreeRTOS/Source/tasks.o
                0x0000000008008100                vTaskPlaceOnEventList
 .text.vTaskPlaceOnEventListRestricted
                0x0000000008008148       0x58 ./Middlewares/Third_Party/FreeRTOS/Source/tasks.o
                0x0000000008008148                vTaskPlaceOnEventListRestricted
 .text.xTaskRemoveFromEventList
                0x00000000080081a0       0xc8 ./Middlewares/Third_Party/FreeRTOS/Source/tasks.o
                0x00000000080081a0                xTaskRemoveFromEventList
 .text.vTaskInternalSetTimeOutState
                0x0000000008008268       0x2c ./Middlewares/Third_Party/FreeRTOS/Source/tasks.o
                0x0000000008008268                vTaskInternalSetTimeOutState
 .text.xTaskCheckForTimeOut
                0x0000000008008294       0xc4 ./Middlewares/Third_Party/FreeRTOS/Source/tasks.o
                0x0000000008008294                xTaskCheckForTimeOut
 .text.vTaskMissedYield
                0x0000000008008358       0x18 ./Middlewares/Third_Party/FreeRTOS/Source/tasks.o
                0x0000000008008358                vTaskMissedYield
 .text.prvIdleTask
                0x0000000008008370       0x30 ./Middlewares/Third_Party/FreeRTOS/Source/tasks.o
 .text.prvInitialiseTaskLists
                0x00000000080083a0       0x80 ./Middlewares/Third_Party/FreeRTOS/Source/tasks.o
 .text.prvCheckTasksWaitingTermination
                0x0000000008008420       0x5c ./Middlewares/Third_Party/FreeRTOS/Source/tasks.o
 .text.prvDeleteTCB
                0x000000000800847c       0x5e ./Middlewares/Third_Party/FreeRTOS/Source/tasks.o
 *fill*         0x00000000080084da        0x2 
 .text.prvResetNextTaskUnblockTime
                0x00000000080084dc       0x48 ./Middlewares/Third_Party/FreeRTOS/Source/tasks.o
 .text.xTaskGetSchedulerState
                0x0000000008008524       0x3c ./Middlewares/Third_Party/FreeRTOS/Source/tasks.o
                0x0000000008008524                xTaskGetSchedulerState
 .text.xTaskPriorityInherit
                0x0000000008008560       0xdc ./Middlewares/Third_Party/FreeRTOS/Source/tasks.o
                0x0000000008008560                xTaskPriorityInherit
 .text.xTaskPriorityDisinherit
                0x000000000800863c       0xdc ./Middlewares/Third_Party/FreeRTOS/Source/tasks.o
                0x000000000800863c                xTaskPriorityDisinherit
 .text.vTaskPriorityDisinheritAfterTimeout
                0x0000000008008718      0x10c ./Middlewares/Third_Party/FreeRTOS/Source/tasks.o
                0x0000000008008718                vTaskPriorityDisinheritAfterTimeout
 .text.pvTaskIncrementMutexHeldCount
                0x0000000008008824       0x28 ./Middlewares/Third_Party/FreeRTOS/Source/tasks.o
                0x0000000008008824                pvTaskIncrementMutexHeldCount
 .text.ulTaskNotifyTake
                0x000000000800884c       0x90 ./Middlewares/Third_Party/FreeRTOS/Source/tasks.o
                0x000000000800884c                ulTaskNotifyTake
 .text.xTaskGenericNotify
                0x00000000080088dc      0x148 ./Middlewares/Third_Party/FreeRTOS/Source/tasks.o
                0x00000000080088dc                xTaskGenericNotify
 .text.xTaskGenericNotifyFromISR
                0x0000000008008a24      0x194 ./Middlewares/Third_Party/FreeRTOS/Source/tasks.o
                0x0000000008008a24                xTaskGenericNotifyFromISR
 .text.prvAddCurrentTaskToDelayedList
                0x0000000008008bb8       0xa8 ./Middlewares/Third_Party/FreeRTOS/Source/tasks.o
 .text.xTimerCreateTimerTask
                0x0000000008008c60       0x90 ./Middlewares/Third_Party/FreeRTOS/Source/timers.o
                0x0000000008008c60                xTimerCreateTimerTask
 .text.xTimerCreate
                0x0000000008008cf0       0x42 ./Middlewares/Third_Party/FreeRTOS/Source/timers.o
                0x0000000008008cf0                xTimerCreate
 .text.prvInitialiseNewTimer
                0x0000000008008d32       0x64 ./Middlewares/Third_Party/FreeRTOS/Source/timers.o
 *fill*         0x0000000008008d96        0x2 
 .text.xTimerGenericCommand
                0x0000000008008d98       0x9c ./Middlewares/Third_Party/FreeRTOS/Source/timers.o
                0x0000000008008d98                xTimerGenericCommand
 .text.prvProcessExpiredTimer
                0x0000000008008e34       0x80 ./Middlewares/Third_Party/FreeRTOS/Source/timers.o
 .text.prvTimerTask
                0x0000000008008eb4       0x24 ./Middlewares/Third_Party/FreeRTOS/Source/timers.o
 .text.prvProcessTimerOrBlockTask
                0x0000000008008ed8       0x9c ./Middlewares/Third_Party/FreeRTOS/Source/timers.o
 .text.prvGetNextExpireTime
                0x0000000008008f74       0x48 ./Middlewares/Third_Party/FreeRTOS/Source/timers.o
 .text.prvSampleTimeNow
                0x0000000008008fbc       0x40 ./Middlewares/Third_Party/FreeRTOS/Source/timers.o
 .text.prvInsertTimerInActiveList
                0x0000000008008ffc       0x84 ./Middlewares/Third_Party/FreeRTOS/Source/timers.o
 .text.prvProcessReceivedCommands
                0x0000000008009080      0x168 ./Middlewares/Third_Party/FreeRTOS/Source/timers.o
 .text.prvSwitchTimerLists
                0x00000000080091e8       0xc4 ./Middlewares/Third_Party/FreeRTOS/Source/timers.o
 .text.prvCheckForValidListAndQueue
                0x00000000080092ac       0x80 ./Middlewares/Third_Party/FreeRTOS/Source/timers.o
 .text.pxPortInitialiseStack
                0x000000000800932c       0x58 ./Middlewares/Third_Party/FreeRTOS/Source/portable/GCC/ARM_CM3/port.o
                0x000000000800932c                pxPortInitialiseStack
 .text.prvTaskExitError
                0x0000000008009384       0x58 ./Middlewares/Third_Party/FreeRTOS/Source/portable/GCC/ARM_CM3/port.o
 *fill*         0x00000000080093dc        0x4 
 .text.SVC_Handler
                0x00000000080093e0       0x28 ./Middlewares/Third_Party/FreeRTOS/Source/portable/GCC/ARM_CM3/port.o
                0x00000000080093e0                SVC_Handler
 .text.prvPortStartFirstTask
                0x0000000008009408       0x20 ./Middlewares/Third_Party/FreeRTOS/Source/portable/GCC/ARM_CM3/port.o
 .text.xPortStartScheduler
                0x0000000008009428       0xe4 ./Middlewares/Third_Party/FreeRTOS/Source/portable/GCC/ARM_CM3/port.o
                0x0000000008009428                xPortStartScheduler
 .text.vPortEnterCritical
                0x000000000800950c       0x60 ./Middlewares/Third_Party/FreeRTOS/Source/portable/GCC/ARM_CM3/port.o
                0x000000000800950c                vPortEnterCritical
 .text.vPortExitCritical
                0x000000000800956c       0x50 ./Middlewares/Third_Party/FreeRTOS/Source/portable/GCC/ARM_CM3/port.o
                0x000000000800956c                vPortExitCritical
 *fill*         0x00000000080095bc        0x4 
 .text.PendSV_Handler
                0x00000000080095c0       0x48 ./Middlewares/Third_Party/FreeRTOS/Source/portable/GCC/ARM_CM3/port.o
                0x00000000080095c0                PendSV_Handler
 .text.SysTick_Handler
                0x0000000008009608       0x44 ./Middlewares/Third_Party/FreeRTOS/Source/portable/GCC/ARM_CM3/port.o
                0x0000000008009608                SysTick_Handler
 .text.vPortSetupTimerInterrupt
                0x000000000800964c       0x44 ./Middlewares/Third_Party/FreeRTOS/Source/portable/GCC/ARM_CM3/port.o
                0x000000000800964c                vPortSetupTimerInterrupt
 .text.vPortValidateInterruptPriority
                0x0000000008009690       0x7c ./Middlewares/Third_Party/FreeRTOS/Source/portable/GCC/ARM_CM3/port.o
                0x0000000008009690                vPortValidateInterruptPriority
 .text.pvPortMalloc
                0x000000000800970c       0x24 ./Middlewares/Third_Party/FreeRTOS/Source/portable/MemMang/heap_3.o
                0x000000000800970c                pvPortMalloc
 .text.vPortFree
                0x0000000008009730       0x24 ./Middlewares/Third_Party/FreeRTOS/Source/portable/MemMang/heap_3.o
                0x0000000008009730                vPortFree
 .text.__errno  0x0000000008009754        0xc e:/nueva carpeta/stm32cube/stm32cubeide/plugins/com.st.stm32cube.ide.mcu.externaltools.gnu-tools-for-stm32.9-2020-q2-update.win32_2.0.0.202105311346/tools/bin/../lib/gcc/arm-none-eabi/9.3.1/../../../../arm-none-eabi/lib/thumb/v7-m/nofp\libc_nano.a(lib_a-errno.o)
                0x0000000008009754                __errno
 .text.__libc_init_array
                0x0000000008009760       0x48 e:/nueva carpeta/stm32cube/stm32cubeide/plugins/com.st.stm32cube.ide.mcu.externaltools.gnu-tools-for-stm32.9-2020-q2-update.win32_2.0.0.202105311346/tools/bin/../lib/gcc/arm-none-eabi/9.3.1/../../../../arm-none-eabi/lib/thumb/v7-m/nofp\libc_nano.a(lib_a-init.o)
                0x0000000008009760                __libc_init_array
 .text.malloc   0x00000000080097a8       0x10 e:/nueva carpeta/stm32cube/stm32cubeide/plugins/com.st.stm32cube.ide.mcu.externaltools.gnu-tools-for-stm32.9-2020-q2-update.win32_2.0.0.202105311346/tools/bin/../lib/gcc/arm-none-eabi/9.3.1/../../../../arm-none-eabi/lib/thumb/v7-m/nofp\libc_nano.a(lib_a-malloc.o)
                0x00000000080097a8                malloc
 .text.free     0x00000000080097b8       0x10 e:/nueva carpeta/stm32cube/stm32cubeide/plugins/com.st.stm32cube.ide.mcu.externaltools.gnu-tools-for-stm32.9-2020-q2-update.win32_2.0.0.202105311346/tools/bin/../lib/gcc/arm-none-eabi/9.3.1/../../../../arm-none-eabi/lib/thumb/v7-m/nofp\libc_nano.a(lib_a-malloc.o)
                0x00000000080097b8                free
 .text.memcpy   0x00000000080097c8       0x1c e:/nueva carpeta/stm32cube/stm32cubeide/plugins/com.st.stm32cube.ide.mcu.externaltools.gnu-tools-for-stm32.9-2020-q2-update.win32_2.0.0.202105311346/tools/bin/../lib/gcc/arm-none-eabi/9.3.1/../../../../arm-none-eabi/lib/thumb/v7-m/nofp\libc_nano.a(lib_a-memcpy-stub.o)
                0x00000000080097c8                memcpy
 .text.memset   0x00000000080097e4       0x10 e:/nueva carpeta/stm32cube/stm32cubeide/plugins/com.st.stm32cube.ide.mcu.externaltools.gnu-tools-for-stm32.9-2020-q2-update.win32_2.0.0.202105311346/tools/bin/../lib/gcc/arm-none-eabi/9.3.1/../../../../arm-none-eabi/lib/thumb/v7-m/nofp\libc_nano.a(lib_a-memset.o)
                0x00000000080097e4                memset
 .text._free_r  0x00000000080097f4       0x98 e:/nueva carpeta/stm32cube/stm32cubeide/plugins/com.st.stm32cube.ide.mcu.externaltools.gnu-tools-for-stm32.9-2020-q2-update.win32_2.0.0.202105311346/tools/bin/../lib/gcc/arm-none-eabi/9.3.1/../../../../arm-none-eabi/lib/thumb/v7-m/nofp\libc_nano.a(lib_a-nano-freer.o)
                0x00000000080097f4                _free_r
 .text._malloc_r
                0x000000000800988c       0xb4 e:/nueva carpeta/stm32cube/stm32cubeide/plugins/com.st.stm32cube.ide.mcu.externaltools.gnu-tools-for-stm32.9-2020-q2-update.win32_2.0.0.202105311346/tools/bin/../lib/gcc/arm-none-eabi/9.3.1/../../../../arm-none-eabi/lib/thumb/v7-m/nofp\libc_nano.a(lib_a-nano-mallocr.o)
                0x000000000800988c                _malloc_r
 .text._sbrk_r  0x0000000008009940       0x20 e:/nueva carpeta/stm32cube/stm32cubeide/plugins/com.st.stm32cube.ide.mcu.externaltools.gnu-tools-for-stm32.9-2020-q2-update.win32_2.0.0.202105311346/tools/bin/../lib/gcc/arm-none-eabi/9.3.1/../../../../arm-none-eabi/lib/thumb/v7-m/nofp\libc_nano.a(lib_a-sbrkr.o)
                0x0000000008009940                _sbrk_r
 .text.sprintf  0x0000000008009960       0x40 e:/nueva carpeta/stm32cube/stm32cubeide/plugins/com.st.stm32cube.ide.mcu.externaltools.gnu-tools-for-stm32.9-2020-q2-update.win32_2.0.0.202105311346/tools/bin/../lib/gcc/arm-none-eabi/9.3.1/../../../../arm-none-eabi/lib/thumb/v7-m/nofp\libc_nano.a(lib_a-sprintf.o)
                0x0000000008009960                siprintf
                0x0000000008009960                sprintf
 .text.__malloc_lock
                0x00000000080099a0        0xc e:/nueva carpeta/stm32cube/stm32cubeide/plugins/com.st.stm32cube.ide.mcu.externaltools.gnu-tools-for-stm32.9-2020-q2-update.win32_2.0.0.202105311346/tools/bin/../lib/gcc/arm-none-eabi/9.3.1/../../../../arm-none-eabi/lib/thumb/v7-m/nofp\libc_nano.a(lib_a-mlock.o)
                0x00000000080099a0                __malloc_lock
 .text.__malloc_unlock
                0x00000000080099ac        0xc e:/nueva carpeta/stm32cube/stm32cubeide/plugins/com.st.stm32cube.ide.mcu.externaltools.gnu-tools-for-stm32.9-2020-q2-update.win32_2.0.0.202105311346/tools/bin/../lib/gcc/arm-none-eabi/9.3.1/../../../../arm-none-eabi/lib/thumb/v7-m/nofp\libc_nano.a(lib_a-mlock.o)
                0x00000000080099ac                __malloc_unlock
 .text.__ssputs_r
                0x00000000080099b8       0xb6 e:/nueva carpeta/stm32cube/stm32cubeide/plugins/com.st.stm32cube.ide.mcu.externaltools.gnu-tools-for-stm32.9-2020-q2-update.win32_2.0.0.202105311346/tools/bin/../lib/gcc/arm-none-eabi/9.3.1/../../../../arm-none-eabi/lib/thumb/v7-m/nofp\libc_nano.a(lib_a-nano-svfprintf.o)
                0x00000000080099b8                __ssputs_r
 *fill*         0x0000000008009a6e        0x2 
 .text._svfprintf_r
                0x0000000008009a70      0x200 e:/nueva carpeta/stm32cube/stm32cubeide/plugins/com.st.stm32cube.ide.mcu.externaltools.gnu-tools-for-stm32.9-2020-q2-update.win32_2.0.0.202105311346/tools/bin/../lib/gcc/arm-none-eabi/9.3.1/../../../../arm-none-eabi/lib/thumb/v7-m/nofp\libc_nano.a(lib_a-nano-svfprintf.o)
                0x0000000008009a70                _svfiprintf_r
                0x0000000008009a70                _svfprintf_r
 .text._printf_common
                0x0000000008009c70       0xde e:/nueva carpeta/stm32cube/stm32cubeide/plugins/com.st.stm32cube.ide.mcu.externaltools.gnu-tools-for-stm32.9-2020-q2-update.win32_2.0.0.202105311346/tools/bin/../lib/gcc/arm-none-eabi/9.3.1/../../../../arm-none-eabi/lib/thumb/v7-m/nofp\libc_nano.a(lib_a-nano-vfprintf_i.o)
                0x0000000008009c70                _printf_common
 *fill*         0x0000000008009d4e        0x2 
 .text._printf_i
                0x0000000008009d50      0x24c e:/nueva carpeta/stm32cube/stm32cubeide/plugins/com.st.stm32cube.ide.mcu.externaltools.gnu-tools-for-stm32.9-2020-q2-update.win32_2.0.0.202105311346/tools/bin/../lib/gcc/arm-none-eabi/9.3.1/../../../../arm-none-eabi/lib/thumb/v7-m/nofp\libc_nano.a(lib_a-nano-vfprintf_i.o)
                0x0000000008009d50                _printf_i
 .text.__retarget_lock_acquire_recursive
                0x0000000008009f9c        0x2 e:/nueva carpeta/stm32cube/stm32cubeide/plugins/com.st.stm32cube.ide.mcu.externaltools.gnu-tools-for-stm32.9-2020-q2-update.win32_2.0.0.202105311346/tools/bin/../lib/gcc/arm-none-eabi/9.3.1/../../../../arm-none-eabi/lib/thumb/v7-m/nofp\libc_nano.a(lib_a-lock.o)
                0x0000000008009f9c                __retarget_lock_acquire_recursive
 .text.__retarget_lock_release_recursive
                0x0000000008009f9e        0x2 e:/nueva carpeta/stm32cube/stm32cubeide/plugins/com.st.stm32cube.ide.mcu.externaltools.gnu-tools-for-stm32.9-2020-q2-update.win32_2.0.0.202105311346/tools/bin/../lib/gcc/arm-none-eabi/9.3.1/../../../../arm-none-eabi/lib/thumb/v7-m/nofp\libc_nano.a(lib_a-lock.o)
                0x0000000008009f9e                __retarget_lock_release_recursive
 .text.memchr   0x0000000008009fa0       0x1c e:/nueva carpeta/stm32cube/stm32cubeide/plugins/com.st.stm32cube.ide.mcu.externaltools.gnu-tools-for-stm32.9-2020-q2-update.win32_2.0.0.202105311346/tools/bin/../lib/gcc/arm-none-eabi/9.3.1/../../../../arm-none-eabi/lib/thumb/v7-m/nofp\libc_nano.a(lib_a-memchr-stub.o)
                0x0000000008009fa0                memchr
 .text.memmove  0x0000000008009fbc       0x34 e:/nueva carpeta/stm32cube/stm32cubeide/plugins/com.st.stm32cube.ide.mcu.externaltools.gnu-tools-for-stm32.9-2020-q2-update.win32_2.0.0.202105311346/tools/bin/../lib/gcc/arm-none-eabi/9.3.1/../../../../arm-none-eabi/lib/thumb/v7-m/nofp\libc_nano.a(lib_a-memmove.o)
                0x0000000008009fbc                memmove
 .text._realloc_r
                0x0000000008009ff0       0x4c e:/nueva carpeta/stm32cube/stm32cubeide/plugins/com.st.stm32cube.ide.mcu.externaltools.gnu-tools-for-stm32.9-2020-q2-update.win32_2.0.0.202105311346/tools/bin/../lib/gcc/arm-none-eabi/9.3.1/../../../../arm-none-eabi/lib/thumb/v7-m/nofp\libc_nano.a(lib_a-nano-reallocr.o)
                0x0000000008009ff0                _realloc_r
 .text._malloc_usable_size_r
                0x000000000800a03c       0x10 e:/nueva carpeta/stm32cube/stm32cubeide/plugins/com.st.stm32cube.ide.mcu.externaltools.gnu-tools-for-stm32.9-2020-q2-update.win32_2.0.0.202105311346/tools/bin/../lib/gcc/arm-none-eabi/9.3.1/../../../../arm-none-eabi/lib/thumb/v7-m/nofp\libc_nano.a(lib_a-nano-msizer.o)
                0x000000000800a03c                _malloc_usable_size_r
 *(.glue_7)
 .glue_7        0x000000000800a04c        0x0 linker stubs
 *(.glue_7t)
 .glue_7t       0x000000000800a04c        0x0 linker stubs
 *(.eh_frame)
 .eh_frame      0x000000000800a04c        0x0 e:/nueva carpeta/stm32cube/stm32cubeide/plugins/com.st.stm32cube.ide.mcu.externaltools.gnu-tools-for-stm32.9-2020-q2-update.win32_2.0.0.202105311346/tools/bin/../lib/gcc/arm-none-eabi/9.3.1/thumb/v7-m/nofp/crtbegin.o
 *(.init)
 .init          0x000000000800a04c        0x4 e:/nueva carpeta/stm32cube/stm32cubeide/plugins/com.st.stm32cube.ide.mcu.externaltools.gnu-tools-for-stm32.9-2020-q2-update.win32_2.0.0.202105311346/tools/bin/../lib/gcc/arm-none-eabi/9.3.1/thumb/v7-m/nofp/crti.o
                0x000000000800a04c                _init
 .init          0x000000000800a050        0x8 e:/nueva carpeta/stm32cube/stm32cubeide/plugins/com.st.stm32cube.ide.mcu.externaltools.gnu-tools-for-stm32.9-2020-q2-update.win32_2.0.0.202105311346/tools/bin/../lib/gcc/arm-none-eabi/9.3.1/thumb/v7-m/nofp/crtn.o
 *(.fini)
 .fini          0x000000000800a058        0x4 e:/nueva carpeta/stm32cube/stm32cubeide/plugins/com.st.stm32cube.ide.mcu.externaltools.gnu-tools-for-stm32.9-2020-q2-update.win32_2.0.0.202105311346/tools/bin/../lib/gcc/arm-none-eabi/9.3.1/thumb/v7-m/nofp/crti.o
                0x000000000800a058                _fini
 .fini          0x000000000800a05c        0x8 e:/nueva carpeta/stm32cube/stm32cubeide/plugins/com.st.stm32cube.ide.mcu.externaltools.gnu-tools-for-stm32.9-2020-q2-update.win32_2.0.0.202105311346/tools/bin/../lib/gcc/arm-none-eabi/9.3.1/thumb/v7-m/nofp/crtn.o
                0x000000000800a064                . = ALIGN (0x4)
                0x000000000800a064                _etext = .

.vfp11_veneer   0x000000000800a064        0x0
 .vfp11_veneer  0x000000000800a064        0x0 linker stubs

.v4_bx          0x000000000800a064        0x0
 .v4_bx         0x000000000800a064        0x0 linker stubs

.iplt           0x000000000800a064        0x0
 .iplt          0x000000000800a064        0x0 e:/nueva carpeta/stm32cube/stm32cubeide/plugins/com.st.stm32cube.ide.mcu.externaltools.gnu-tools-for-stm32.9-2020-q2-update.win32_2.0.0.202105311346/tools/bin/../lib/gcc/arm-none-eabi/9.3.1/thumb/v7-m/nofp/crtbegin.o

.rodata         0x000000000800a064      0x244
                0x000000000800a064                . = ALIGN (0x4)
 *(.rodata)
 .rodata        0x000000000800a064       0x5d ./Core/Src/Modbus.o
 *fill*         0x000000000800a0c1        0x3 
 .rodata        0x000000000800a0c4       0x4d ./Core/Src/main.o
 *fill*         0x000000000800a111        0x3 
 .rodata        0x000000000800a114       0x10 ./Drivers/STM32F1xx_HAL_Driver/Src/stm32f1xx_hal_rcc.o
 .rodata        0x000000000800a124        0x5 ./Middlewares/Third_Party/FreeRTOS/Source/tasks.o
 *fill*         0x000000000800a129        0x3 
 .rodata        0x000000000800a12c        0xd ./Middlewares/Third_Party/FreeRTOS/Source/timers.o
 *(.rodata*)
 *fill*         0x000000000800a139        0x3 
 .rodata.QueueTelegram_attributes
                0x000000000800a13c       0x18 ./Core/Src/Modbus.o
                0x000000000800a13c                QueueTelegram_attributes
 .rodata.myTaskModbusA_attributes
                0x000000000800a154       0x24 ./Core/Src/Modbus.o
                0x000000000800a154                myTaskModbusA_attributes
 .rodata.myTaskModbusB_attributes
                0x000000000800a178       0x24 ./Core/Src/Modbus.o
                0x000000000800a178                myTaskModbusB_attributes
 .rodata.ModBusSphr_attributes
                0x000000000800a19c       0x10 ./Core/Src/Modbus.o
                0x000000000800a19c                ModBusSphr_attributes
 .rodata.fctsupported
                0x000000000800a1ac        0x8 ./Core/Src/Modbus.o
                0x000000000800a1ac                fctsupported
 .rodata.Modbus_attributes
                0x000000000800a1b4       0x24 ./Core/Src/main.o
                0x000000000800a1b4                Modbus_attributes
 .rodata.ADC_attributes
                0x000000000800a1d8       0x24 ./Core/Src/main.o
                0x000000000800a1d8                ADC_attributes
 .rodata.Encoders_attributes
                0x000000000800a1fc       0x24 ./Core/Src/main.o
                0x000000000800a1fc                Encoders_attributes
 .rodata.Control_attributes
                0x000000000800a220       0x24 ./Core/Src/main.o
                0x000000000800a220                Control_attributes
 .rodata.QueueDataADC_attributes
                0x000000000800a244       0x18 ./Core/Src/main.o
                0x000000000800a244                QueueDataADC_attributes
 .rodata.AHBPrescTable
                0x000000000800a25c       0x10 ./Core/Src/system_stm32f1xx.o
                0x000000000800a25c                AHBPrescTable
 .rodata.APBPrescTable
                0x000000000800a26c        0x8 ./Core/Src/system_stm32f1xx.o
                0x000000000800a26c                APBPrescTable
 .rodata._svfprintf_r.str1.1
                0x000000000800a274       0x11 e:/nueva carpeta/stm32cube/stm32cubeide/plugins/com.st.stm32cube.ide.mcu.externaltools.gnu-tools-for-stm32.9-2020-q2-update.win32_2.0.0.202105311346/tools/bin/../lib/gcc/arm-none-eabi/9.3.1/../../../../arm-none-eabi/lib/thumb/v7-m/nofp\libc_nano.a(lib_a-nano-svfprintf.o)
 .rodata._printf_i.str1.1
                0x000000000800a285       0x22 e:/nueva carpeta/stm32cube/stm32cubeide/plugins/com.st.stm32cube.ide.mcu.externaltools.gnu-tools-for-stm32.9-2020-q2-update.win32_2.0.0.202105311346/tools/bin/../lib/gcc/arm-none-eabi/9.3.1/../../../../arm-none-eabi/lib/thumb/v7-m/nofp\libc_nano.a(lib_a-nano-vfprintf_i.o)
                0x000000000800a2a8                . = ALIGN (0x4)
 *fill*         0x000000000800a2a7        0x1 

.rel.dyn        0x000000000800a2a8        0x0
 .rel.iplt      0x000000000800a2a8        0x0 e:/nueva carpeta/stm32cube/stm32cubeide/plugins/com.st.stm32cube.ide.mcu.externaltools.gnu-tools-for-stm32.9-2020-q2-update.win32_2.0.0.202105311346/tools/bin/../lib/gcc/arm-none-eabi/9.3.1/thumb/v7-m/nofp/crtbegin.o

.ARM.extab      0x000000000800a2a8        0x0
                0x000000000800a2a8                . = ALIGN (0x4)
 *(.ARM.extab* .gnu.linkonce.armextab.*)
                0x000000000800a2a8                . = ALIGN (0x4)

.ARM            0x000000000800a2a8        0x0
                0x000000000800a2a8                . = ALIGN (0x4)
                0x000000000800a2a8                __exidx_start = .
 *(.ARM.exidx*)
                0x000000000800a2a8                __exidx_end = .
                0x000000000800a2a8                . = ALIGN (0x4)

.preinit_array  0x000000000800a2a8        0x0
                0x000000000800a2a8                . = ALIGN (0x4)
                0x000000000800a2a8                PROVIDE (__preinit_array_start = .)
 *(.preinit_array*)
                0x000000000800a2a8                PROVIDE (__preinit_array_end = .)
                0x000000000800a2a8                . = ALIGN (0x4)

.init_array     0x000000000800a2a8        0x4
                0x000000000800a2a8                . = ALIGN (0x4)
                0x000000000800a2a8                PROVIDE (__init_array_start = .)
 *(SORT_BY_NAME(.init_array.*))
 *(.init_array*)
 .init_array    0x000000000800a2a8        0x4 e:/nueva carpeta/stm32cube/stm32cubeide/plugins/com.st.stm32cube.ide.mcu.externaltools.gnu-tools-for-stm32.9-2020-q2-update.win32_2.0.0.202105311346/tools/bin/../lib/gcc/arm-none-eabi/9.3.1/thumb/v7-m/nofp/crtbegin.o
                0x000000000800a2ac                PROVIDE (__init_array_end = .)
                0x000000000800a2ac                . = ALIGN (0x4)

.fini_array     0x000000000800a2ac        0x4
                0x000000000800a2ac                . = ALIGN (0x4)
                [!provide]                        PROVIDE (__fini_array_start = .)
 *(SORT_BY_NAME(.fini_array.*))
 *(.fini_array*)
 .fini_array    0x000000000800a2ac        0x4 e:/nueva carpeta/stm32cube/stm32cubeide/plugins/com.st.stm32cube.ide.mcu.externaltools.gnu-tools-for-stm32.9-2020-q2-update.win32_2.0.0.202105311346/tools/bin/../lib/gcc/arm-none-eabi/9.3.1/thumb/v7-m/nofp/crtbegin.o
                [!provide]                        PROVIDE (__fini_array_end = .)
                0x000000000800a2b0                . = ALIGN (0x4)
                0x000000000800a2b0                _sidata = LOADADDR (.data)

.data           0x0000000020000000       0xa0 load address 0x000000000800a2b0
                0x0000000020000000                . = ALIGN (0x4)
                0x0000000020000000                _sdata = .
 *(.data)
 *(.data*)
 .data.ModbusDATA
                0x0000000020000000       0x1a ./Core/Src/main.o
                0x0000000020000000                ModbusDATA
 *fill*         0x000000002000001a        0x2 
 .data.Ts       0x000000002000001c        0x4 ./Core/Src/main.o
                0x000000002000001c                Ts
 .data.ranuras  0x0000000020000020        0x1 ./Core/Src/main.o
                0x0000000020000020                ranuras
 *fill*         0x0000000020000021        0x1 
 .data.cantTicksTmr2
                0x0000000020000022        0x2 ./Core/Src/main.o
                0x0000000020000022                cantTicksTmr2
 .data.tickFilter
                0x0000000020000024        0x2 ./Core/Src/main.o
                0x0000000020000024                tickFilter
 *fill*         0x0000000020000026        0x2 
 .data.fsTmr2   0x0000000020000028        0x4 ./Core/Src/main.o
                0x0000000020000028                fsTmr2
 .data.SystemCoreClock
                0x000000002000002c        0x4 ./Core/Src/system_stm32f1xx.o
                0x000000002000002c                SystemCoreClock
 .data.uwTickPrio
                0x0000000020000030        0x4 ./Drivers/STM32F1xx_HAL_Driver/Src/stm32f1xx_hal.o
                0x0000000020000030                uwTickPrio
 .data.uwTickFreq
                0x0000000020000034        0x1 ./Drivers/STM32F1xx_HAL_Driver/Src/stm32f1xx_hal.o
                0x0000000020000034                uwTickFreq
 *fill*         0x0000000020000035        0x3 
 .data.uxCriticalNesting
                0x0000000020000038        0x4 ./Middlewares/Third_Party/FreeRTOS/Source/portable/GCC/ARM_CM3/port.o
 .data._impure_ptr
                0x000000002000003c        0x4 e:/nueva carpeta/stm32cube/stm32cubeide/plugins/com.st.stm32cube.ide.mcu.externaltools.gnu-tools-for-stm32.9-2020-q2-update.win32_2.0.0.202105311346/tools/bin/../lib/gcc/arm-none-eabi/9.3.1/../../../../arm-none-eabi/lib/thumb/v7-m/nofp\libc_nano.a(lib_a-impure.o)
                0x000000002000003c                _impure_ptr
 .data.impure_data
                0x0000000020000040       0x60 e:/nueva carpeta/stm32cube/stm32cubeide/plugins/com.st.stm32cube.ide.mcu.externaltools.gnu-tools-for-stm32.9-2020-q2-update.win32_2.0.0.202105311346/tools/bin/../lib/gcc/arm-none-eabi/9.3.1/../../../../arm-none-eabi/lib/thumb/v7-m/nofp\libc_nano.a(lib_a-impure.o)
 *(.RamFunc)
 *(.RamFunc*)
                0x00000000200000a0                . = ALIGN (0x4)
                0x00000000200000a0                _edata = .

.igot.plt       0x00000000200000a0        0x0 load address 0x000000000800a350
 .igot.plt      0x00000000200000a0        0x0 e:/nueva carpeta/stm32cube/stm32cubeide/plugins/com.st.stm32cube.ide.mcu.externaltools.gnu-tools-for-stm32.9-2020-q2-update.win32_2.0.0.202105311346/tools/bin/../lib/gcc/arm-none-eabi/9.3.1/thumb/v7-m/nofp/crtbegin.o
                0x00000000200000a0                . = ALIGN (0x4)

.bss            0x00000000200000a0     0x107c load address 0x000000000800a350
                0x00000000200000a0                _sbss = .
                0x00000000200000a0                __bss_start__ = _sbss
 *(.bss)
 .bss           0x00000000200000a0       0x1c e:/nueva carpeta/stm32cube/stm32cubeide/plugins/com.st.stm32cube.ide.mcu.externaltools.gnu-tools-for-stm32.9-2020-q2-update.win32_2.0.0.202105311346/tools/bin/../lib/gcc/arm-none-eabi/9.3.1/thumb/v7-m/nofp/crtbegin.o
 *(.bss*)
 .bss.numberHandlers
                0x00000000200000bc        0x1 ./Core/Src/Modbus.o
                0x00000000200000bc                numberHandlers
 *fill*         0x00000000200000bd        0x3 
 .bss.velocidad
                0x00000000200000c0        0x4 ./Core/Src/main.o
                0x00000000200000c0                velocidad
 .bss.ticksPrev
                0x00000000200000c4        0x4 ./Core/Src/main.o
                0x00000000200000c4                ticksPrev
 .bss.ticksNow  0x00000000200000c8        0x4 ./Core/Src/main.o
                0x00000000200000c8                ticksNow
 .bss.overflow  0x00000000200000cc        0x1 ./Core/Src/main.o
                0x00000000200000cc                overflow
 *fill*         0x00000000200000cd        0x3 
 .bss.deltaTicks
                0x00000000200000d0        0x4 ./Core/Src/main.o
                0x00000000200000d0                deltaTicks
 .bss.resultMean
                0x00000000200000d4        0x4 ./Core/Src/main.o
                0x00000000200000d4                resultMean
 .bss.interrupciones
                0x00000000200000d8        0x2 ./Core/Src/main.o
                0x00000000200000d8                interrupciones
 *fill*         0x00000000200000da        0x2 
 .bss.__sbrk_heap_end
                0x00000000200000dc        0x4 ./Core/Src/sysmem.o
 .bss.KernelState
                0x00000000200000e0        0x4 ./Middlewares/Third_Party/FreeRTOS/Source/CMSIS_RTOS_V2/cmsis_os2.o
 .bss.Idle_TCB  0x00000000200000e4       0x5c ./Middlewares/Third_Party/FreeRTOS/Source/CMSIS_RTOS_V2/cmsis_os2.o
 .bss.Idle_Stack
                0x0000000020000140      0x200 ./Middlewares/Third_Party/FreeRTOS/Source/CMSIS_RTOS_V2/cmsis_os2.o
 .bss.Timer_TCB
                0x0000000020000340       0x5c ./Middlewares/Third_Party/FreeRTOS/Source/CMSIS_RTOS_V2/cmsis_os2.o
 .bss.Timer_Stack
                0x000000002000039c      0x400 ./Middlewares/Third_Party/FreeRTOS/Source/CMSIS_RTOS_V2/cmsis_os2.o
 .bss.pxCurrentTCB
                0x000000002000079c        0x4 ./Middlewares/Third_Party/FreeRTOS/Source/tasks.o
                0x000000002000079c                pxCurrentTCB
 .bss.pxReadyTasksLists
                0x00000000200007a0      0x460 ./Middlewares/Third_Party/FreeRTOS/Source/tasks.o
 .bss.xDelayedTaskList1
                0x0000000020000c00       0x14 ./Middlewares/Third_Party/FreeRTOS/Source/tasks.o
 .bss.xDelayedTaskList2
                0x0000000020000c14       0x14 ./Middlewares/Third_Party/FreeRTOS/Source/tasks.o
 .bss.pxDelayedTaskList
                0x0000000020000c28        0x4 ./Middlewares/Third_Party/FreeRTOS/Source/tasks.o
 .bss.pxOverflowDelayedTaskList
                0x0000000020000c2c        0x4 ./Middlewares/Third_Party/FreeRTOS/Source/tasks.o
 .bss.xPendingReadyList
                0x0000000020000c30       0x14 ./Middlewares/Third_Party/FreeRTOS/Source/tasks.o
 .bss.xTasksWaitingTermination
                0x0000000020000c44       0x14 ./Middlewares/Third_Party/FreeRTOS/Source/tasks.o
 .bss.uxDeletedTasksWaitingCleanUp
                0x0000000020000c58        0x4 ./Middlewares/Third_Party/FreeRTOS/Source/tasks.o
 .bss.xSuspendedTaskList
                0x0000000020000c5c       0x14 ./Middlewares/Third_Party/FreeRTOS/Source/tasks.o
 .bss.uxCurrentNumberOfTasks
                0x0000000020000c70        0x4 ./Middlewares/Third_Party/FreeRTOS/Source/tasks.o
 .bss.xTickCount
                0x0000000020000c74        0x4 ./Middlewares/Third_Party/FreeRTOS/Source/tasks.o
 .bss.uxTopReadyPriority
                0x0000000020000c78        0x4 ./Middlewares/Third_Party/FreeRTOS/Source/tasks.o
 .bss.xSchedulerRunning
                0x0000000020000c7c        0x4 ./Middlewares/Third_Party/FreeRTOS/Source/tasks.o
 .bss.uxPendedTicks
                0x0000000020000c80        0x4 ./Middlewares/Third_Party/FreeRTOS/Source/tasks.o
 .bss.xYieldPending
                0x0000000020000c84        0x4 ./Middlewares/Third_Party/FreeRTOS/Source/tasks.o
 .bss.xNumOfOverflows
                0x0000000020000c88        0x4 ./Middlewares/Third_Party/FreeRTOS/Source/tasks.o
 .bss.uxTaskNumber
                0x0000000020000c8c        0x4 ./Middlewares/Third_Party/FreeRTOS/Source/tasks.o
 .bss.xNextTaskUnblockTime
                0x0000000020000c90        0x4 ./Middlewares/Third_Party/FreeRTOS/Source/tasks.o
 .bss.xIdleTaskHandle
                0x0000000020000c94        0x4 ./Middlewares/Third_Party/FreeRTOS/Source/tasks.o
 .bss.uxSchedulerSuspended
                0x0000000020000c98        0x4 ./Middlewares/Third_Party/FreeRTOS/Source/tasks.o
 .bss.xActiveTimerList1
                0x0000000020000c9c       0x14 ./Middlewares/Third_Party/FreeRTOS/Source/timers.o
 .bss.xActiveTimerList2
                0x0000000020000cb0       0x14 ./Middlewares/Third_Party/FreeRTOS/Source/timers.o
 .bss.pxCurrentTimerList
                0x0000000020000cc4        0x4 ./Middlewares/Third_Party/FreeRTOS/Source/timers.o
 .bss.pxOverflowTimerList
                0x0000000020000cc8        0x4 ./Middlewares/Third_Party/FreeRTOS/Source/timers.o
 .bss.xTimerQueue
                0x0000000020000ccc        0x4 ./Middlewares/Third_Party/FreeRTOS/Source/timers.o
 .bss.xTimerTaskHandle
                0x0000000020000cd0        0x4 ./Middlewares/Third_Party/FreeRTOS/Source/timers.o
 .bss.xLastTime.5524
                0x0000000020000cd4        0x4 ./Middlewares/Third_Party/FreeRTOS/Source/timers.o
 .bss.ucStaticTimerQueueStorage.5575
                0x0000000020000cd8       0xa0 ./Middlewares/Third_Party/FreeRTOS/Source/timers.o
 .bss.xStaticTimerQueue.5574
                0x0000000020000d78       0x50 ./Middlewares/Third_Party/FreeRTOS/Source/timers.o
 .bss.ucMaxSysCallPriority
                0x0000000020000dc8        0x1 ./Middlewares/Third_Party/FreeRTOS/Source/portable/GCC/ARM_CM3/port.o
 *fill*         0x0000000020000dc9        0x3 
 .bss.ulMaxPRIGROUPValue
                0x0000000020000dcc        0x4 ./Middlewares/Third_Party/FreeRTOS/Source/portable/GCC/ARM_CM3/port.o
 .bss.__malloc_free_list
                0x0000000020000dd0        0x4 e:/nueva carpeta/stm32cube/stm32cubeide/plugins/com.st.stm32cube.ide.mcu.externaltools.gnu-tools-for-stm32.9-2020-q2-update.win32_2.0.0.202105311346/tools/bin/../lib/gcc/arm-none-eabi/9.3.1/../../../../arm-none-eabi/lib/thumb/v7-m/nofp\libc_nano.a(lib_a-nano-mallocr.o)
                0x0000000020000dd0                __malloc_free_list
 .bss.__malloc_sbrk_start
                0x0000000020000dd4        0x4 e:/nueva carpeta/stm32cube/stm32cubeide/plugins/com.st.stm32cube.ide.mcu.externaltools.gnu-tools-for-stm32.9-2020-q2-update.win32_2.0.0.202105311346/tools/bin/../lib/gcc/arm-none-eabi/9.3.1/../../../../arm-none-eabi/lib/thumb/v7-m/nofp\libc_nano.a(lib_a-nano-mallocr.o)
                0x0000000020000dd4                __malloc_sbrk_start
 *(COMMON)
 COMMON         0x0000000020000dd8        0x8 ./Core/Src/Modbus.o
                0x0000000020000dd8                mHandlers
 COMMON         0x0000000020000de0      0x2a0 ./Core/Src/main.o
                0x0000000020000de0                ModbusH
                0x0000000020000f24                EncodersHandle
                0x0000000020000f28                huart3
                0x0000000020000f6c                ControlHandle
                0x0000000020000f70                hadc1
                0x0000000020000fa0                hdma_adc1
                0x0000000020000fe4                htim1
                0x000000002000102c                htim2
                0x0000000020001074                ADCHandle
                0x0000000020001078                QueueDataADCHandle
                0x000000002000107c                ModbusHandle
 COMMON         0x0000000020001080       0x48 ./Core/Src/stm32f1xx_hal_timebase_tim.o
                0x0000000020001080                htim4
 COMMON         0x00000000200010c8        0x4 ./Drivers/STM32F1xx_HAL_Driver/Src/stm32f1xx_hal.o
                0x00000000200010c8                uwTick
 COMMON         0x00000000200010cc       0x40 ./Middlewares/Third_Party/FreeRTOS/Source/queue.o
                0x00000000200010cc                xQueueRegistry
 COMMON         0x000000002000110c        0x4 e:/nueva carpeta/stm32cube/stm32cubeide/plugins/com.st.stm32cube.ide.mcu.externaltools.gnu-tools-for-stm32.9-2020-q2-update.win32_2.0.0.202105311346/tools/bin/../lib/gcc/arm-none-eabi/9.3.1/../../../../arm-none-eabi/lib/thumb/v7-m/nofp\libc_nano.a(lib_a-reent.o)
                0x000000002000110c                errno
 COMMON         0x0000000020001110        0x9 e:/nueva carpeta/stm32cube/stm32cubeide/plugins/com.st.stm32cube.ide.mcu.externaltools.gnu-tools-for-stm32.9-2020-q2-update.win32_2.0.0.202105311346/tools/bin/../lib/gcc/arm-none-eabi/9.3.1/../../../../arm-none-eabi/lib/thumb/v7-m/nofp\libc_nano.a(lib_a-lock.o)
                0x0000000020001110                __lock___atexit_recursive_mutex
                0x0000000020001111                __lock___arc4random_mutex
                0x0000000020001112                __lock___env_recursive_mutex
                0x0000000020001113                __lock___sinit_recursive_mutex
                0x0000000020001114                __lock___malloc_recursive_mutex
                0x0000000020001115                __lock___at_quick_exit_mutex
                0x0000000020001116                __lock___dd_hash_mutex
                0x0000000020001117                __lock___tz_mutex
                0x0000000020001118                __lock___sfp_recursive_mutex
                0x000000002000111c                . = ALIGN (0x4)
 *fill*         0x0000000020001119        0x3 
                0x000000002000111c                _ebss = .
                0x000000002000111c                __bss_end__ = _ebss

._user_heap_stack
                0x000000002000111c      0x604 load address 0x000000000800a350
                0x0000000020001120                . = ALIGN (0x8)
 *fill*         0x000000002000111c        0x4 
                [!provide]                        PROVIDE (end = .)
                0x0000000020001120                PROVIDE (_end = .)
                0x0000000020001320                . = (. + _Min_Heap_Size)
 *fill*         0x0000000020001120      0x200 
                0x0000000020001720                . = (. + _Min_Stack_Size)
 *fill*         0x0000000020001320      0x400 
                0x0000000020001720                . = ALIGN (0x8)

/DISCARD/
 libc.a(*)
 libm.a(*)
 libgcc.a(*)

.ARM.attributes
                0x0000000000000000       0x29
 *(.ARM.attributes)
 .ARM.attributes
                0x0000000000000000       0x1d e:/nueva carpeta/stm32cube/stm32cubeide/plugins/com.st.stm32cube.ide.mcu.externaltools.gnu-tools-for-stm32.9-2020-q2-update.win32_2.0.0.202105311346/tools/bin/../lib/gcc/arm-none-eabi/9.3.1/thumb/v7-m/nofp/crti.o
 .ARM.attributes
                0x000000000000001d       0x2d e:/nueva carpeta/stm32cube/stm32cubeide/plugins/com.st.stm32cube.ide.mcu.externaltools.gnu-tools-for-stm32.9-2020-q2-update.win32_2.0.0.202105311346/tools/bin/../lib/gcc/arm-none-eabi/9.3.1/thumb/v7-m/nofp/crtbegin.o
 .ARM.attributes
                0x000000000000004a       0x2d ./Core/Src/Modbus.o
 .ARM.attributes
                0x0000000000000077       0x2d ./Core/Src/UARTCallback.o
 .ARM.attributes
                0x00000000000000a4       0x2d ./Core/Src/main.o
 .ARM.attributes
                0x00000000000000d1       0x2d ./Core/Src/stm32f1xx_hal_msp.o
 .ARM.attributes
                0x00000000000000fe       0x2d ./Core/Src/stm32f1xx_hal_timebase_tim.o
 .ARM.attributes
                0x000000000000012b       0x2d ./Core/Src/stm32f1xx_it.o
 .ARM.attributes
                0x0000000000000158       0x2d ./Core/Src/sysmem.o
 .ARM.attributes
                0x0000000000000185       0x2d ./Core/Src/system_stm32f1xx.o
 .ARM.attributes
                0x00000000000001b2       0x21 ./Core/Startup/startup_stm32f103c8tx.o
 .ARM.attributes
                0x00000000000001d3       0x2d ./Drivers/STM32F1xx_HAL_Driver/Src/stm32f1xx_hal.o
 .ARM.attributes
                0x0000000000000200       0x2d ./Drivers/STM32F1xx_HAL_Driver/Src/stm32f1xx_hal_adc.o
 .ARM.attributes
                0x000000000000022d       0x2d ./Drivers/STM32F1xx_HAL_Driver/Src/stm32f1xx_hal_adc_ex.o
 .ARM.attributes
                0x000000000000025a       0x2d ./Drivers/STM32F1xx_HAL_Driver/Src/stm32f1xx_hal_cortex.o
 .ARM.attributes
                0x0000000000000287       0x2d ./Drivers/STM32F1xx_HAL_Driver/Src/stm32f1xx_hal_dma.o
 .ARM.attributes
                0x00000000000002b4       0x2d ./Drivers/STM32F1xx_HAL_Driver/Src/stm32f1xx_hal_gpio.o
 .ARM.attributes
                0x00000000000002e1       0x2d ./Drivers/STM32F1xx_HAL_Driver/Src/stm32f1xx_hal_rcc.o
 .ARM.attributes
                0x000000000000030e       0x2d ./Drivers/STM32F1xx_HAL_Driver/Src/stm32f1xx_hal_rcc_ex.o
 .ARM.attributes
                0x000000000000033b       0x2d ./Drivers/STM32F1xx_HAL_Driver/Src/stm32f1xx_hal_tim.o
 .ARM.attributes
                0x0000000000000368       0x2d ./Drivers/STM32F1xx_HAL_Driver/Src/stm32f1xx_hal_tim_ex.o
 .ARM.attributes
                0x0000000000000395       0x2d ./Drivers/STM32F1xx_HAL_Driver/Src/stm32f1xx_hal_uart.o
 .ARM.attributes
                0x00000000000003c2       0x2d ./Middlewares/Third_Party/FreeRTOS/Source/CMSIS_RTOS_V2/cmsis_os2.o
 .ARM.attributes
                0x00000000000003ef       0x2d ./Middlewares/Third_Party/FreeRTOS/Source/list.o
 .ARM.attributes
                0x000000000000041c       0x2d ./Middlewares/Third_Party/FreeRTOS/Source/queue.o
 .ARM.attributes
                0x0000000000000449       0x2d ./Middlewares/Third_Party/FreeRTOS/Source/tasks.o
 .ARM.attributes
                0x0000000000000476       0x2d ./Middlewares/Third_Party/FreeRTOS/Source/timers.o
 .ARM.attributes
                0x00000000000004a3       0x2d ./Middlewares/Third_Party/FreeRTOS/Source/portable/GCC/ARM_CM3/port.o
 .ARM.attributes
                0x00000000000004d0       0x2d ./Middlewares/Third_Party/FreeRTOS/Source/portable/MemMang/heap_3.o
 .ARM.attributes
                0x00000000000004fd       0x2d e:/nueva carpeta/stm32cube/stm32cubeide/plugins/com.st.stm32cube.ide.mcu.externaltools.gnu-tools-for-stm32.9-2020-q2-update.win32_2.0.0.202105311346/tools/bin/../lib/gcc/arm-none-eabi/9.3.1/../../../../arm-none-eabi/lib/thumb/v7-m/nofp\libc_nano.a(lib_a-errno.o)
 .ARM.attributes
                0x000000000000052a       0x2d e:/nueva carpeta/stm32cube/stm32cubeide/plugins/com.st.stm32cube.ide.mcu.externaltools.gnu-tools-for-stm32.9-2020-q2-update.win32_2.0.0.202105311346/tools/bin/../lib/gcc/arm-none-eabi/9.3.1/../../../../arm-none-eabi/lib/thumb/v7-m/nofp\libc_nano.a(lib_a-impure.o)
 .ARM.attributes
                0x0000000000000557       0x2d e:/nueva carpeta/stm32cube/stm32cubeide/plugins/com.st.stm32cube.ide.mcu.externaltools.gnu-tools-for-stm32.9-2020-q2-update.win32_2.0.0.202105311346/tools/bin/../lib/gcc/arm-none-eabi/9.3.1/../../../../arm-none-eabi/lib/thumb/v7-m/nofp\libc_nano.a(lib_a-init.o)
 .ARM.attributes
                0x0000000000000584       0x2d e:/nueva carpeta/stm32cube/stm32cubeide/plugins/com.st.stm32cube.ide.mcu.externaltools.gnu-tools-for-stm32.9-2020-q2-update.win32_2.0.0.202105311346/tools/bin/../lib/gcc/arm-none-eabi/9.3.1/../../../../arm-none-eabi/lib/thumb/v7-m/nofp\libc_nano.a(lib_a-malloc.o)
 .ARM.attributes
                0x00000000000005b1       0x2d e:/nueva carpeta/stm32cube/stm32cubeide/plugins/com.st.stm32cube.ide.mcu.externaltools.gnu-tools-for-stm32.9-2020-q2-update.win32_2.0.0.202105311346/tools/bin/../lib/gcc/arm-none-eabi/9.3.1/../../../../arm-none-eabi/lib/thumb/v7-m/nofp\libc_nano.a(lib_a-memcpy-stub.o)
 .ARM.attributes
                0x00000000000005de       0x2d e:/nueva carpeta/stm32cube/stm32cubeide/plugins/com.st.stm32cube.ide.mcu.externaltools.gnu-tools-for-stm32.9-2020-q2-update.win32_2.0.0.202105311346/tools/bin/../lib/gcc/arm-none-eabi/9.3.1/../../../../arm-none-eabi/lib/thumb/v7-m/nofp\libc_nano.a(lib_a-memset.o)
 .ARM.attributes
                0x000000000000060b       0x2d e:/nueva carpeta/stm32cube/stm32cubeide/plugins/com.st.stm32cube.ide.mcu.externaltools.gnu-tools-for-stm32.9-2020-q2-update.win32_2.0.0.202105311346/tools/bin/../lib/gcc/arm-none-eabi/9.3.1/../../../../arm-none-eabi/lib/thumb/v7-m/nofp\libc_nano.a(lib_a-nano-freer.o)
 .ARM.attributes
                0x0000000000000638       0x2d e:/nueva carpeta/stm32cube/stm32cubeide/plugins/com.st.stm32cube.ide.mcu.externaltools.gnu-tools-for-stm32.9-2020-q2-update.win32_2.0.0.202105311346/tools/bin/../lib/gcc/arm-none-eabi/9.3.1/../../../../arm-none-eabi/lib/thumb/v7-m/nofp\libc_nano.a(lib_a-nano-mallocr.o)
 .ARM.attributes
                0x0000000000000665       0x2d e:/nueva carpeta/stm32cube/stm32cubeide/plugins/com.st.stm32cube.ide.mcu.externaltools.gnu-tools-for-stm32.9-2020-q2-update.win32_2.0.0.202105311346/tools/bin/../lib/gcc/arm-none-eabi/9.3.1/../../../../arm-none-eabi/lib/thumb/v7-m/nofp\libc_nano.a(lib_a-sbrkr.o)
 .ARM.attributes
                0x0000000000000692       0x2d e:/nueva carpeta/stm32cube/stm32cubeide/plugins/com.st.stm32cube.ide.mcu.externaltools.gnu-tools-for-stm32.9-2020-q2-update.win32_2.0.0.202105311346/tools/bin/../lib/gcc/arm-none-eabi/9.3.1/../../../../arm-none-eabi/lib/thumb/v7-m/nofp\libc_nano.a(lib_a-sprintf.o)
 .ARM.attributes
                0x00000000000006bf       0x2d e:/nueva carpeta/stm32cube/stm32cubeide/plugins/com.st.stm32cube.ide.mcu.externaltools.gnu-tools-for-stm32.9-2020-q2-update.win32_2.0.0.202105311346/tools/bin/../lib/gcc/arm-none-eabi/9.3.1/../../../../arm-none-eabi/lib/thumb/v7-m/nofp\libc_nano.a(lib_a-mlock.o)
 .ARM.attributes
                0x00000000000006ec       0x2d e:/nueva carpeta/stm32cube/stm32cubeide/plugins/com.st.stm32cube.ide.mcu.externaltools.gnu-tools-for-stm32.9-2020-q2-update.win32_2.0.0.202105311346/tools/bin/../lib/gcc/arm-none-eabi/9.3.1/../../../../arm-none-eabi/lib/thumb/v7-m/nofp\libc_nano.a(lib_a-nano-svfprintf.o)
 .ARM.attributes
                0x0000000000000719       0x2d e:/nueva carpeta/stm32cube/stm32cubeide/plugins/com.st.stm32cube.ide.mcu.externaltools.gnu-tools-for-stm32.9-2020-q2-update.win32_2.0.0.202105311346/tools/bin/../lib/gcc/arm-none-eabi/9.3.1/../../../../arm-none-eabi/lib/thumb/v7-m/nofp\libc_nano.a(lib_a-nano-vfprintf_i.o)
 .ARM.attributes
                0x0000000000000746       0x2d e:/nueva carpeta/stm32cube/stm32cubeide/plugins/com.st.stm32cube.ide.mcu.externaltools.gnu-tools-for-stm32.9-2020-q2-update.win32_2.0.0.202105311346/tools/bin/../lib/gcc/arm-none-eabi/9.3.1/../../../../arm-none-eabi/lib/thumb/v7-m/nofp\libc_nano.a(lib_a-reent.o)
 .ARM.attributes
                0x0000000000000773       0x2d e:/nueva carpeta/stm32cube/stm32cubeide/plugins/com.st.stm32cube.ide.mcu.externaltools.gnu-tools-for-stm32.9-2020-q2-update.win32_2.0.0.202105311346/tools/bin/../lib/gcc/arm-none-eabi/9.3.1/../../../../arm-none-eabi/lib/thumb/v7-m/nofp\libc_nano.a(lib_a-lock.o)
 .ARM.attributes
                0x00000000000007a0       0x2d e:/nueva carpeta/stm32cube/stm32cubeide/plugins/com.st.stm32cube.ide.mcu.externaltools.gnu-tools-for-stm32.9-2020-q2-update.win32_2.0.0.202105311346/tools/bin/../lib/gcc/arm-none-eabi/9.3.1/../../../../arm-none-eabi/lib/thumb/v7-m/nofp\libc_nano.a(lib_a-memchr-stub.o)
 .ARM.attributes
                0x00000000000007cd       0x2d e:/nueva carpeta/stm32cube/stm32cubeide/plugins/com.st.stm32cube.ide.mcu.externaltools.gnu-tools-for-stm32.9-2020-q2-update.win32_2.0.0.202105311346/tools/bin/../lib/gcc/arm-none-eabi/9.3.1/../../../../arm-none-eabi/lib/thumb/v7-m/nofp\libc_nano.a(lib_a-memmove.o)
 .ARM.attributes
                0x00000000000007fa       0x2d e:/nueva carpeta/stm32cube/stm32cubeide/plugins/com.st.stm32cube.ide.mcu.externaltools.gnu-tools-for-stm32.9-2020-q2-update.win32_2.0.0.202105311346/tools/bin/../lib/gcc/arm-none-eabi/9.3.1/../../../../arm-none-eabi/lib/thumb/v7-m/nofp\libc_nano.a(lib_a-nano-reallocr.o)
 .ARM.attributes
                0x0000000000000827       0x2d e:/nueva carpeta/stm32cube/stm32cubeide/plugins/com.st.stm32cube.ide.mcu.externaltools.gnu-tools-for-stm32.9-2020-q2-update.win32_2.0.0.202105311346/tools/bin/../lib/gcc/arm-none-eabi/9.3.1/../../../../arm-none-eabi/lib/thumb/v7-m/nofp\libc_nano.a(lib_a-nano-msizer.o)
 .ARM.attributes
                0x0000000000000854       0x1d e:/nueva carpeta/stm32cube/stm32cubeide/plugins/com.st.stm32cube.ide.mcu.externaltools.gnu-tools-for-stm32.9-2020-q2-update.win32_2.0.0.202105311346/tools/bin/../lib/gcc/arm-none-eabi/9.3.1/thumb/v7-m/nofp\libgcc.a(_arm_addsubsf3.o)
 .ARM.attributes
                0x0000000000000871       0x1d e:/nueva carpeta/stm32cube/stm32cubeide/plugins/com.st.stm32cube.ide.mcu.externaltools.gnu-tools-for-stm32.9-2020-q2-update.win32_2.0.0.202105311346/tools/bin/../lib/gcc/arm-none-eabi/9.3.1/thumb/v7-m/nofp\libgcc.a(_arm_muldivsf3.o)
 .ARM.attributes
                0x000000000000088e       0x1d e:/nueva carpeta/stm32cube/stm32cubeide/plugins/com.st.stm32cube.ide.mcu.externaltools.gnu-tools-for-stm32.9-2020-q2-update.win32_2.0.0.202105311346/tools/bin/../lib/gcc/arm-none-eabi/9.3.1/thumb/v7-m/nofp\libgcc.a(_arm_cmpsf2.o)
 .ARM.attributes