contol.c:30:6:contol_step	32	static
contol.c:65:6:contol_initialize	4	static
main.c:158:10:funcion_linealizadora	32	static
main.c:180:6:HAL_GPIO_EXTI_Callback	32	static
main.c:243:6:Sentido	16	static
main.c:268:5:main	8	static
main.c:393:6:SystemClock_Config	72	static
main.c:432:13:MX_TIM1_Init	96	static
main.c:519:13:MX_TIM2_Init	32	static
main.c:564:13:MX_USART3_UART_Init	8	static
main.c:597:13:MX_GPIO_Init	40	static
main.c:672:6:StartModbus	32	static
main.c:708:6:StartADC	16	static
main.c:737:6:StartEncoders	32	static
main.c:796:6:StartControl	112	static
main.c:857:6:HAL_TIM_PeriodElapsedCallback	16	static
main.c:877:6:Error_Handler	4	static,ignoring_inline_asm
