main.c:163:6:HAL_GPIO_EXTI_Callback	32	static
main.c:226:6:Sentido	16	static
main.c:251:5:main	8	static
main.c:376:6:SystemClock_Config	88	static
main.c:422:13:MX_ADC1_Init	24	static
main.c:488:13:MX_TIM1_Init	96	static
main.c:575:13:MX_TIM2_Init	32	static
main.c:620:13:MX_USART3_UART_Init	8	static
main.c:651:13:MX_DMA_Init	16	static
main.c:669:13:MX_GPIO_Init	40	static
main.c:735:6:StartModbus	32	static
main.c:771:6:StartADC	16	static
main.c:800:6:StartEncoders	32	static
main.c:854:6:StartControl	120	static
main.c:910:6:HAL_TIM_PeriodElapsedCallback	16	static
main.c:929:6:Error_Handler	4	static,ignoring_inline_asm
