Modbus.c:119:6:RingAdd	16	static
Modbus.c:138:9:RingGetAllBytes	16	static
Modbus.c:144:9:RingGetNBytes	32	static
Modbus.c:162:9:RingCountBytes	16	static
Modbus.c:167:6:RingClear	16	static
Modbus.c:200:6:ModbusInit	24	static
Modbus.c:318:6:ModbusStart	16	static
Modbus.c:444:6:vTimerCallbackT35	32	static
Modbus.c:463:6:vTimerCallbackTimeout	24	static
Modbus.c:581:6:StartTaskModbusSlave	24	static
Modbus.c:742:6:ModbusQuery	16	static
Modbus.c:757:6:ModbusQueryInject	16	static
Modbus.c:777:8:SendQuery	24	static
Modbus.c:962:6:StartTaskModbusMaster	56	static
Modbus.c:1090:6:get_FC1	32	static
Modbus.c:1115:6:get_FC3	32	static
Modbus.c:1136:9:validateAnswer	24	static
Modbus.c:1191:9:getRxBuffer	24	static
Modbus.c:1232:9:validateRequest	24	static
Modbus.c:1337:10:word	24	static
Modbus.c:1355:10:calcCRC	32	static
Modbus.c:1388:6:buildException	24	static
Modbus.c:1414:13:sendTxBuffer	40	static
Modbus.c:1562:8:process_FC1	32	static
Modbus.c:1618:8:process_FC3	24	static
Modbus.c:1650:8:process_FC5	24	static
Modbus.c:1684:8:process_FC6	24	static
Modbus.c:1710:8:process_FC15	32	static
Modbus.c:1767:8:process_FC16	32	static
