stm32f1xx_it.c:73:6:NMI_Handler	4	static
stm32f1xx_it.c:88:6:HardFault_Handler	4	static
stm32f1xx_it.c:103:6:MemManage_Handler	4	static
stm32f1xx_it.c:118:6:BusFault_Handler	4	static
stm32f1xx_it.c:133:6:UsageFault_Handler	4	static
stm32f1xx_it.c:148:6:DebugMon_Handler	4	static
stm32f1xx_it.c:168:6:EXTI1_IRQHandler	8	static
stm32f1xx_it.c:182:6:EXTI2_IRQHandler	8	static
stm32f1xx_it.c:196:6:EXTI3_IRQHandler	8	static
stm32f1xx_it.c:210:6:EXTI4_IRQHandler	8	static
stm32f1xx_it.c:224:6:TIM2_IRQHandler	8	static
stm32f1xx_it.c:238:6:TIM4_IRQHandler	8	static
stm32f1xx_it.c:252:6:USART3_IRQHandler	8	static
